09-20 02:08:00.008  1966  2366 I AiAiEcho: Predicting[0]: 
09-20 02:08:00.008  1966  2366 I AiAiEcho: EchoTargets: 
09-20 02:08:00.008  1966  2366 I AiAiEcho: Filtered by AiAi flag check: 
09-20 02:08:00.008  1966  2366 I AiAiEcho: Ranked targets strategy: SORT, count: 0, ranking metadata: 
09-20 02:08:00.010  1966  2366 I AiAiEcho: #postPredictionTargets: Sending updates to UISurface lockscreen with targets# 0 (types=[])
09-20 02:08:00.013  1075  1163 D EGL_emulation: app_time_stats: avg=1151.93ms min=18.99ms max=4467.56ms count=4
09-20 02:08:00.015  1075  1075 W PageIndicator: Total number of pages invalid: 0. Assuming 1 page.
09-20 02:08:00.610 12795 12858 I appium  : AppiumResponse: {"sessionId":"917027dc-dee1-44e6-8fbe-baafe845497b","value":null}
09-20 02:08:00.626 12795 12858 I appium  : channel read: POST /session/917027dc-dee1-44e6-8fbe-baafe845497b/element
09-20 02:08:00.626 12795 12858 I appium  : FindElement command
09-20 02:08:00.627 12795 12858 I appium  : method: 'id', selector: 'com.saucelabs.mydemoapp.android:id/nameET'
09-20 02:08:00.628 12795 12858 I appium  : Waiting up to 10000ms for the device to idle
09-20 02:08:00.659 12795 12858 I appium  : AppiumResponse: {"sessionId":"917027dc-dee1-44e6-8fbe-baafe845497b","value":{"ELEMENT":"00000000-0000-0bb0-ffff-ffff0000017c","element-6066-11e4-a52e-4f735466cecf":"00000000-0000-0bb0-ffff-ffff0000017c"}}
09-20 02:08:00.674 12795 12858 I appium  : channel read: POST /session/917027dc-dee1-44e6-8fbe-baafe845497b/element/00000000-0000-0bb0-ffff-ffff0000017c/value
09-20 02:08:00.675 12795 12858 I appium  : SendKeysToElement command
09-20 02:08:00.710 12795 12858 I appium  : AppiumResponse: {"sessionId":"917027dc-dee1-44e6-8fbe-baafe845497b","value":null}
09-20 02:08:00.713  1807  1807 W AndroidSpellCheckerService: AndroidSpellCheckerService.initialize():82 initialize...
09-20 02:08:00.714  1807  1807 I ShortcutsDataManager: ShortcutsDataManager.onContentChanged():70 onContentChanged()
09-20 02:08:00.714  1807  1807 I ContactsDataManager: ContactsDataManager.onContentChanged():156 onContentChanged()
09-20 02:08:00.716  1807  1807 W AndroidSpellCheckerService: AndroidSpellCheckerService.initialize():94 initialize...done
09-20 02:08:00.726 12795 12858 I appium  : channel read: POST /session/917027dc-dee1-44e6-8fbe-baafe845497b/element
09-20 02:08:00.727 12795 12858 I appium  : FindElement command
09-20 02:08:00.729 12795 12858 I appium  : method: 'id', selector: 'com.saucelabs.mydemoapp.android:id/passwordET'
09-20 02:08:00.731 12795 12858 I appium  : Waiting up to 10000ms for the device to idle
09-20 02:08:01.254 12795 12858 I appium  : AppiumResponse: {"sessionId":"917027dc-dee1-44e6-8fbe-baafe845497b","value":{"ELEMENT":"00000000-0000-0bb0-ffff-ffff00000181","element-6066-11e4-a52e-4f735466cecf":"00000000-0000-0bb0-ffff-ffff00000181"}}
09-20 02:08:01.271 12795 12858 I appium  : channel read: POST /session/917027dc-dee1-44e6-8fbe-baafe845497b/element/00000000-0000-0bb0-ffff-ffff00000181/value
09-20 02:08:01.272 12795 12858 I appium  : SendKeysToElement command
09-20 02:08:01.274   599   717 D ActivityManager: freezing 7659 com.google.android.documentsui
09-20 02:08:01.277   599   717 D ActivityManager: freezing 30131 com.android.chrome
09-20 02:08:01.298 12795 12858 I appium  : AppiumResponse: {"sessionId":"917027dc-dee1-44e6-8fbe-baafe845497b","value":null}
09-20 02:08:01.312 12795 12858 I appium  : channel read: POST /session/917027dc-dee1-44e6-8fbe-baafe845497b/element
09-20 02:08:01.314 12795 12858 I appium  : FindElement command
09-20 02:08:01.315 12795 12858 I appium  : method: 'id', selector: 'com.saucelabs.mydemoapp.android:id/loginBtn'
09-20 02:08:01.316 12795 12858 I appium  : Waiting up to 10000ms for the device to idle
09-20 02:08:01.512   599   717 D ActivityManager: freezing 11642 com.google.android.permissioncontroller
09-20 02:08:01.569   198 12737 I keystore2: system/security/keystore2/src/watchdog.rs:319 - Watchdog thread idle -> terminating. Have a great day.
09-20 02:08:01.848 12795 12858 I appium  : AppiumResponse: {"sessionId":"917027dc-dee1-44e6-8fbe-baafe845497b","value":{"ELEMENT":"00000000-0000-0bb0-ffff-ffff00000186","element-6066-11e4-a52e-4f735466cecf":"00000000-0000-0bb0-ffff-ffff00000186"}}
09-20 02:08:01.863 12795 12858 I appium  : channel read: POST /session/917027dc-dee1-44e6-8fbe-baafe845497b/element/00000000-0000-0bb0-ffff-ffff00000186/click
09-20 02:08:01.864 12795 12858 I appium  : Click command
09-20 02:08:01.897  1415  1415 D TaplEvents: TIS / TouchInteractionService.onInputEvent: MotionEvent { action=ACTION_DOWN, actionButton=0, id[0]=0, x[0]=540.0, y[0]=1416.0, toolType[0]=TOOL_TYPE_FINGER, buttonState=0, classification=NONE, metaState=0, flags=0x0, edgeFlags=0x0, pointerCount=1, historySize=0, eventTime=109542241, downTime=109542241, deviceId=-1, source=0x1002, displayId=0, eventId=-472465564 }
09-20 02:08:01.910  1415  1415 D TaplEvents: TIS / TouchInteractionService.onInputEvent: MotionEvent { action=ACTION_UP, actionButton=0, id[0]=0, x[0]=540.0, y[0]=1416.0, toolType[0]=TOOL_TYPE_FINGER, buttonState=0, classification=NONE, metaState=0, flags=0x0, edgeFlags=0x0, pointerCount=1, historySize=0, eventTime=109542274, downTime=109542241, deviceId=-1, source=0x1002, displayId=0, eventId=-863442684 }
09-20 02:08:01.932   599  1142 D CompatibilityChangeReporter: Compat change id reported: 265464455; UID 10183; state: DISABLED
09-20 02:08:01.933   599  1142 D CompatibilityChangeReporter: Compat change id reported: 265452344; UID 10183; state: DISABLED
09-20 02:08:01.935 12874 12907 D EGL_emulation: app_time_stats: avg=796.83ms min=585.91ms max=1185.14ms count=3
09-20 02:08:01.938   445 13597 D audioserver: FGS Logger Transaction failed
09-20 02:08:01.939   445 13597 D audioserver: -129
09-20 02:08:01.941   599  1142 D CompatibilityChangeReporter: Compat change id reported: 266124927; UID 10183; state: DISABLED
09-20 02:08:01.942   599  1142 D CompatibilityChangeReporter: Compat change id reported: 265451093; UID 10183; state: DISABLED
09-20 02:08:01.945   599  1142 D CompatibilityChangeReporter: Compat change id reported: 265456536; UID 10183; state: DISABLED
09-20 02:08:01.945   599  1142 D CompatibilityChangeReporter: Compat change id reported: 255940284; UID 10183; state: DISABLED
09-20 02:08:01.946   599  1142 D CompatibilityChangeReporter: Compat change id reported: 236283604; UID 10183; state: DISABLED
09-20 02:08:01.948 12795 12858 W GestureController: Gestures took longer than expected (73ms >> 16ms), device might be in a busy state.
09-20 02:08:01.948 12795 12858 I appium  : Waiting up to 10000ms for the device to idle
09-20 02:08:01.948   599  1142 D CompatibilityChangeReporter: Compat change id reported: 263959004; UID 10183; state: DISABLED
09-20 02:08:01.949   599  1142 D CompatibilityChangeReporter: Compat change id reported: 264304459; UID 10183; state: DISABLED
09-20 02:08:01.951   599  1142 D CompatibilityChangeReporter: Compat change id reported: 264301586; UID 10183; state: DISABLED
09-20 02:08:01.951   599  1142 D CompatibilityChangeReporter: Compat change id reported: 254631730; UID 10183; state: DISABLED
09-20 02:08:01.952 12795 12858 I appium  : AppiumResponse: {"sessionId":"917027dc-dee1-44e6-8fbe-baafe845497b","value":null}
09-20 02:08:01.954   599  1142 D CompatibilityChangeReporter: Compat change id reported: 273509367; UID 10183; state: DISABLED
09-20 02:08:01.954   445   554 D AudioFlinger: mixer(0x77c371c10930) throttle end: throttle time(11)
09-20 02:08:01.955   599  1142 D CompatibilityChangeReporter: Compat change id reported: 263259275; UID 10183; state: DISABLED
09-20 02:08:01.956   599  1142 D CompatibilityChangeReporter: Compat change id reported: 174042980; UID 10183; state: DISABLED
09-20 02:08:01.958   599  1142 D CompatibilityChangeReporter: Compat change id reported: 174042936; UID 10183; state: DISABLED
09-20 02:08:01.960   599  1142 D CompatibilityChangeReporter: Compat change id reported: 181136395; UID 10183; state: DISABLED
09-20 02:08:01.962   599  1142 D CompatibilityChangeReporter: Compat change id reported: 194480991; UID 10183; state: ENABLED
09-20 02:08:01.967   599  1142 D CompatibilityChangeReporter: Compat change id reported: 184838306; UID 10183; state: DISABLED
09-20 02:08:01.967   599  1142 D CompatibilityChangeReporter: Compat change id reported: 185004937; UID 10183; state: DISABLED
09-20 02:08:01.970   599  1142 V SplashScreenExceptionList: SplashScreen checking exception for package com.saucelabs.mydemoapp.android (target sdk:31) -> false
09-20 02:08:01.971   599  1142 D CompatibilityChangeReporter: Compat change id reported: 205907456; UID 10183; state: DISABLED
09-20 02:08:01.975 12795 12858 I appium  : channel read: POST /session/917027dc-dee1-44e6-8fbe-baafe845497b/element
09-20 02:08:01.977   599  1142 D CompatibilityChangeReporter: Compat change id reported: 194833441; UID 10183; state: DISABLED
09-20 02:08:01.978 12795 12858 I appium  : FindElement command
09-20 02:08:01.978   599  1142 I ActivityTaskManager: START u0 {flg=0x14008000 cmp=com.saucelabs.mydemoapp.android/.view.activities.MainActivity} with LAUNCH_MULTIPLE from uid 10183 (BAL_ALLOW_VISIBLE_WINDOW) result code=0
09-20 02:08:01.979  1075  1119 V WindowManagerShell: Transition requested: android.os.BinderProxy@b1bb657 TransitionRequestInfo { type = OPEN, triggerTask = TaskInfo{userId=0 taskId=211 displayId=0 isRunning=true baseIntent=Intent { act=android.intent.action.MAIN cat=[android.intent.category.LAUNCHER] flg=0x10200000 cmp=com.saucelabs.mydemoapp.android/.view.activities.SplashActivity } baseActivity=ComponentInfo{com.saucelabs.mydemoapp.android/com.saucelabs.mydemoapp.android.view.activities.MainActivity} topActivity=ComponentInfo{com.saucelabs.mydemoapp.android/com.saucelabs.mydemoapp.android.view.activities.MainActivity} origActivity=null realActivity=ComponentInfo{com.saucelabs.mydemoapp.android/com.saucelabs.mydemoapp.android.view.activities.SplashActivity} numActivities=1 lastActiveTime=109542333 supportsMultiWindow=true resizeMode=1 isResizeable=true minWidth=-1 minHeight=-1 defaultMinSize=220 token=WCT{android.window.IWindowContainerToken$Stub$Proxy@aa55544} topActivityType=1 pictureInPictureParams=null shouldDockBigOverlays=false launchIntoPipHostTaskId=-1 lastParentTaskIdBeforePip=-1 displayCutoutSafeInsets=null topActivityInfo=ActivityInfo{ef8362d com.saucelabs.mydemoapp.android.view.activities.MainActivity} launchCookies=[] positionInParent=Point(0, 0) parentTaskId=-1 isFocused=true isVisible=true isVisibleRequested=false isSleeping=false topActivityInSizeCompat=false topActivityEligibleForLetterboxEducation= false topActivityLetterboxed= false isFromDoubleTap= false topActivityLetterboxVerticalPosition= -1 topActivityLetterboxHorizontalPosition= -1 topActivityLetterboxWidth=-1 topActivityLetterboxHeight=-1 locusId=null displayAreaFeatureId=1 cameraCompatControlState=hidden}, remoteTransition = null, displayChange = null }
09-20 02:08:01.979 12795 12858 I appium  : method: 'xpath', selector: '(//android.widget.ImageView[@content-desc='Product Image'])[1]'
09-20 02:08:01.980  1075  1134 D SplashScreenView: Build android.window.SplashScreenView{3fef762 V.E...... ......ID 0,0-0,0}
09-20 02:08:01.980  1075  1134 D SplashScreenView: Icon: view: null drawable: null size: 0
09-20 02:08:01.980  1075  1134 D SplashScreenView: Branding: view: android.view.View{abb60f3 G.ED..... ......I. 0,0-0,0 #10204ef android:id/splashscreen_branding_view} drawable: null size w: 0 h: 0
09-20 02:08:01.983 12795 12858 I appium  : Waiting up to 10000ms for the device to idle
09-20 02:08:01.988   599  2236 D CompatibilityChangeReporter: Compat change id reported: 168419799; UID 10183; state: DISABLED
09-20 02:08:01.989   599  2236 D CompatibilityChangeReporter: Compat change id reported: 273564678; UID 10183; state: DISABLED
09-20 02:08:01.995 12795 12858 I appium  : The following attributes will be included to the page source: [content-desc]
09-20 02:08:02.016 12874 12874 W WindowOnBackDispatcher: sendCancelIfRunning: isInProgress=falsecallback=android.view.ViewRootImpl$$ExternalSyntheticLambda17@1e31a3e
09-20 02:08:02.019   599  2236 D CoreBackPreview: Window{c9436d4 u0 Splash Screen com.saucelabs.mydemoapp.android}: Setting back callback OnBackInvokedCallbackInfo{mCallback=android.window.IOnBackInvokedCallback$Stub$Proxy@467ec40, mPriority=0, mIsAnimationCallback=false}
09-20 02:08:02.022   599  2899 D CoreBackPreview: Window{662b8a1 u0 com.saucelabs.mydemoapp.android/com.saucelabs.mydemoapp.android.view.activities.MainActivity}: Setting back callback null
09-20 02:08:02.026  1075  1163 E OpenGLRenderer: Unable to match the desired swap behavior.
09-20 02:08:02.029 12874 12884 W demoapp.android: Suspending all threads took: 5.422ms
09-20 02:08:02.034 12874 12884 I demoapp.android: Background concurrent copying GC freed 2934(205KB) AllocSpace objects, 3(204KB) LOS objects, 27% free, 62MB/86MB, paused 1.766ms,5.775ms total 86.427ms
09-20 02:08:02.038   599  2236 W InputManager-JNI: Input channel object '662b8a1 com.saucelabs.mydemoapp.android/com.saucelabs.mydemoapp.android.view.activities.MainActivity (client)' was disposed without first being removed with the input manager!
09-20 02:08:02.049   599   643 W UsageStatsService: Unexpected activity event reported! (com.saucelabs.mydemoapp.android/com.saucelabs.mydemoapp.android.view.activities.MainActivity event : 23 instanceId : 79904955)
09-20 02:08:02.063   599   632 V WindowManager: Sent Transition #935 createdAt=09-20 02:08:01.963 via request=TransitionRequestInfo { type = OPEN, triggerTask = TaskInfo{userId=0 taskId=211 displayId=0 isRunning=true baseIntent=Intent { act=android.intent.action.MAIN cat=[android.intent.category.LAUNCHER] flg=0x10200000 cmp=com.saucelabs.mydemoapp.android/.view.activities.SplashActivity } baseActivity=ComponentInfo{com.saucelabs.mydemoapp.android/com.saucelabs.mydemoapp.android.view.activities.MainActivity} topActivity=ComponentInfo{com.saucelabs.mydemoapp.android/com.saucelabs.mydemoapp.android.view.activities.MainActivity} origActivity=null realActivity=ComponentInfo{com.saucelabs.mydemoapp.android/com.saucelabs.mydemoapp.android.view.activities.SplashActivity} numActivities=1 lastActiveTime=109542333 supportsMultiWindow=true resizeMode=1 isResizeable=true minWidth=-1 minHeight=-1 defaultMinSize=220 token=WCT{RemoteToken{a1fb806 Task{3623473 #211 type=standard A=10183:com.saucelabs.mydemoapp.android}}} topActivityType=1 pictureInPictureParams=null shouldDockBigOverlays=false launchIntoPipHostTaskId=-1 lastParentTaskIdBeforePip=-1 displayCutoutSafeInsets=null topActivityInfo=ActivityInfo{91fe235 com.saucelabs.mydemoapp.android.view.activities.MainActivity} launchCookies=[] positionInParent=Point(0, 0) parentTaskId=-1 isFocused=true isVisible=true isVisibleRequested=false isSleeping=false topActivityInSizeCompat=false topActivityEligibleForLetterboxEducation= false topActivityLetterboxed= false isFromDoubleTap= false topActivityLetterboxVerticalPosition= -1 topActivityLetterboxHorizontalPosition= -1 topActivityLetterboxWidth=-1 topActivityLetterboxHeight=-1 locusId=null displayAreaFeatureId=1 cameraCompatControlState=hidden}, remoteTransition = null, displayChange = null }
09-20 02:08:02.063   599   632 V WindowManager:     startWCT=WindowContainerTransaction { changes = {} hops = [] errorCallbackToken=null taskFragmentOrganizer=null }
09-20 02:08:02.064   599   632 V WindowManager:     info={id=935 t=OPEN f=0x0 trk=0 r=[0@Point(0, 0)] c=[{null m=OPEN f=FILLS_TASK|IS_BEHIND_STARTING_WINDOW leash=Surface(name=ActivityRecord{1c2b141 u0 com.saucelabs.mydemoapp.android/.view.activities.MainActivity)/@0x13d311f sb=Rect(0, 0 - 0, 0) eb=Rect(0, 0 - 1080, 2220) d=-1->0 r=-1->0:-1},{null m=CLOSE f=FILLS_TASK|IS_BEHIND_STARTING_WINDOW leash=Surface(name=ActivityRecord{18bb403 u0 com.saucelabs.mydemoapp.android/.view.activities.MainActivity)/@0x7bc5fba sb=Rect(0, 0 - 1080, 2220) eb=Rect(0, 0 - 1080, 2220) d=0}]}
09-20 02:08:02.065  1075  1119 V WindowManagerShell: onTransitionReady android.os.BinderProxy@b1bb657: {id=935 t=OPEN f=0x0 trk=0 r=[0@Point(0, 0)] c=[{null m=OPEN f=FILLS_TASK|IS_BEHIND_STARTING_WINDOW leash=Surface(name=ActivityRecord{1c2b141 u0 com.saucelabs.mydemoapp.android/.view.activities.MainActivity)/@0x44e9361 sb=Rect(0, 0 - 0, 0) eb=Rect(0, 0 - 1080, 2220) d=-1->0 r=-1->0:-1},{null m=CLOSE f=FILLS_TASK|IS_BEHIND_STARTING_WINDOW leash=Surface(name=ActivityRecord{18bb403 u0 com.saucelabs.mydemoapp.android/.view.activities.MainActivity)/@0x4627e86 sb=Rect(0, 0 - 1080, 2220) eb=Rect(0, 0 - 1080, 2220) d=0}]}
09-20 02:08:02.065  1075  1119 V WindowManagerShell: Playing animation for (#935)android.os.BinderProxy@b1bb657@0
09-20 02:08:02.066  1075  1119 V WindowManagerShell:  try handler com.android.wm.shell.transition.DefaultMixedHandler@a1de1ae
09-20 02:08:02.066  1075  1119 V WindowManagerShell:  try handler com.android.wm.shell.keyguard.KeyguardTransitionHandler@4104b4f
09-20 02:08:02.067  1075  1119 V WindowManagerShell:  try handler com.android.wm.shell.activityembedding.ActivityEmbeddingController@ffc52dc
09-20 02:08:02.067  1075  1119 V WindowManagerShell:  try handler com.android.wm.shell.recents.RecentsTransitionHandler@1d67fe5
09-20 02:08:02.067  1075  1119 V ShellRecents: RecentsTransitionHandler.startAnimation: no controller found
09-20 02:08:02.068  1075  1119 V WindowManagerShell:  try handler com.android.wm.shell.pip.PipTransition@36a6aba
09-20 02:08:02.068  1075  1119 V WindowManagerShell:  try handler com.android.wm.shell.splitscreen.StageCoordinator@6b04d6b
09-20 02:08:02.068  1075  1119 V WindowManagerShell:  try handler com.android.wm.shell.transition.RemoteTransitionHandler@c69c0c8
09-20 02:08:02.068  1075  1119 V WindowManagerShell: Transition doesn't have explicit remote, search filters for match for {id=935 t=OPEN f=0x0 trk=0 r=[0@Point(0, 0)] c=[{null m=OPEN f=FILLS_TASK|IS_BEHIND_STARTING_WINDOW leash=Surface(name=ActivityRecord{1c2b141 u0 com.saucelabs.mydemoapp.android/.view.activities.MainActivity)/@0x44e9361 sb=Rect(0, 0 - 0, 0) eb=Rect(0, 0 - 1080, 2220) d=-1->0 r=-1->0:-1},{null m=CLOSE f=FILLS_TASK|IS_BEHIND_STARTING_WINDOW leash=Surface(name=ActivityRecord{18bb403 u0 com.saucelabs.mydemoapp.android/.view.activities.MainActivity)/@0x4627e86 sb=Rect(0, 0 - 1080, 2220) eb=Rect(0, 0 - 1080, 2220) d=0}]}
09-20 02:08:02.069  1075  1119 V WindowManagerShell:  Checking filter Pair{{types=[] flags=0x0] notFlags=0x0 checks=[{atype=dream independent=true modes=[OPEN,TO_FRONT] flags=NONE mustBeTask=false order=ANY topActivity=null},{atype=home independent=true modes=[CLOSE,TO_BACK] flags=NONE mustBeTask=false order=ANY topActivity=null}]} RemoteTransition { remoteTransition = android.window.IRemoteTransition$Stub$Proxy@4f98b1a, appThread = android.app.IApplicationThread$Stub$Proxy@6be564b, debugName = LauncherToDream }}
09-20 02:08:02.070  1075  1119 V WindowManagerShell:  Checking filter Pair{{types=[] flags=0x0] notFlags=0x100 checks=[{atype=home independent=true modes=[OPEN,TO_FRONT] flags=NONE mustBeTask=false order=TOP topActivity=ComponentInfo{com.google.android.apps.nexuslauncher/com.google.android.apps.nexuslauncher.NexusLauncherActivity}},{atype=standard independent=true modes=[CLOSE,TO_BACK] flags=NONE mustBeTask=false order=ANY topActivity=null}]} RemoteTransition { remoteTransition = android.window.IRemoteTransition$Stub$Proxy@657c828, appThread = android.app.IApplicationThread$Stub$Proxy@94c9941, debugName = QuickstepLaunchHome }}
09-20 02:08:02.070  1075  1119 V WindowManagerShell:  Delegate animation for #935 to null
09-20 02:08:02.070  1075  1119 V WindowManagerShell:  try handler com.android.wm.shell.transition.DefaultTransitionHandler@4743561
09-20 02:08:02.070  1075  1119 V WindowManagerShell: start default transition animation, info = {id=935 t=OPEN f=0x0 trk=0 r=[0@Point(0, 0)] c=[{null m=OPEN f=FILLS_TASK|IS_BEHIND_STARTING_WINDOW leash=Surface(name=ActivityRecord{1c2b141 u0 com.saucelabs.mydemoapp.android/.view.activities.MainActivity)/@0x44e9361 sb=Rect(0, 0 - 0, 0) eb=Rect(0, 0 - 1080, 2220) d=-1->0 r=-1->0:-1},{null m=CLOSE f=FILLS_TASK|IS_BEHIND_STARTING_WINDOW leash=Surface(name=ActivityRecord{18bb403 u0 com.saucelabs.mydemoapp.android/.view.activities.MainActivity)/@0x4627e86 sb=Rect(0, 0 - 1080, 2220) eb=Rect(0, 0 - 1080, 2220) d=0}]}
09-20 02:08:02.071  1075  1119 V WindowManagerShell: loadAnimation: anim=android.view.animation.AnimationSet@fe6ce3 animAttr=0x5 type=OPEN isEntrance=false
09-20 02:08:02.077   451   451 I BpBinder: onLastStrongRef automatically unlinking death recipients: 
09-20 02:08:02.110   445   554 D audioserver: FGS Logger Transaction failed
09-20 02:08:02.110   445   554 D audioserver: -129
09-20 02:08:02.114  1075  1119 V WindowManagerShell: loadAnimation: anim=android.view.animation.AnimationSet@6a0f43f animAttr=0x4 type=OPEN isEntrance=true
09-20 02:08:02.144 12874 12874 D AppDatabase: Getting the database instance
09-20 02:08:02.144 12874 12874 D AppDatabase: Getting the database instance
09-20 02:08:02.148  1075  1119 V WindowManagerShell:  animated by com.android.wm.shell.transition.DefaultTransitionHandler@4743561
09-20 02:08:02.150  1075  1119 W Looper  : Slow dispatch took 84ms wmshell.main h=android.os.Handler c=com.android.wm.shell.transition.Transitions$TransitionPlayerImpl$$ExternalSyntheticLambda0@cf21c6a m=0
09-20 02:08:02.151  1075  1119 W Looper  : Slow delivery took 56ms wmshell.main h=android.os.Handler c=null m=19
09-20 02:08:02.167  1075  1119 W Looper  : Drained
09-20 02:08:02.191   599  2236 D CoreBackPreview: Window{f8dc03b u0 com.saucelabs.mydemoapp.android/com.saucelabs.mydemoapp.android.view.activities.MainActivity}: Setting back callback OnBackInvokedCallbackInfo{mCallback=android.window.IOnBackInvokedCallback$Stub$Proxy@c376596, mPriority=0, mIsAnimationCallback=false}
09-20 02:08:02.219 12874 12907 E OpenGLRenderer: Unable to match the desired swap behavior.
09-20 02:08:02.219  1075  1163 D EGL_emulation: app_time_stats: avg=2205.96ms min=2205.96ms max=2205.96ms count=1
09-20 02:08:02.228 12874 12874 W RecyclerView: No adapter attached; skipping layout
09-20 02:08:02.354   599   632 I ActivityTaskManager: Displayed com.saucelabs.mydemoapp.android/.view.activities.MainActivity for user 0: +414ms
09-20 02:08:02.376  1075  1163 D EGL_emulation: app_time_stats: avg=883.29ms min=7.31ms max=6109.16ms count=7
09-20 02:08:02.380  1075  1163 E OpenGLRenderer: Unable to match the desired swap behavior.
09-20 02:08:02.537   599   599 W AccessibilityManagerService:  wait for adding window timeout: 2993
09-20 02:08:02.614  1075  1119 V WindowManagerShell: Transition animation finished (aborted=false), notifying core (#935)android.os.BinderProxy@b1bb657@0
09-20 02:08:02.617   599   632 V WindowManager: Finish Transition #935: created at 09-20 02:08:01.963 collect-started=0.15ms request-sent=11.112ms started=20.287ms ready=95.13ms sent=98.943ms finished=653.249ms
09-20 02:08:02.621  1075  1119 V WindowManagerShell: Track 0 became idle
09-20 02:08:02.621  1075  1119 V WindowManagerShell: All active transition animations finished
09-20 02:08:02.694  1075  1133 W WindowOnBackDispatcher: sendCancelIfRunning: isInProgress=falsecallback=android.view.ViewRootImpl$$ExternalSyntheticLambda17@f5927ae
09-20 02:08:02.695   599  2899 D CoreBackPreview: Window{c9436d4 u0 Splash Screen com.saucelabs.mydemoapp.android EXITING}: Setting back callback null
09-20 02:08:02.699   599  2899 W InputManager-JNI: Input channel object 'c9436d4 Splash Screen com.saucelabs.mydemoapp.android (client)' was disposed without first being removed with the input manager!
09-20 02:08:02.965 12874 12874 I Choreographer: Skipped 34 frames!  The application may be doing too much work on its main thread.
09-20 02:08:02.976 12874 12874 D AutofillManager: onActivityFinishing(): calling cancelLocked()
09-20 02:08:02.983 12874 12874 W WindowOnBackDispatcher: sendCancelIfRunning: isInProgress=falsecallback=android.view.ViewRootImpl$$ExternalSyntheticLambda17@358ee09
09-20 02:08:02.986   599  2236 D CoreBackPreview: Window{d7853ac u0 com.saucelabs.mydemoapp.android/com.saucelabs.mydemoapp.android.view.activities.MainActivity}: Setting back callback null
09-20 02:08:02.987 12874 12889 I OpenGLRenderer: Davey! duration=776ms; Flags=0, FrameTimelineVsyncId=1880341, IntendedVsync=109542559128008, Vsync=109542725794668, InputEventId=0, HandleInputStart=109542729812700, AnimationStart=109542729836300, PerformTraversalsStart=109542730112800, DrawStart=109543312513000, FrameDeadline=109542725794668, FrameInterval=109542727332900, FrameStartTime=16666666, SyncQueued=109543327477400, SyncStart=109543327825000, IssueDrawCommandsStart=109543328404800, SwapBuffers=109543329469400, FrameCompleted=109543335866100, DequeueBufferDuration=47600, QueueBufferDuration=990900, GpuCompleted=109543335644300, SwapBuffersCompleted=109543335866100, DisplayPresentTime=0, CommandSubmissionCompleted=109543329469400, 
09-20 02:08:02.995   599  2899 W InputManager-JNI: Input channel object 'd7853ac com.saucelabs.mydemoapp.android/com.saucelabs.mydemoapp.android.view.activities.MainActivity (client)' was disposed without first being removed with the input manager!
09-20 02:08:03.008   599  1143 I ImeTracker: com.saucelabs.mydemoapp.android:24d16d45: onRequestHide at ORIGIN_SERVER_HIDE_INPUT reason HIDE_STATE_HIDDEN_FORWARD_NAV
09-20 02:08:03.014   599  1143 I ImeTracker: com.saucelabs.mydemoapp.android:24d16d45: onCancelled at PHASE_SERVER_SHOULD_HIDE
09-20 02:08:03.016  1807  1807 I GoogleInputMethodService: GoogleInputMethodService.onFinishInput():3227 
09-20 02:08:03.021  1807  1807 I GoogleInputMethodService: GoogleInputMethodService.updateDeviceLockedStatus():2087 repeatCheckTimes = 0, unlocked = true
09-20 02:08:03.022  1807  1807 I GoogleInputMethodService: GoogleInputMethodService.onStartInput():1877 onStartInput(EditorInfo{inputType=0x0(NULL) imeOptions=0x0 privateImeOptions=null actionName=UNSPECIFIED actionLabel=null actionId=0 initialSelStart=-1 initialSelEnd=-1 initialCapsMode=0x0 hintText=null label=null packageName=com.saucelabs.mydemoapp.android fieldId=0 fieldName=null extras=null}, false)
09-20 02:08:03.022  1807  1807 I GoogleInputMethodService: GoogleInputMethodService.shouldHideHeaderOnInitialState():4008 ShouldHideHeaderOnInitialState = false
09-20 02:08:03.024  1807  1807 I GoogleInputMethodService: GoogleInputMethodService.updateDeviceLockedStatus():2087 repeatCheckTimes = 2, unlocked = true
09-20 02:08:03.026  1807  1807 I ShortcutsDataManager: AbstractContentDataManager.startImportContentTask():234 startImportContentTask()
09-20 02:08:03.035  1807  2233 I ShortcutsDataManager: AbstractContentDataManager$ImportContentTask.doInBackground():248 doInBackground()
09-20 02:08:03.037  1807  2233 I PersonalDictionaryDataHandler: PersonalDictionaryDataHandler.beginProcess():111 LanguageTags = [en-US]
09-20 02:08:03.062  1807  2233 I ShortcutsDataManager: AbstractContentDataManager.importRecords():338 importRecords() : Success : Count = 0
09-20 02:08:03.066  1807  2233 I ShortcutsDataManager: AbstractContentDataManager.importContentData():288 importContentData() : Ending import process
09-20 02:08:03.067  1807  2610 I Delight5Decoder: Delight5DecoderWrapper.unloadLanguageModel():857 unloadLanguageModel() : 4, version [n/a]
09-20 02:08:03.099  1807  2233 I PersonalLanguageModelUpdater: PersonalLanguageModelUpdater$UpdateOperation.performInternal():162 run() : Added 0 words and 0 shortcuts
09-20 02:08:03.100  1807  2233 I DynamicLanguageModelOperation: DynamicLanguageModelOperation.perform():41 perform() : 4 : cje : Completed
09-20 02:08:03.100  1807  2610 I Delight5Decoder: Delight5DecoderWrapper.loadLanguageModel():649 loadLanguageModel() : 4, version [n/a]
09-20 02:08:03.102  1807  2610 I Delight5Decoder: Delight5DecoderWrapper.loadLanguageModel():690 Loaded dynamic LM 4.en
09-20 02:08:03.104  1807  1807 I ShortcutsDataManager: AbstractContentDataManager$ImportContentTask.onPostExecute():259 onPostExecute() : Result = [2,0]
09-20 02:08:03.105  1807  1807 I ShortcutsDataManager: ShortcutsDataManager.onImportFinished():80 onImportFinished() : Result = 2 : Count = 0
09-20 02:08:03.380  1075  1163 D EGL_emulation: app_time_stats: avg=11.05ms min=1.78ms max=49.74ms count=49
09-20 02:08:03.488 12795 12858 I appium  : Took 1ms to retrieve 1 matches for '(//android.widget.ImageView[@content-desc='Product Image'])[1]' XPath2 query
09-20 02:08:03.494 12795 12858 I appium  : AppiumResponse: {"sessionId":"917027dc-dee1-44e6-8fbe-baafe845497b","value":{"ELEMENT":"00000000-0000-0bb2-ffff-ffff00000212","element-6066-11e4-a52e-4f735466cecf":"00000000-0000-0bb2-ffff-ffff00000212"}}
09-20 02:08:03.514 12795 12858 I appium  : channel read: POST /session/917027dc-dee1-44e6-8fbe-baafe845497b/element/00000000-0000-0bb2-ffff-ffff00000212/click
09-20 02:08:03.515 12795 12858 I appium  : Click command
09-20 02:08:03.538   599  4370 E TaskPersister: File error accessing recents directory (directory doesn't exist?).
09-20 02:08:03.583  1415  1415 D TaplEvents: TIS / TouchInteractionService.onInputEvent: MotionEvent { action=ACTION_DOWN, actionButton=0, id[0]=0, x[0]=286.0, y[0]=749.0, toolType[0]=TOOL_TYPE_FINGER, buttonState=0, classification=NONE, metaState=0, flags=0x0, edgeFlags=0x0, pointerCount=1, historySize=0, eventTime=109543933, downTime=109543933, deviceId=-1, source=0x1002, displayId=0, eventId=-572942881 }
09-20 02:08:03.592 12874 12874 D AutofillManager: Fill dialog is enabled:false, hints=[password, passwordAuto, creditCardNumber, creditCardSecurityCode, creditCardExpirationDate]
09-20 02:08:03.595  1415  1415 D TaplEvents: TIS / TouchInteractionService.onInputEvent: MotionEvent { action=ACTION_UP, actionButton=0, id[0]=0, x[0]=286.0, y[0]=749.0, toolType[0]=TOOL_TYPE_FINGER, buttonState=0, classification=NONE, metaState=0, flags=0x0, edgeFlags=0x0, pointerCount=1, historySize=0, eventTime=109543959, downTime=109543933, deviceId=-1, source=0x1002, displayId=0, eventId=-709891629 }
09-20 02:08:03.603   445 13597 D audioserver: FGS Logger Transaction failed
09-20 02:08:03.603   445 13597 D audioserver: -129
09-20 02:08:03.608   599  2236 E Transition: Trying to add a ready-group twice: Display{#0 state=ON size=1080x2220 ROTATION_0}
09-20 02:08:03.609   599  2236 I ActivityTaskManager: START u0 {cmp=com.saucelabs.mydemoapp.android/.view.activities.MainActivity (has extras)} with LAUNCH_MULTIPLE from uid 10183 (BAL_ALLOW_VISIBLE_WINDOW) result code=0
09-20 02:08:03.609  1075  1119 V WindowManagerShell: Transition requested: android.os.BinderProxy@d856b2f TransitionRequestInfo { type = OPEN, triggerTask = TaskInfo{userId=0 taskId=211 displayId=0 isRunning=true baseIntent=Intent { act=android.intent.action.MAIN cat=[android.intent.category.LAUNCHER] flg=0x10200000 cmp=com.saucelabs.mydemoapp.android/.view.activities.SplashActivity } baseActivity=ComponentInfo{com.saucelabs.mydemoapp.android/com.saucelabs.mydemoapp.android.view.activities.MainActivity} topActivity=ComponentInfo{com.saucelabs.mydemoapp.android/com.saucelabs.mydemoapp.android.view.activities.MainActivity} origActivity=null realActivity=ComponentInfo{com.saucelabs.mydemoapp.android/com.saucelabs.mydemoapp.android.view.activities.SplashActivity} numActivities=2 lastActiveTime=109543974 supportsMultiWindow=true resizeMode=1 isResizeable=true minWidth=-1 minHeight=-1 defaultMinSize=220 token=WCT{android.window.IWindowContainerToken$Stub$Proxy@dd1253c} topActivityType=1 pictureInPictureParams=null shouldDockBigOverlays=false launchIntoPipHostTaskId=-1 lastParentTaskIdBeforePip=-1 displayCutoutSafeInsets=null topActivityInfo=ActivityInfo{3cd52c5 com.saucelabs.mydemoapp.android.view.activities.MainActivity} launchCookies=[] positionInParent=Point(0, 0) parentTaskId=-1 isFocused=true isVisible=true isVisibleRequested=true isSleeping=false topActivityInSizeCompat=false topActivityEligibleForLetterboxEducation= false topActivityLetterboxed= false isFromDoubleTap= false topActivityLetterboxVerticalPosition= -1 topActivityLetterboxHorizontalPosition= -1 topActivityLetterboxWidth=-1 topActivityLetterboxHeight=-1 locusId=null displayAreaFeatureId=1 cameraCompatControlState=hidden}, remoteTransition = null, displayChange = null }
09-20 02:08:03.632 12795 12858 W GestureController: Gestures took longer than expected (64ms >> 16ms), device might be in a busy state.
09-20 02:08:03.634 12795 12858 I appium  : Waiting up to 10000ms for the device to idle
09-20 02:08:03.640 12795 12858 I appium  : AppiumResponse: {"sessionId":"917027dc-dee1-44e6-8fbe-baafe845497b","value":null}
09-20 02:08:03.644   451   451 I BpBinder: onLastStrongRef automatically unlinking death recipients: 
09-20 02:08:03.665 12795 12858 I appium  : channel read: POST /session/917027dc-dee1-44e6-8fbe-baafe845497b/element
09-20 02:08:03.666 12795 12858 I appium  : FindElement command
09-20 02:08:03.667 12795 12858 I appium  : method: 'id', selector: 'com.saucelabs.mydemoapp.android:id/productTV'
09-20 02:08:03.668 12795 12858 I appium  : Waiting up to 10000ms for the device to idle
09-20 02:08:03.685 12874 12874 D CompatibilityChangeReporter: Compat change id reported: 171228096; UID 10183; state: ENABLED
09-20 02:08:03.758 12874 12874 D AppDatabase: Getting the database instance
09-20 02:08:03.759 12874 12874 D AppDatabase: Getting the database instance
09-20 02:08:03.779   445   554 D audioserver: FGS Logger Transaction failed
09-20 02:08:03.780   445   554 D audioserver: -129
09-20 02:08:03.798   599  1142 D CoreBackPreview: Window{cdc27c9 u0 com.saucelabs.mydemoapp.android/com.saucelabs.mydemoapp.android.view.activities.MainActivity}: Setting back callback OnBackInvokedCallbackInfo{mCallback=android.window.IOnBackInvokedCallback$Stub$Proxy@908e4fc, mPriority=0, mIsAnimationCallback=false}
09-20 02:08:03.823 12874 12907 E OpenGLRenderer: Unable to match the desired swap behavior.
09-20 02:08:03.833 12874 12874 W RecyclerView: No adapter attached; skipping layout
09-20 02:08:03.950   599   632 I ActivityTaskManager: Displayed com.saucelabs.mydemoapp.android/.view.activities.MainActivity for user 0: +343ms
09-20 02:08:03.950  1075  1119 V WindowManagerShell: onTransitionReady android.os.BinderProxy@d856b2f: {id=936 t=OPEN f=0x0 trk=0 r=[0@Point(0, 0)] c=[{null m=OPEN f=FILLS_TASK leash=Surface(name=ActivityRecord{f149bcd u0 com.saucelabs.mydemoapp.android/.view.activities.MainActivity)/@0x702741a sb=Rect(0, 0 - 0, 0) eb=Rect(0, 0 - 1080, 2220) d=-1->0 r=-1->0:-1},{null m=TO_BACK f=FILLS_TASK leash=Surface(name=ActivityRecord{1c2b141 u0 com.saucelabs.mydemoapp.android/.view.activities.MainActivity)/@0x1878b4b sb=Rect(0, 0 - 1080, 2220) eb=Rect(0, 0 - 1080, 2220) d=0}]}
09-20 02:08:03.950  1075  1119 V WindowManagerShell: Playing animation for (#936)android.os.BinderProxy@d856b2f@0
09-20 02:08:03.950   599   632 V WindowManager: Sent Transition #936 createdAt=09-20 02:08:03.603 via request=TransitionRequestInfo { type = OPEN, triggerTask = TaskInfo{userId=0 taskId=211 displayId=0 isRunning=true baseIntent=Intent { act=android.intent.action.MAIN cat=[android.intent.category.LAUNCHER] flg=0x10200000 cmp=com.saucelabs.mydemoapp.android/.view.activities.SplashActivity } baseActivity=ComponentInfo{com.saucelabs.mydemoapp.android/com.saucelabs.mydemoapp.android.view.activities.MainActivity} topActivity=ComponentInfo{com.saucelabs.mydemoapp.android/com.saucelabs.mydemoapp.android.view.activities.MainActivity} origActivity=null realActivity=ComponentInfo{com.saucelabs.mydemoapp.android/com.saucelabs.mydemoapp.android.view.activities.SplashActivity} numActivities=2 lastActiveTime=109543974 supportsMultiWindow=true resizeMode=1 isResizeable=true minWidth=-1 minHeight=-1 defaultMinSize=220 token=WCT{RemoteToken{a1fb806 Task{3623473 #211 type=standard A=10183:com.saucelabs.mydemoapp.android}}} topActivityType=1 pictureInPictureParams=null shouldDockBigOverlays=false launchIntoPipHostTaskId=-1 lastParentTaskIdBeforePip=-1 displayCutoutSafeInsets=null topActivityInfo=ActivityInfo{846d794 com.saucelabs.mydemoapp.android.view.activities.MainActivity} launchCookies=[] positionInParent=Point(0, 0) parentTaskId=-1 isFocused=true isVisible=true isVisibleRequested=true isSleeping=false topActivityInSizeCompat=false topActivityEligibleForLetterboxEducation= false topActivityLetterboxed= false isFromDoubleTap= false topActivityLetterboxVerticalPosition= -1 topActivityLetterboxHorizontalPosition= -1 topActivityLetterboxWidth=-1 topActivityLetterboxHeight=-1 locusId=null displayAreaFeatureId=1 cameraCompatControlState=hidden}, remoteTransition = null, displayChange = null }
09-20 02:08:03.950   599   632 V WindowManager:     startWCT=WindowContainerTransaction { changes = {} hops = [] errorCallbackToken=null taskFragmentOrganizer=null }
09-20 02:08:03.950  1075  1119 V WindowManagerShell:  try handler com.android.wm.shell.transition.DefaultMixedHandler@a1de1ae
09-20 02:08:03.950  1075  1119 V WindowManagerShell:  try handler com.android.wm.shell.keyguard.KeyguardTransitionHandler@4104b4f
09-20 02:08:03.950   599   632 V WindowManager:     info={id=936 t=OPEN f=0x0 trk=0 r=[0@Point(0, 0)] c=[{null m=OPEN f=FILLS_TASK leash=Surface(name=ActivityRecord{f149bcd u0 com.saucelabs.mydemoapp.android/.view.activities.MainActivity)/@0xe2779a6 sb=Rect(0, 0 - 0, 0) eb=Rect(0, 0 - 1080, 2220) d=-1->0 r=-1->0:-1},{null m=TO_BACK f=FILLS_TASK leash=Surface(name=ActivityRecord{1c2b141 u0 com.saucelabs.mydemoapp.android/.view.activities.MainActivity)/@0x13d311f sb=Rect(0, 0 - 1080, 2220) eb=Rect(0, 0 - 1080, 2220) d=0}]}
09-20 02:08:03.951  1075  1119 V WindowManagerShell:  try handler com.android.wm.shell.activityembedding.ActivityEmbeddingController@ffc52dc
09-20 02:08:03.951  1075  1119 V WindowManagerShell:  try handler com.android.wm.shell.recents.RecentsTransitionHandler@1d67fe5
09-20 02:08:03.951  1075  1119 V ShellRecents: RecentsTransitionHandler.startAnimation: no controller found
09-20 02:08:03.952  1075  1119 V WindowManagerShell:  try handler com.android.wm.shell.pip.PipTransition@36a6aba
09-20 02:08:03.952  1075  1119 V WindowManagerShell:  try handler com.android.wm.shell.splitscreen.StageCoordinator@6b04d6b
09-20 02:08:03.953  1075  1119 V WindowManagerShell:  try handler com.android.wm.shell.transition.RemoteTransitionHandler@c69c0c8
09-20 02:08:03.953  1075  1119 V WindowManagerShell: Transition doesn't have explicit remote, search filters for match for {id=936 t=OPEN f=0x0 trk=0 r=[0@Point(0, 0)] c=[{null m=OPEN f=FILLS_TASK leash=Surface(name=ActivityRecord{f149bcd u0 com.saucelabs.mydemoapp.android/.view.activities.MainActivity)/@0x702741a sb=Rect(0, 0 - 0, 0) eb=Rect(0, 0 - 1080, 2220) d=-1->0 r=-1->0:-1},{null m=TO_BACK f=FILLS_TASK leash=Surface(name=ActivityRecord{1c2b141 u0 com.saucelabs.mydemoapp.android/.view.activities.MainActivity)/@0x1878b4b sb=Rect(0, 0 - 1080, 2220) eb=Rect(0, 0 - 1080, 2220) d=0}]}
09-20 02:08:03.953  1075  1119 V WindowManagerShell:  Checking filter Pair{{types=[] flags=0x0] notFlags=0x0 checks=[{atype=dream independent=true modes=[OPEN,TO_FRONT] flags=NONE mustBeTask=false order=ANY topActivity=null},{atype=home independent=true modes=[CLOSE,TO_BACK] flags=NONE mustBeTask=false order=ANY topActivity=null}]} RemoteTransition { remoteTransition = android.window.IRemoteTransition$Stub$Proxy@4f98b1a, appThread = android.app.IApplicationThread$Stub$Proxy@6be564b, debugName = LauncherToDream }}
09-20 02:08:03.954  1075  1119 V WindowManagerShell:  Checking filter Pair{{types=[] flags=0x0] notFlags=0x100 checks=[{atype=home independent=true modes=[OPEN,TO_FRONT] flags=NONE mustBeTask=false order=TOP topActivity=ComponentInfo{com.google.android.apps.nexuslauncher/com.google.android.apps.nexuslauncher.NexusLauncherActivity}},{atype=standard independent=true modes=[CLOSE,TO_BACK] flags=NONE mustBeTask=false order=ANY topActivity=null}]} RemoteTransition { remoteTransition = android.window.IRemoteTransition$Stub$Proxy@657c828, appThread = android.app.IApplicationThread$Stub$Proxy@94c9941, debugName = QuickstepLaunchHome }}
09-20 02:08:03.954  1075  1119 V WindowManagerShell:  Delegate animation for #936 to null
09-20 02:08:03.954  1075  1119 V WindowManagerShell:  try handler com.android.wm.shell.transition.DefaultTransitionHandler@4743561
09-20 02:08:03.958  1075  1119 V WindowManagerShell: start default transition animation, info = {id=936 t=OPEN f=0x0 trk=0 r=[0@Point(0, 0)] c=[{null m=OPEN f=FILLS_TASK leash=Surface(name=ActivityRecord{f149bcd u0 com.saucelabs.mydemoapp.android/.view.activities.MainActivity)/@0x702741a sb=Rect(0, 0 - 0, 0) eb=Rect(0, 0 - 1080, 2220) d=-1->0 r=-1->0:-1},{null m=TO_BACK f=FILLS_TASK leash=Surface(name=ActivityRecord{1c2b141 u0 com.saucelabs.mydemoapp.android/.view.activities.MainActivity)/@0x1878b4b sb=Rect(0, 0 - 1080, 2220) eb=Rect(0, 0 - 1080, 2220) d=0}]}
09-20 02:08:03.959 12874 13073 V Network : Sending GET request to https://my-demo-app.net/api/item-load?id=4
09-20 02:08:03.960  1075  1119 V WindowManagerShell: Transition animation finished (aborted=false), notifying core (#936)android.os.BinderProxy@d856b2f@0
09-20 02:08:03.966   599   632 V WindowManager: Finish Transition #936: created at 09-20 02:08:03.603 collect-started=0.033ms request-sent=4.348ms started=19.169ms ready=19.127ms sent=345.448ms finished=362.324ms
09-20 02:08:03.969   381 13074 I resolv  : GetAddrInfoHandler::run: {102 102 102 983142 10183 0}
09-20 02:08:03.969  1075  1119 V WindowManagerShell: Track 0 became idle
09-20 02:08:03.969  1075  1119 V WindowManagerShell: All active transition animations finished
09-20 02:08:03.969  1075  1119 V WindowManagerShell:  animated by com.android.wm.shell.transition.DefaultTransitionHandler@4743561
09-20 02:08:03.970  1075  1119 V WindowManagerShell: Track 0 became idle
09-20 02:08:03.970   381 13076 I resolv  : res_nmkquery: (QUERY, IN, A)
09-20 02:08:03.971  1075  1119 V WindowManagerShell: All active transition animations finished
09-20 02:08:03.971   381 13076 I resolv  : resolv_cache_lookup: FOUND IN CACHE entry=0x789660c58d10
09-20 02:08:03.972   381 13076 I resolv  : doQuery: rcode=0, ancount=4, return value=234
09-20 02:08:03.972   381 13075 I resolv  : res_nmkquery: (QUERY, IN, AAAA)
09-20 02:08:03.972   381 13075 I resolv  : resolv_cache_lookup: FOUND IN CACHE entry=0x7897b0c57fd0
09-20 02:08:03.973   381 13075 I resolv  : doQuery: rcode=0, ancount=0, return value=118
09-20 02:08:03.974 12795 12858 W ByMatcher: Node returned null child: android.view.accessibility.AccessibilityNodeInfo@72bf9; boundsInParent: Rect(0, 0 - 1080, 2088); boundsInScreen: Rect(0, 66 - 1080, 2154); boundsInWindow: Rect(0, 66 - 1080, 2154); packageName: com.saucelabs.mydemoapp.android; className: android.view.ViewGroup; text: null; error: null; maxTextLength: -1; stateDescription: null; contentDescription: null; tooltipText: null; containerTitle: null; viewIdResName: null; uniqueId: null; checkable: false; checked: false; focusable: false; focused: false; selected: false; clickable: false; longClickable: false; contextClickable: false; enabled: true; password: false; scrollable: false; importantForAccessibility: true; visible: true; actions: [AccessibilityAction: ACTION_SELECT - null, AccessibilityAction: ACTION_CLEAR_SELECTION - null, AccessibilityAction: ACTION_ACCESSIBILITY_FOCUS - null, AccessibilityAction: ACTION_SHOW_ON_SCREEN - null]; isTextSelectable: false
09-20 02:08:03.978 12795 12858 W ByMatcher: Skipping null child (0 of 2)
09-20 02:08:03.979 12874 13073 D TrafficStats: tagSocket(111) with statsTag=0xffffffff, statsUid=-1
09-20 02:08:03.982 12795 12858 W ByMatcher: Skipping null child (1 of 2)
09-20 02:08:03.985 12795 12858 W ByMatcher: Node returned null child: android.view.accessibility.AccessibilityNodeInfo@80007870; boundsInParent: Rect(0, 0 - 1080, 2220); boundsInScreen: Rect(0, 0 - 1080, 2220); boundsInWindow: Rect(0, 0 - 1080, 2220); packageName: com.saucelabs.mydemoapp.android; className: android.widget.FrameLayout; text: null; error: null; maxTextLength: -1; stateDescription: null; contentDescription: null; tooltipText: null; containerTitle: null; viewIdResName: null; uniqueId: null; checkable: false; checked: false; focusable: false; focused: false; selected: false; clickable: false; longClickable: false; contextClickable: false; enabled: true; password: false; scrollable: false; importantForAccessibility: true; visible: true; actions: [AccessibilityAction: ACTION_SELECT - null, AccessibilityAction: ACTION_CLEAR_SELECTION - null, AccessibilityAction: ACTION_ACCESSIBILITY_FOCUS - null, AccessibilityAction: ACTION_SHOW_ON_SCREEN - null]; isTextSelectable: false
09-20 02:08:03.987 12795 12858 W ByMatcher: Skipping null child (1 of 3)
09-20 02:08:03.992 12795 12858 W ByMatcher: Skipping null child (2 of 3)
09-20 02:08:03.995 12795 12858 W ByMatcher: Node returned null child: android.view.accessibility.AccessibilityNodeInfo@80007870; boundsInParent: Rect(0, 0 - 1080, 2220); boundsInScreen: Rect(0, 0 - 1080, 2220); boundsInWindow: Rect(0, 0 - 1080, 2220); packageName: com.saucelabs.mydemoapp.android; className: android.widget.FrameLayout; text: null; error: null; maxTextLength: -1; stateDescription: null; contentDescription: null; tooltipText: null; containerTitle: null; viewIdResName: null; uniqueId: null; checkable: false; checked: false; focusable: false; focused: false; selected: false; clickable: false; longClickable: false; contextClickable: false; enabled: true; password: false; scrollable: false; importantForAccessibility: true; visible: true; actions: [AccessibilityAction: ACTION_SELECT - null, AccessibilityAction: ACTION_CLEAR_SELECTION - null, AccessibilityAction: ACTION_ACCESSIBILITY_FOCUS - null, AccessibilityAction: ACTION_SHOW_ON_SCREEN - null]; isTextSelectable: false
09-20 02:08:03.997 12795 12858 W ByMatcher: Skipping null child (0 of 3)
09-20 02:08:03.999 12795 12858 W ByMatcher: Skipping null child (1 of 3)
09-20 02:08:04.002 12795 12858 W ByMatcher: Skipping null child (2 of 3)
