09-20 02:07:39.769   466   480 I adbd    : jdwp connection from 12382
09-20 02:07:39.807 12382 12382 I ActivityThread: Relaunch all activities: onCoreSettingsChange
09-20 02:07:39.810 12382 12382 D CompatibilityChangeReporter: Compat change id reported: 171979766; UID 10183; state: ENABLED
09-20 02:07:39.811 12382 12382 D CompatibilityChangeReporter: Compat change id reported: 242716250; UID 10183; state: DISABLED
09-20 02:07:39.819   599  2880 D CompatibilityChangeReporter: Compat change id reported: 170503758; UID 10183; state: ENABLED
09-20 02:07:39.827 12382 12382 W ziparchive: Unable to open '/data/app/~~-R8HJF5XsBJAVK1xrJwzBA==/com.saucelabs.mydemoapp.android-O7y1KQ4MNHDMZrlRj_X4Gg==/base.dm': No such file or directory
09-20 02:07:39.828 12382 12382 W ziparchive: Unable to open '/data/app/~~-R8HJF5XsBJAVK1xrJwzBA==/com.saucelabs.mydemoapp.android-O7y1KQ4MNHDMZrlRj_X4Gg==/base.dm': No such file or directory
09-20 02:07:39.968 12382 12382 D nativeloader: Configuring clns-6 for other apk /data/app/~~-R8HJF5XsBJAVK1xrJwzBA==/com.saucelabs.mydemoapp.android-O7y1KQ4MNHDMZrlRj_X4Gg==/base.apk. target_sdk_version=31, uses_libraries=, library_path=/data/app/~~-R8HJF5XsBJAVK1xrJwzBA==/com.saucelabs.mydemoapp.android-O7y1KQ4MNHDMZrlRj_X4Gg==/lib/x86_64:/data/app/~~-R8HJF5XsBJAVK1xrJwzBA==/com.saucelabs.mydemoapp.android-O7y1KQ4MNHDMZrlRj_X4Gg==/base.apk!/lib/x86_64, permitted_path=/data:/mnt/expand:/data/user/0/com.saucelabs.mydemoapp.android
09-20 02:07:39.978  1075  1119 V WindowManagerShell: Transition animation finished (aborted=false), notifying core (#926)android.os.BinderProxy@fea864d@0
09-20 02:07:39.982   599   632 V WindowManager: Finish Transition #926: created at 09-20 02:07:39.600 collect-started=0.088ms request-sent=7.635ms started=12.057ms ready=58.173ms sent=61.592ms finished=381.128ms
09-20 02:07:39.987  1075  1119 V WindowManagerShell: Track 0 became idle
09-20 02:07:39.987  1075  1119 V WindowManagerShell: All active transition animations finished
09-20 02:07:39.991 12382 12382 V GraphicsEnvironment: Currently set values for:
09-20 02:07:39.991 12382 12382 V GraphicsEnvironment:   angle_gl_driver_selection_pkgs=[]
09-20 02:07:39.991 12382 12382 V GraphicsEnvironment:   angle_gl_driver_selection_values=[]
09-20 02:07:39.993 12382 12382 V GraphicsEnvironment: ANGLE GameManagerService for com.saucelabs.mydemoapp.android: false
09-20 02:07:39.993 12382 12382 V GraphicsEnvironment: com.saucelabs.mydemoapp.android is not listed in per-application setting
09-20 02:07:39.995  1415  1415 D AutofillManager: view is not autofillable - activity denied for autofill
09-20 02:07:39.997 12382 12382 V GraphicsEnvironment: Neither updatable production driver nor prerelease driver is supported.
09-20 02:07:40.146   599   599 W AccessibilityManagerService:  wait for adding window timeout: 2971
09-20 02:07:40.267   599  2063 I ActivityManager: Flag disabled. Ignoring finishAttachApplication from uid: 10183. pid: 12382
09-20 02:07:40.279 12382 12414 D libEGL  : loaded /vendor/lib64/egl/libEGL_emulation.so
09-20 02:07:40.282 12382 12414 D libEGL  : loaded /vendor/lib64/egl/libGLESv1_CM_emulation.so
09-20 02:07:40.286 12382 12414 D libEGL  : loaded /vendor/lib64/egl/libGLESv2_emulation.so
09-20 02:07:40.435 12382 12382 E demoapp.android: Invalid resource ID 0x00000000.
09-20 02:07:40.469 12382 12382 W demoapp.android: Accessing hidden method Landroid/view/View;->computeFitSystemWindows(Landroid/graphics/Rect;Landroid/graphics/Rect;)Z (unsupported, reflection, allowed)
09-20 02:07:40.469 12382 12382 W demoapp.android: Accessing hidden method Landroid/view/ViewGroup;->makeOptionalFitsSystemWindows()V (unsupported, reflection, allowed)
09-20 02:07:40.501 12382 12382 D AppDatabase: Creating new database instance
09-20 02:07:40.516 12382 12382 D AppDatabase: Getting the database instance
09-20 02:07:40.520 12382 12382 D AppDatabase: Getting the database instance
09-20 02:07:40.536 12382 12382 D CompatibilityChangeReporter: Compat change id reported: 237531167; UID 10183; state: DISABLED
09-20 02:07:40.539 12382 12382 W OpenGLRenderer: Unknown dataspace 0
09-20 02:07:40.556   599  2063 D CoreBackPreview: Window{1347062 u0 com.saucelabs.mydemoapp.android/com.saucelabs.mydemoapp.android.view.activities.SplashActivity}: Setting back callback OnBackInvokedCallbackInfo{mCallback=android.window.IOnBackInvokedCallback$Stub$Proxy@ced30ae, mPriority=0, mIsAnimationCallback=false}
09-20 02:07:40.585 12382 12412 W OpenGLRenderer: Failed to choose config with EGL_SWAP_BEHAVIOR_PRESERVED, retrying without...
09-20 02:07:40.587 12382 12412 W OpenGLRenderer: Failed to initialize 101010-2 format, error = EGL_SUCCESS
09-20 02:07:40.584     0     0 I servicemanager: Could not find android.hardware.graphics.allocator.IAllocator/default in the VINTF manifest.
09-20 02:07:40.613   177   177 I hwservicemanager: getTransport: Cannot find entry android.hardware.graphics.mapper@4.0::IMapper/default in either framework or device VINTF manifest.
09-20 02:07:40.614 12382 12412 I Gralloc4: mapper 4.x is not supported
09-20 02:07:40.622 12382 12412 E OpenGLRenderer: Unable to match the desired swap behavior.
09-20 02:07:40.651   599   632 W ziparchive: Unable to open '/data/app/~~-R8HJF5XsBJAVK1xrJwzBA==/com.saucelabs.mydemoapp.android-O7y1KQ4MNHDMZrlRj_X4Gg==/base.dm': No such file or directory
09-20 02:07:40.654   599   632 I ActivityTaskManager: Displayed com.saucelabs.mydemoapp.android/.view.activities.SplashActivity for user 0: +1s55ms
09-20 02:07:40.680   599   696 D CompatibilityChangeReporter: Compat change id reported: 214016041; UID 10183; state: DISABLED
09-20 02:07:40.681   599   696 I ImeTracker: com.saucelabs.mydemoapp.android:fe4ef260: onRequestHide at ORIGIN_SERVER_HIDE_INPUT reason HIDE_UNSPECIFIED_WINDOW
09-20 02:07:40.683   599   696 I ImeTracker: com.saucelabs.mydemoapp.android:fe4ef260: onCancelled at PHASE_SERVER_SHOULD_HIDE
09-20 02:07:40.690  1807  1807 I GoogleInputMethodService: GoogleInputMethodService.onFinishInput():3227 
09-20 02:07:40.696  1075  1163 D EGL_emulation: app_time_stats: avg=2244.48ms min=5.41ms max=17845.05ms count=8
09-20 02:07:40.697 12291 12366 I appium  : channel read: POST /session/07222d70-ccaf-40a7-b15c-f1e45d4f8c18/element
09-20 02:07:40.698  1807  1807 I GoogleInputMethodService: GoogleInputMethodService.updateDeviceLockedStatus():2087 repeatCheckTimes = 0, unlocked = true
09-20 02:07:40.698 12291 12366 I appium  : FindElement command
09-20 02:07:40.699  1807  1807 I GoogleInputMethodService: GoogleInputMethodService.onStartInput():1877 onStartInput(EditorInfo{inputType=0x0(NULL) imeOptions=0x0 privateImeOptions=null actionName=UNSPECIFIED actionLabel=null actionId=0 initialSelStart=-1 initialSelEnd=-1 initialCapsMode=0x0 hintText=null label=null packageName=com.saucelabs.mydemoapp.android fieldId=0 fieldName=null extras=null}, false)
09-20 02:07:40.699  1807  1807 I GoogleInputMethodService: GoogleInputMethodService.shouldHideHeaderOnInitialState():4008 ShouldHideHeaderOnInitialState = false
09-20 02:07:40.700 12291 12366 I appium  : method: 'id', selector: 'com.saucelabs.mydemoapp.android:id/menuIV'
09-20 02:07:40.701  1807  1807 I GoogleInputMethodService: GoogleInputMethodService.updateDeviceLockedStatus():2087 repeatCheckTimes = 2, unlocked = true
09-20 02:07:40.707 12291 12366 I appium  : Waiting up to 10000ms for the device to idle
09-20 02:07:40.712  1415  2586 D OneSearchSuggestProvider: Shut down the binder channel
09-20 02:07:40.714  1415  1634 I IPCThreadState: oneway function results for code 2 on binder at 0x7c1fabbef870 will be dropped but finished with status UNKNOWN_TRANSACTION
09-20 02:07:40.731  1415  1462 I ImeTracker: com.google.android.apps.nexuslauncher:96478265: onRequestHide at ORIGIN_CLIENT_HIDE_SOFT_INPUT reason HIDE_SOFT_INPUT
09-20 02:07:40.732  1415  1462 I ImeTracker: com.google.android.apps.nexuslauncher:96478265: onFailed at PHASE_CLIENT_VIEW_SERVED
09-20 02:07:40.792   599  2880 E Transition: Trying to add a ready-group twice: Display{#0 state=ON size=1080x2220 ROTATION_0}
09-20 02:07:40.795  1075  1119 V WindowManagerShell: Transition requested: android.os.BinderProxy@80991a TransitionRequestInfo { type = OPEN, triggerTask = TaskInfo{userId=0 taskId=210 displayId=0 isRunning=true baseIntent=Intent { act=android.intent.action.MAIN cat=[android.intent.category.LAUNCHER] flg=0x10200000 cmp=com.saucelabs.mydemoapp.android/.view.activities.SplashActivity } baseActivity=ComponentInfo{com.saucelabs.mydemoapp.android/com.saucelabs.mydemoapp.android.view.activities.SplashActivity} topActivity=ComponentInfo{com.saucelabs.mydemoapp.android/com.saucelabs.mydemoapp.android.view.activities.MainActivity} origActivity=null realActivity=ComponentInfo{com.saucelabs.mydemoapp.android/com.saucelabs.mydemoapp.android.view.activities.SplashActivity} numActivities=2 lastActiveTime=109521158 supportsMultiWindow=true resizeMode=1 isResizeable=true minWidth=-1 minHeight=-1 defaultMinSize=220 token=WCT{android.window.IWindowContainerToken$Stub$Proxy@9834c4b} topActivityType=1 pictureInPictureParams=null shouldDockBigOverlays=false launchIntoPipHostTaskId=-1 lastParentTaskIdBeforePip=-1 displayCutoutSafeInsets=null topActivityInfo=ActivityInfo{b288628 com.saucelabs.mydemoapp.android.view.activities.MainActivity} launchCookies=[] positionInParent=Point(0, 0) parentTaskId=-1 isFocused=true isVisible=true isVisibleRequested=true isSleeping=false topActivityInSizeCompat=false topActivityEligibleForLetterboxEducation= false topActivityLetterboxed= false isFromDoubleTap= false topActivityLetterboxVerticalPosition= -1 topActivityLetterboxHorizontalPosition= -1 topActivityLetterboxWidth=-1 topActivityLetterboxHeight=-1 locusId=null displayAreaFeatureId=1 cameraCompatControlState=hidden}, remoteTransition = null, displayChange = null }
09-20 02:07:40.795   599  2880 I ActivityTaskManager: START u0 {cmp=com.saucelabs.mydemoapp.android/.view.activities.MainActivity} with LAUNCH_MULTIPLE from uid 10183 (BAL_ALLOW_VISIBLE_WINDOW) result code=0
09-20 02:07:40.811   451   451 I BpBinder: onLastStrongRef automatically unlinking death recipients: 
09-20 02:07:40.944 12382 12382 D CompatibilityChangeReporter: Compat change id reported: 210923482; UID 10183; state: DISABLED
09-20 02:07:40.946 12382 12382 D CompatibilityChangeReporter: Compat change id reported: 37756858; UID 10183; state: ENABLED
09-20 02:07:41.023  1075  1133 W WindowOnBackDispatcher: sendCancelIfRunning: isInProgress=falsecallback=android.view.ViewRootImpl$$ExternalSyntheticLambda17@7f7386
09-20 02:07:41.024   599  2063 D CoreBackPreview: Window{e1d3c50 u0 Splash Screen com.saucelabs.mydemoapp.android EXITING}: Setting back callback null
09-20 02:07:41.030   599  2063 W InputManager-JNI: Input channel object 'e1d3c50 Splash Screen com.saucelabs.mydemoapp.android (client)' was disposed without first being removed with the input manager!
09-20 02:07:41.101 12382 12382 D AppDatabase: Getting the database instance
09-20 02:07:41.103 12382 12382 D AppDatabase: Getting the database instance
09-20 02:07:41.150   599  2063 D CoreBackPreview: Window{71d59d3 u0 com.saucelabs.mydemoapp.android/com.saucelabs.mydemoapp.android.view.activities.MainActivity}: Setting back callback OnBackInvokedCallbackInfo{mCallback=android.window.IOnBackInvokedCallback$Stub$Proxy@8c29e0e, mPriority=0, mIsAnimationCallback=false}
09-20 02:07:41.187 12382 12412 E OpenGLRenderer: Unable to match the desired swap behavior.
09-20 02:07:41.201 12382 12382 W RecyclerView: No adapter attached; skipping layout
09-20 02:07:41.329  1075  1119 V WindowManagerShell: onTransitionReady android.os.BinderProxy@80991a: {id=927 t=OPEN f=0x0 trk=0 r=[0@Point(0, 0)] c=[{null m=OPEN f=FILLS_TASK leash=Surface(name=ActivityRecord{dd215e u0 com.saucelabs.mydemoapp.android/.view.activities.MainActivity)/@0x335ce7d sb=Rect(0, 0 - 0, 0) eb=Rect(0, 0 - 1080, 2220) d=-1->0 r=-1->0:-1},{null m=CLOSE f=FILLS_TASK leash=Surface(name=ActivityRecord{8826577 u0 com.saucelabs.mydemoapp.android/.view.activities.SplashActivity)/@0x4813172 sb=Rect(0, 0 - 1080, 2220) eb=Rect(0, 0 - 1080, 2220) d=0}]}
09-20 02:07:41.329  1075  1119 V WindowManagerShell: Playing animation for (#927)android.os.BinderProxy@80991a@0
09-20 02:07:41.330  1075  1119 V WindowManagerShell:  try handler com.android.wm.shell.transition.DefaultMixedHandler@a1de1ae
09-20 02:07:41.330  1075  1119 V WindowManagerShell:  try handler com.android.wm.shell.keyguard.KeyguardTransitionHandler@4104b4f
09-20 02:07:41.330   599   632 I ActivityTaskManager: Displayed com.saucelabs.mydemoapp.android/.view.activities.MainActivity for user 0: +540ms
09-20 02:07:41.330  1075  1119 V WindowManagerShell:  try handler com.android.wm.shell.activityembedding.ActivityEmbeddingController@ffc52dc
09-20 02:07:41.330  1075  1119 V WindowManagerShell:  try handler com.android.wm.shell.recents.RecentsTransitionHandler@1d67fe5
09-20 02:07:41.330  1075  1119 V ShellRecents: RecentsTransitionHandler.startAnimation: no controller found
09-20 02:07:41.330  1075  1119 V WindowManagerShell:  try handler com.android.wm.shell.pip.PipTransition@36a6aba
09-20 02:07:41.331  1075  1119 V WindowManagerShell:  try handler com.android.wm.shell.splitscreen.StageCoordinator@6b04d6b
09-20 02:07:41.331  1075  1119 V WindowManagerShell:  try handler com.android.wm.shell.transition.RemoteTransitionHandler@c69c0c8
09-20 02:07:41.331   599   632 V WindowManager: Sent Transition #927 createdAt=09-20 02:07:40.786 via request=TransitionRequestInfo { type = OPEN, triggerTask = TaskInfo{userId=0 taskId=210 displayId=0 isRunning=true baseIntent=Intent { act=android.intent.action.MAIN cat=[android.intent.category.LAUNCHER] flg=0x10200000 cmp=com.saucelabs.mydemoapp.android/.view.activities.SplashActivity } baseActivity=ComponentInfo{com.saucelabs.mydemoapp.android/com.saucelabs.mydemoapp.android.view.activities.SplashActivity} topActivity=ComponentInfo{com.saucelabs.mydemoapp.android/com.saucelabs.mydemoapp.android.view.activities.MainActivity} origActivity=null realActivity=ComponentInfo{com.saucelabs.mydemoapp.android/com.saucelabs.mydemoapp.android.view.activities.SplashActivity} numActivities=2 lastActiveTime=109521158 supportsMultiWindow=true resizeMode=1 isResizeable=true minWidth=-1 minHeight=-1 defaultMinSize=220 token=WCT{RemoteToken{c5d808b Task{b79a5e4 #210 type=standard A=10183:com.saucelabs.mydemoapp.android}}} topActivityType=1 pictureInPictureParams=null shouldDockBigOverlays=false launchIntoPipHostTaskId=-1 lastParentTaskIdBeforePip=-1 displayCutoutSafeInsets=null topActivityInfo=ActivityInfo{159a572 com.saucelabs.mydemoapp.android.view.activities.MainActivity} launchCookies=[] positionInParent=Point(0, 0) parentTaskId=-1 isFocused=true isVisible=true isVisibleRequested=true isSleeping=false topActivityInSizeCompat=false topActivityEligibleForLetterboxEducation= false topActivityLetterboxed= false isFromDoubleTap= false topActivityLetterboxVerticalPosition= -1 topActivityLetterboxHorizontalPosition= -1 topActivityLetterboxWidth=-1 topActivityLetterboxHeight=-1 locusId=null displayAreaFeatureId=1 cameraCompatControlState=hidden}, remoteTransition = null, displayChange = null }
09-20 02:07:41.332  1075  1119 V WindowManagerShell: Transition doesn't have explicit remote, search filters for match for {id=927 t=OPEN f=0x0 trk=0 r=[0@Point(0, 0)] c=[{null m=OPEN f=FILLS_TASK leash=Surface(name=ActivityRecord{dd215e u0 com.saucelabs.mydemoapp.android/.view.activities.MainActivity)/@0x335ce7d sb=Rect(0, 0 - 0, 0) eb=Rect(0, 0 - 1080, 2220) d=-1->0 r=-1->0:-1},{null m=CLOSE f=FILLS_TASK leash=Surface(name=ActivityRecord{8826577 u0 com.saucelabs.mydemoapp.android/.view.activities.SplashActivity)/@0x4813172 sb=Rect(0, 0 - 1080, 2220) eb=Rect(0, 0 - 1080, 2220) d=0}]}
09-20 02:07:41.332   599   632 V WindowManager:     startWCT=WindowContainerTransaction { changes = {} hops = [] errorCallbackToken=null taskFragmentOrganizer=null }
09-20 02:07:41.332   599   632 V WindowManager:     info={id=927 t=OPEN f=0x0 trk=0 r=[0@Point(0, 0)] c=[{null m=OPEN f=FILLS_TASK leash=Surface(name=ActivityRecord{dd215e u0 com.saucelabs.mydemoapp.android/.view.activities.MainActivity)/@0x29230d4 sb=Rect(0, 0 - 0, 0) eb=Rect(0, 0 - 1080, 2220) d=-1->0 r=-1->0:-1},{null m=CLOSE f=FILLS_TASK leash=Surface(name=ActivityRecord{8826577 u0 com.saucelabs.mydemoapp.android/.view.activities.SplashActivity)/@0x42b8627 sb=Rect(0, 0 - 1080, 2220) eb=Rect(0, 0 - 1080, 2220) d=0}]}
09-20 02:07:41.332  1075  1119 V WindowManagerShell:  Checking filter Pair{{types=[] flags=0x0] notFlags=0x0 checks=[{atype=dream independent=true modes=[OPEN,TO_FRONT] flags=NONE mustBeTask=false order=ANY topActivity=null},{atype=home independent=true modes=[CLOSE,TO_BACK] flags=NONE mustBeTask=false order=ANY topActivity=null}]} RemoteTransition { remoteTransition = android.window.IRemoteTransition$Stub$Proxy@4f98b1a, appThread = android.app.IApplicationThread$Stub$Proxy@6be564b, debugName = LauncherToDream }}
09-20 02:07:41.332  1075  1119 V WindowManagerShell:  Checking filter Pair{{types=[] flags=0x0] notFlags=0x100 checks=[{atype=home independent=true modes=[OPEN,TO_FRONT] flags=NONE mustBeTask=false order=TOP topActivity=ComponentInfo{com.google.android.apps.nexuslauncher/com.google.android.apps.nexuslauncher.NexusLauncherActivity}},{atype=standard independent=true modes=[CLOSE,TO_BACK] flags=NONE mustBeTask=false order=ANY topActivity=null}]} RemoteTransition { remoteTransition = android.window.IRemoteTransition$Stub$Proxy@657c828, appThread = android.app.IApplicationThread$Stub$Proxy@94c9941, debugName = QuickstepLaunchHome }}
09-20 02:07:41.332  1075  1119 V WindowManagerShell:  Delegate animation for #927 to null
09-20 02:07:41.332  1075  1119 V WindowManagerShell:  try handler com.android.wm.shell.transition.DefaultTransitionHandler@4743561
09-20 02:07:41.333  1075  1119 V WindowManagerShell: start default transition animation, info = {id=927 t=OPEN f=0x0 trk=0 r=[0@Point(0, 0)] c=[{null m=OPEN f=FILLS_TASK leash=Surface(name=ActivityRecord{dd215e u0 com.saucelabs.mydemoapp.android/.view.activities.MainActivity)/@0x335ce7d sb=Rect(0, 0 - 0, 0) eb=Rect(0, 0 - 1080, 2220) d=-1->0 r=-1->0:-1},{null m=CLOSE f=FILLS_TASK leash=Surface(name=ActivityRecord{8826577 u0 com.saucelabs.mydemoapp.android/.view.activities.SplashActivity)/@0x4813172 sb=Rect(0, 0 - 1080, 2220) eb=Rect(0, 0 - 1080, 2220) d=0}]}
09-20 02:07:41.334  1075  1119 V WindowManagerShell: loadAnimation: anim=android.view.animation.AnimationSet@50d6f1f animAttr=0x5 type=OPEN isEntrance=false
09-20 02:07:41.355  1075  1119 V WindowManagerShell: loadAnimation: anim=android.view.animation.AnimationSet@9dc958 animAttr=0x4 type=OPEN isEntrance=true
09-20 02:07:41.370  1075  1163 D EGL_emulation: app_time_stats: avg=687.66ms min=2.57ms max=17031.98ms count=25
09-20 02:07:41.388  1075  1119 V WindowManagerShell:  animated by com.android.wm.shell.transition.DefaultTransitionHandler@4743561
09-20 02:07:41.389  1075  1119 W Looper  : Slow dispatch took 61ms wmshell.main h=android.os.Handler c=com.android.wm.shell.transition.Transitions$TransitionPlayerImpl$$ExternalSyntheticLambda0@6682317 m=0
09-20 02:07:41.846  1075  1119 V WindowManagerShell: Transition animation finished (aborted=false), notifying core (#927)android.os.BinderProxy@80991a@0
09-20 02:07:41.851   599   632 V WindowManager: Finish Transition #927: created at 09-20 02:07:40.786 collect-started=0.049ms request-sent=5.848ms started=9.609ms ready=26.992ms sent=541.42ms finished=1063.421ms
09-20 02:07:41.854  1075  1119 V WindowManagerShell: Track 0 became idle
09-20 02:07:41.855  1075  1119 V WindowManagerShell: All active transition animations finished
09-20 02:07:42.043 12382 12382 I Choreographer: Skipped 40 frames!  The application may be doing too much work on its main thread.
09-20 02:07:42.059 12382 12382 W WindowOnBackDispatcher: sendCancelIfRunning: isInProgress=falsecallback=android.view.ViewRootImpl$$ExternalSyntheticLambda17@e4063cd
09-20 02:07:42.062   599  2063 D CoreBackPreview: Window{1347062 u0 com.saucelabs.mydemoapp.android/com.saucelabs.mydemoapp.android.view.activities.SplashActivity}: Setting back callback null
09-20 02:07:42.066   599  2063 W InputManager-JNI: Input channel object '1347062 com.saucelabs.mydemoapp.android/com.saucelabs.mydemoapp.android.view.activities.SplashActivity (client)' was disposed without first being removed with the input manager!
09-20 02:07:42.077   599  2063 I ImeTracker: com.saucelabs.mydemoapp.android:86650a43: onRequestHide at ORIGIN_SERVER_HIDE_INPUT reason HIDE_STATE_HIDDEN_FORWARD_NAV
09-20 02:07:42.080   599  2063 I ImeTracker: com.saucelabs.mydemoapp.android:86650a43: onCancelled at PHASE_SERVER_SHOULD_HIDE
09-20 02:07:42.087 12382 12401 I OpenGLRenderer: Davey! duration=903ms; Flags=0, FrameTimelineVsyncId=1874329, IntendedVsync=109521525795516, Vsync=109521692462176, InputEventId=0, HandleInputStart=109521695728000, AnimationStart=109521695755100, PerformTraversalsStart=109521695933700, DrawStart=109522392061800, FrameDeadline=109521725795508, FrameInterval=109521694913400, FrameStartTime=16666666, SyncQueued=109522404981400, SyncStart=109522405214900, IssueDrawCommandsStart=109522405497000, SwapBuffers=109522421015200, FrameCompleted=109522429665300, DequeueBufferDuration=25800, QueueBufferDuration=696100, GpuCompleted=109522429665300, SwapBuffersCompleted=109522422255500, DisplayPresentTime=0, CommandSubmissionCompleted=109522421015200, 
09-20 02:07:42.088  1807  1807 I GoogleInputMethodService: GoogleInputMethodService.onFinishInput():3227 
09-20 02:07:42.091  1807  1807 I GoogleInputMethodService: GoogleInputMethodService.updateDeviceLockedStatus():2087 repeatCheckTimes = 0, unlocked = true
09-20 02:07:42.091  1807  1807 I GoogleInputMethodService: GoogleInputMethodService.onStartInput():1877 onStartInput(EditorInfo{inputType=0x0(NULL) imeOptions=0x0 privateImeOptions=null actionName=UNSPECIFIED actionLabel=null actionId=0 initialSelStart=-1 initialSelEnd=-1 initialCapsMode=0x0 hintText=null label=null packageName=com.saucelabs.mydemoapp.android fieldId=0 fieldName=null extras=null}, false)
09-20 02:07:42.092  1807  1807 I GoogleInputMethodService: GoogleInputMethodService.shouldHideHeaderOnInitialState():4008 ShouldHideHeaderOnInitialState = false
09-20 02:07:42.094  1807  1807 I GoogleInputMethodService: GoogleInputMethodService.updateDeviceLockedStatus():2087 repeatCheckTimes = 2, unlocked = true
09-20 02:07:42.100   599   635 I ActivityManager: PendingStartActivityUids startActivity to updateOomAdj delay:1288ms, uid:10183
09-20 02:07:42.387 12188 12188 I AidlLazyServiceRegistrar: Process has 0 (of 1 available) client(s) in use after notification artd has clients: 0
09-20 02:07:42.387 12188 12188 I AidlLazyServiceRegistrar: Trying to shut down the service. No clients in use for any service in process.
09-20 02:07:42.360     0     0 I servicemanager: Notifying artd they don't (previously: do) have clients when we now have no record of a client
09-20 02:07:42.362     0     0 I servicemanager: Unregistering artd
09-20 02:07:42.363     0     0 I BpBinder: onLastStrongRef automatically unlinking death recipients:
09-20 02:07:42.391 12188 12188 I AidlLazyServiceRegistrar: Unregistered all clients and exiting
09-20 02:07:42.368     0     0 I init    : Service 'artd' (pid 12188) exited with status 0 oneshot service took 6.078000 seconds in background
09-20 02:07:42.371     0     0 I init    : Sending signal 9 to service 'artd' (pid 12188) process group...
09-20 02:07:42.372     0     0 I libprocessgroup: Successfully killed process cgroup uid 1082 pid 12188 in 0ms
09-20 02:07:42.490 12382 12454 V Network : Sending GET request to https://ajax.googleapis.com/ajax/libs/webfont/1.6.26/webfont.js
09-20 02:07:42.510   381 12459 I resolv  : GetAddrInfoHandler::run: {102 102 102 983142 10183 0}
09-20 02:07:42.511   381 12460 I resolv  : res_nmkquery: (QUERY, IN, AAAA)
09-20 02:07:42.511   381 12461 I resolv  : res_nmkquery: (QUERY, IN, A)
09-20 02:07:42.511   381 12460 I resolv  : resolv_cache_lookup: FOUND IN CACHE entry=0x7896a0c5acb0
09-20 02:07:42.512   381 12460 I resolv  : doQuery: rcode=0, ancount=1, return value=65
09-20 02:07:42.512   381 12461 I resolv  : resolv_cache_lookup: FOUND IN CACHE entry=0x7896d0c52510
09-20 02:07:42.512   381 12461 I resolv  : doQuery: rcode=0, ancount=1, return value=53
09-20 02:07:42.521 12382 12454 D TrafficStats: tagSocket(100) with statsTag=0xffffffff, statsUid=-1
09-20 02:07:42.632 12291 12366 W tomator2.server: Accessing hidden method Landroid/view/MotionEvent;->setDisplayId(I)V (blocked,test-api, reflection, allowed)
09-20 02:07:42.692 12291 12366 W tomator2.server: Accessing hidden field Landroid/view/accessibility/AccessibilityNodeInfo;->mSourceNodeId:J (unsupported, reflection, allowed)
09-20 02:07:42.699 12291 12366 I appium  : AppiumResponse: {"sessionId":"07222d70-ccaf-40a7-b15c-f1e45d4f8c18","value":{"ELEMENT":"00000000-0000-0b9d-ffff-ffff00000013","element-6066-11e4-a52e-4f735466cecf":"00000000-0000-0b9d-ffff-ffff00000013"}}
09-20 02:07:42.714 12291 12366 I appium  : channel read: POST /session/07222d70-ccaf-40a7-b15c-f1e45d4f8c18/element/00000000-0000-0b9d-ffff-ffff00000013/click
09-20 02:07:42.715 12291 12366 I appium  : Click command
09-20 02:07:42.749  1415  1415 D TaplEvents: TIS / TouchInteractionService.onInputEvent: MotionEvent { action=ACTION_DOWN, actionButton=0, id[0]=0, x[0]=74.0, y[0]=135.0, toolType[0]=TOOL_TYPE_FINGER, buttonState=0, classification=NONE, metaState=0, flags=0x0, edgeFlags=0x0, pointerCount=1, historySize=0, eventTime=109523095, downTime=109523095, deviceId=-1, source=0x1002, displayId=0, eventId=-941637231 }
09-20 02:07:42.764  1415  1415 D TaplEvents: TIS / TouchInteractionService.onInputEvent: MotionEvent { action=ACTION_UP, actionButton=0, id[0]=0, x[0]=74.0, y[0]=135.0, toolType[0]=TOOL_TYPE_FINGER, buttonState=0, classification=NONE, metaState=0, flags=0x0, edgeFlags=0x0, pointerCount=1, historySize=0, eventTime=109523129, downTime=109523095, deviceId=-1, source=0x1002, displayId=0, eventId=-744582130 }
09-20 02:07:42.766  1075  1119 D ShellBackPreview: Finishing gesture with event action: 1
09-20 02:07:42.767  1075  1119 D ShellBackPreview: onGestureFinished() mTriggerBack == false
09-20 02:07:42.767  1075  1119 D ShellBackPreview: BackAnimationController: finishBackNavigation()
09-20 02:07:42.769   445 13597 D audioserver: FGS Logger Transaction failed
09-20 02:07:42.770   445 13597 D audioserver: -129
09-20 02:07:42.788 12291 12366 W GestureController: Gestures took longer than expected (60ms >> 16ms), device might be in a busy state.
09-20 02:07:42.789 12291 12366 I appium  : Waiting up to 10000ms for the device to idle
09-20 02:07:42.885   445   554 D audioserver: FGS Logger Transaction failed
09-20 02:07:42.885   445   554 D audioserver: -129
09-20 02:07:43.068 12382 12412 D EGL_emulation: app_time_stats: avg=83.68ms min=1.82ms max=731.71ms count=19
09-20 02:07:43.124   599  4370 E TaskPersister: File error accessing recents directory (directory doesn't exist?).
09-20 02:07:43.211  1075  1075 D StatusBarIconController: ignoring old pipeline callback because the new wifi icon is enabled
09-20 02:07:43.704 12291 12366 I appium  : AppiumResponse: {"sessionId":"07222d70-ccaf-40a7-b15c-f1e45d4f8c18","value":null}
09-20 02:07:43.720 12291 12366 I appium  : channel read: POST /session/07222d70-ccaf-40a7-b15c-f1e45d4f8c18/element
09-20 02:07:43.720 12291 12366 I appium  : FindElement command
09-20 02:07:43.722 12291 12366 I appium  : method: 'accessibility id', selector: 'Login Menu Item'
09-20 02:07:43.723 12291 12366 I appium  : Waiting up to 10000ms for the device to idle
09-20 02:07:43.928 12291 12366 I appium  : AppiumResponse: {"sessionId":"07222d70-ccaf-40a7-b15c-f1e45d4f8c18","value":{"ELEMENT":"00000000-0000-0b9d-ffff-ffff00000059","element-6066-11e4-a52e-4f735466cecf":"00000000-0000-0b9d-ffff-ffff00000059"}}
09-20 02:07:43.946 12291 12366 I appium  : channel read: POST /session/07222d70-ccaf-40a7-b15c-f1e45d4f8c18/element/00000000-0000-0b9d-ffff-ffff00000059/click
09-20 02:07:43.947 12291 12366 I appium  : Click command
09-20 02:07:43.981  1415  1415 D TaplEvents: TIS / TouchInteractionService.onInputEvent: MotionEvent { action=ACTION_DOWN, actionButton=0, id[0]=0, x[0]=382.0, y[0]=1755.0, toolType[0]=TOOL_TYPE_FINGER, buttonState=0, classification=NONE, metaState=0, flags=0x0, edgeFlags=0x0, pointerCount=1, historySize=0, eventTime=109524325, downTime=109524325, deviceId=-1, source=0x1002, displayId=0, eventId=-868665701 }
09-20 02:07:43.993  1415  1415 D TaplEvents: TIS / TouchInteractionService.onInputEvent: MotionEvent { action=ACTION_UP, actionButton=0, id[0]=0, x[0]=382.0, y[0]=1755.0, toolType[0]=TOOL_TYPE_FINGER, buttonState=0, classification=NONE, metaState=0, flags=0x0, edgeFlags=0x0, pointerCount=1, historySize=0, eventTime=109524358, downTime=109524325, deviceId=-1, source=0x1002, displayId=0, eventId=-1063924442 }
09-20 02:07:43.997   445 13597 D audioserver: FGS Logger Transaction failed
09-20 02:07:43.997   445 13597 D audioserver: -129
09-20 02:07:44.002   599  2899 E Transition: Trying to add a ready-group twice: Display{#0 state=ON size=1080x2220 ROTATION_0}
09-20 02:07:44.003   599  2899 I ActivityTaskManager: START u0 {cmp=com.saucelabs.mydemoapp.android/.view.activities.MainActivity (has extras)} with LAUNCH_MULTIPLE from uid 10183 (BAL_ALLOW_VISIBLE_WINDOW) result code=0
09-20 02:07:44.004  1075  1119 V WindowManagerShell: Transition requested: android.os.BinderProxy@aa4db22 TransitionRequestInfo { type = OPEN, triggerTask = TaskInfo{userId=0 taskId=210 displayId=0 isRunning=true baseIntent=Intent { act=android.intent.action.MAIN cat=[android.intent.category.LAUNCHER] flg=0x10200000 cmp=com.saucelabs.mydemoapp.android/.view.activities.SplashActivity } baseActivity=ComponentInfo{com.saucelabs.mydemoapp.android/com.saucelabs.mydemoapp.android.view.activities.MainActivity} topActivity=ComponentInfo{com.saucelabs.mydemoapp.android/com.saucelabs.mydemoapp.android.view.activities.MainActivity} origActivity=null realActivity=ComponentInfo{com.saucelabs.mydemoapp.android/com.saucelabs.mydemoapp.android.view.activities.SplashActivity} numActivities=2 lastActiveTime=109524369 supportsMultiWindow=true resizeMode=1 isResizeable=true minWidth=-1 minHeight=-1 defaultMinSize=220 token=WCT{android.window.IWindowContainerToken$Stub$Proxy@141d9b3} topActivityType=1 pictureInPictureParams=null shouldDockBigOverlays=false launchIntoPipHostTaskId=-1 lastParentTaskIdBeforePip=-1 displayCutoutSafeInsets=null topActivityInfo=ActivityInfo{cd06b70 com.saucelabs.mydemoapp.android.view.activities.MainActivity} launchCookies=[] positionInParent=Point(0, 0) parentTaskId=-1 isFocused=true isVisible=true isVisibleRequested=true isSleeping=false topActivityInSizeCompat=false topActivityEligibleForLetterboxEducation= false topActivityLetterboxed= false isFromDoubleTap= false topActivityLetterboxVerticalPosition= -1 topActivityLetterboxHorizontalPosition= -1 topActivityLetterboxWidth=-1 topActivityLetterboxHeight=-1 locusId=null displayAreaFeatureId=1 cameraCompatControlState=hidden}, remoteTransition = null, displayChange = null }
09-20 02:07:44.006   445   554 D AudioFlinger: mixer(0x77c371c10930) throttle end: throttle time(37)
09-20 02:07:44.022   599   635 I ActivityManager: Killing 26073:com.google.android.adservices.api/u0a163 (adj 985): empty #17
09-20 02:07:44.026 12291 12366 W GestureController: Gestures took longer than expected (68ms >> 16ms), device might be in a busy state.
09-20 02:07:44.026 12291 12366 I appium  : Waiting up to 10000ms for the device to idle
09-20 02:07:44.043   599   646 I libprocessgroup: Successfully killed process cgroup uid 10163 pid 26073 in 14ms
09-20 02:07:44.044   451   451 I BpBinder: onLastStrongRef automatically unlinking death recipients: 
09-20 02:07:44.050   382   382 I Zygote  : Process 26073 exited due to signal 9 (Killed)
09-20 02:07:44.104 12382 12382 D AutofillManager: Fill dialog is enabled:false, hints=[password, passwordAuto, creditCardNumber, creditCardSecurityCode, creditCardExpirationDate]
09-20 02:07:44.162   445   554 D audioserver: FGS Logger Transaction failed
09-20 02:07:44.162   445   554 D audioserver: -129
09-20 02:07:44.172   599   633 D DisplayManagerService: Drop pending events for gone uid 10163
09-20 02:07:44.178 12382 12412 D EGL_emulation: app_time_stats: avg=88.75ms min=2.64ms max=790.02ms count=11
09-20 02:07:44.194   599  2899 D CoreBackPreview: Window{c972407 u0 com.saucelabs.mydemoapp.android/com.saucelabs.mydemoapp.android.view.activities.MainActivity}: Setting back callback OnBackInvokedCallbackInfo{mCallback=android.window.IOnBackInvokedCallback$Stub$Proxy@3c0c4d2, mPriority=0, mIsAnimationCallback=false}
09-20 02:07:44.238 12382 12412 E OpenGLRenderer: Unable to match the desired swap behavior.
09-20 02:07:44.266 12382 12382 D AutofillManager: notifyViewEnteredForFillDialog:1073741824
09-20 02:07:44.269 12382 12382 D AutofillManager: notifyViewEnteredForFillDialog:1073741825
09-20 02:07:44.270 12382 12382 D AutofillManager: Triggering pre-emptive request for fill dialog.
09-20 02:07:44.275   599  2899 I AppsFilter: interaction: PackageSetting{5f9eacc com.saucelabs.mydemoapp.android/10183} -> PackageSetting{7f2b005 com.google.android.inputmethod.latin/10134} BLOCKED
09-20 02:07:44.275   599  2899 W FillRequestEventLogger: Couldn't find packageName: com.google.android.inputmethod.latin
09-20 02:07:44.282   599   599 D AutofillInlineSuggestionsRequestSession: onCreateInlineSuggestionsRequestLocked called: 0@162416523
09-20 02:07:44.291   599  2899 D AutofillInlineSuggestionsRequestSession: onInlineSuggestionsSessionInvalidated() called.
09-20 02:07:44.294   599  2899 D AutofillInlineSuggestionsRequestSession: onInlineSuggestionsRequest() received: InlineSuggestionsRequest { maxSuggestionCount = 9, inlinePresentationSpecs = [InlinePresentationSpec { minSize = 116x121, maxSize = 660x121, style = Bundle[mParcelledData.dataSize=2816] }, InlinePresentationSpec { minSize = 116x121, maxSize = 660x121, style = Bundle[mParcelledData.dataSize=2816] }, InlinePresentationSpec { minSize = 116x121, maxSize = 660x121, style = Bundle[mParcelledData.dataSize=2816] }, InlinePresentationSpec { minSize = 116x121, maxSize = 660x121, style = Bundle[mParcelledData.dataSize=2816] }, InlinePresentationSpec { minSize = 116x121, maxSize = 660x121, style = Bundle[mParcelledData.dataSize=2816] }, InlinePresentationSpec { minSize = 116x121, maxSize = 660x121, style = Bundle[mParcelledData.dataSize=2816] }, InlinePresentationSpec { minSize = 116x121, maxSize = 660x121, style = Bundle[mParcelledData.dataSize=2816] }, InlinePresentationSpec { minSize = 116x121, maxSize = 660x121, style = Bundle[mParcelledData.dataSize=2816] }, InlinePresentationSpec { minSize = 116x121, maxSize = 660x121, style = Bundle[mParcelledData.dataSize=2816] }], hostPackageName = com.google.android.inputmethod.latin, supportedLocales = [en_US], extras = Bundle[EMPTY_PARCEL], hostInputToken = android.os.BinderProxy@fda94b, hostDisplayId = 0, inlineTooltipPresentationSpec = null }
09-20 02:07:44.377 12382 12396 W demoapp.android: Cleared Reference was only reachable from finalizer (only reported once)
09-20 02:07:44.412   599   632 I ActivityTaskManager: Displayed com.saucelabs.mydemoapp.android/.view.activities.MainActivity for user 0: +411ms
09-20 02:07:44.413   599   632 V WindowManager: Sent Transition #928 createdAt=09-20 02:07:43.996 via request=TransitionRequestInfo { type = OPEN, triggerTask = TaskInfo{userId=0 taskId=210 displayId=0 isRunning=true baseIntent=Intent { act=android.intent.action.MAIN cat=[android.intent.category.LAUNCHER] flg=0x10200000 cmp=com.saucelabs.mydemoapp.android/.view.activities.SplashActivity } baseActivity=ComponentInfo{com.saucelabs.mydemoapp.android/com.saucelabs.mydemoapp.android.view.activities.MainActivity} topActivity=ComponentInfo{com.saucelabs.mydemoapp.android/com.saucelabs.mydemoapp.android.view.activities.MainActivity} origActivity=null realActivity=ComponentInfo{com.saucelabs.mydemoapp.android/com.saucelabs.mydemoapp.android.view.activities.SplashActivity} numActivities=2 lastActiveTime=109524369 supportsMultiWindow=true resizeMode=1 isResizeable=true minWidth=-1 minHeight=-1 defaultMinSize=220 token=WCT{RemoteToken{c5d808b Task{b79a5e4 #210 type=standard A=10183:com.saucelabs.mydemoapp.android}}} topActivityType=1 pictureInPictureParams=null shouldDockBigOverlays=false launchIntoPipHostTaskId=-1 lastParentTaskIdBeforePip=-1 displayCutoutSafeInsets=null topActivityInfo=ActivityInfo{28ce991 com.saucelabs.mydemoapp.android.view.activities.MainActivity} launchCookies=[] positionInParent=Point(0, 0) parentTaskId=-1 isFocused=true isVisible=true isVisibleRequested=true isSleeping=false topActivityInSizeCompat=false topActivityEligibleForLetterboxEducation= false topActivityLetterboxed= false isFromDoubleTap= false topActivityLetterboxVerticalPosition= -1 topActivityLetterboxHorizontalPosition= -1 topActivityLetterboxWidth=-1 topActivityLetterboxHeight=-1 locusId=null displayAreaFeatureId=1 cameraCompatControlState=hidden}, remoteTransition = null, displayChange = null }
09-20 02:07:44.414   599   632 V WindowManager:     startWCT=WindowContainerTransaction { changes = {} hops = [] errorCallbackToken=null taskFragmentOrganizer=null }
09-20 02:07:44.414  1075  1119 V WindowManagerShell: onTransitionReady android.os.BinderProxy@aa4db22: {id=928 t=OPEN f=0x0 trk=0 r=[0@Point(0, 0)] c=[{null m=OPEN f=FILLS_TASK leash=Surface(name=ActivityRecord{732a07a u0 com.saucelabs.mydemoapp.android/.view.activities.MainActivity)/@0xe1a0ee9 sb=Rect(0, 0 - 0, 0) eb=Rect(0, 0 - 1080, 2220) d=-1->0 r=-1->0:-1},{null m=TO_BACK f=FILLS_TASK leash=Surface(name=ActivityRecord{dd215e u0 com.saucelabs.mydemoapp.android/.view.activities.MainActivity)/@0x2d9876e sb=Rect(0, 0 - 1080, 2220) eb=Rect(0, 0 - 1080, 2220) d=0}]}
09-20 02:07:44.414  1075  1119 V WindowManagerShell: Playing animation for (#928)android.os.BinderProxy@aa4db22@0
09-20 02:07:44.415  1075  1119 V WindowManagerShell:  try handler com.android.wm.shell.transition.DefaultMixedHandler@a1de1ae
09-20 02:07:44.415  1075  1119 V WindowManagerShell:  try handler com.android.wm.shell.keyguard.KeyguardTransitionHandler@4104b4f
09-20 02:07:44.415  1075  1119 V WindowManagerShell:  try handler com.android.wm.shell.activityembedding.ActivityEmbeddingController@ffc52dc
09-20 02:07:44.416  1075  1119 V WindowManagerShell:  try handler com.android.wm.shell.recents.RecentsTransitionHandler@1d67fe5
09-20 02:07:44.416  1075  1119 V ShellRecents: RecentsTransitionHandler.startAnimation: no controller found
09-20 02:07:44.417  1075  1119 V WindowManagerShell:  try handler com.android.wm.shell.pip.PipTransition@36a6aba
09-20 02:07:44.417   599   632 V WindowManager:     info={id=928 t=OPEN f=0x0 trk=0 r=[0@Point(0, 0)] c=[{null m=OPEN f=FILLS_TASK leash=Surface(name=ActivityRecord{732a07a u0 com.saucelabs.mydemoapp.android/.view.activities.MainActivity)/@0xec0fa1b sb=Rect(0, 0 - 0, 0) eb=Rect(0, 0 - 1080, 2220) d=-1->0 r=-1->0:-1},{null m=TO_BACK f=FILLS_TASK leash=Surface(name=ActivityRecord{dd215e u0 com.saucelabs.mydemoapp.android/.view.activities.MainActivity)/@0x29230d4 sb=Rect(0, 0 - 1080, 2220) eb=Rect(0, 0 - 1080, 2220) d=0}]}
09-20 02:07:44.417  1075  1119 V WindowManagerShell:  try handler com.android.wm.shell.splitscreen.StageCoordinator@6b04d6b
09-20 02:07:44.418  1075  1119 V WindowManagerShell:  try handler com.android.wm.shell.transition.RemoteTransitionHandler@c69c0c8
09-20 02:07:44.418  1075  1119 V WindowManagerShell: Transition doesn't have explicit remote, search filters for match for {id=928 t=OPEN f=0x0 trk=0 r=[0@Point(0, 0)] c=[{null m=OPEN f=FILLS_TASK leash=Surface(name=ActivityRecord{732a07a u0 com.saucelabs.mydemoapp.android/.view.activities.MainActivity)/@0xe1a0ee9 sb=Rect(0, 0 - 0, 0) eb=Rect(0, 0 - 1080, 2220) d=-1->0 r=-1->0:-1},{null m=TO_BACK f=FILLS_TASK leash=Surface(name=ActivityRecord{dd215e u0 com.saucelabs.mydemoapp.android/.view.activities.MainActivity)/@0x2d9876e sb=Rect(0, 0 - 1080, 2220) eb=Rect(0, 0 - 1080, 2220) d=0}]}
09-20 02:07:44.419  1075  1119 V WindowManagerShell:  Checking filter Pair{{types=[] flags=0x0] notFlags=0x0 checks=[{atype=dream independent=true modes=[OPEN,TO_FRONT] flags=NONE mustBeTask=false order=ANY topActivity=null},{atype=home independent=true modes=[CLOSE,TO_BACK] flags=NONE mustBeTask=false order=ANY topActivity=null}]} RemoteTransition { remoteTransition = android.window.IRemoteTransition$Stub$Proxy@4f98b1a, appThread = android.app.IApplicationThread$Stub$Proxy@6be564b, debugName = LauncherToDream }}
09-20 02:07:44.420  1075  1119 V WindowManagerShell:  Checking filter Pair{{types=[] flags=0x0] notFlags=0x100 checks=[{atype=home independent=true modes=[OPEN,TO_FRONT] flags=NONE mustBeTask=false order=TOP topActivity=ComponentInfo{com.google.android.apps.nexuslauncher/com.google.android.apps.nexuslauncher.NexusLauncherActivity}},{atype=standard independent=true modes=[CLOSE,TO_BACK] flags=NONE mustBeTask=false order=ANY topActivity=null}]} RemoteTransition { remoteTransition = android.window.IRemoteTransition$Stub$Proxy@657c828, appThread = android.app.IApplicationThread$Stub$Proxy@94c9941, debugName = QuickstepLaunchHome }}
09-20 02:07:44.420  1075  1119 V WindowManagerShell:  Delegate animation for #928 to null
09-20 02:07:44.420  1075  1119 V WindowManagerShell:  try handler com.android.wm.shell.transition.DefaultTransitionHandler@4743561
09-20 02:07:44.421  1075  1119 V WindowManagerShell: start default transition animation, info = {id=928 t=OPEN f=0x0 trk=0 r=[0@Point(0, 0)] c=[{null m=OPEN f=FILLS_TASK leash=Surface(name=ActivityRecord{732a07a u0 com.saucelabs.mydemoapp.android/.view.activities.MainActivity)/@0xe1a0ee9 sb=Rect(0, 0 - 0, 0) eb=Rect(0, 0 - 1080, 2220) d=-1->0 r=-1->0:-1},{null m=TO_BACK f=FILLS_TASK leash=Surface(name=ActivityRecord{dd215e u0 com.saucelabs.mydemoapp.android/.view.activities.MainActivity)/@0x2d9876e sb=Rect(0, 0 - 1080, 2220) eb=Rect(0, 0 - 1080, 2220) d=0}]}
09-20 02:07:44.423  1075  1119 V WindowManagerShell: Transition animation finished (aborted=false), notifying core (#928)android.os.BinderProxy@aa4db22@0
09-20 02:07:44.427   599   632 V WindowManager: Finish Transition #928: created at 09-20 02:07:43.996 collect-started=0.033ms request-sent=5.941ms started=9.346ms ready=17.501ms sent=413.671ms finished=428.383ms
09-20 02:07:44.432  1075  1119 V WindowManagerShell: Track 0 became idle
09-20 02:07:44.432  1075  1119 V WindowManagerShell: All active transition animations finished
09-20 02:07:44.434  1075  1119 V WindowManagerShell:  animated by com.android.wm.shell.transition.DefaultTransitionHandler@4743561
09-20 02:07:44.434  1075  1119 V WindowManagerShell: Track 0 became idle
09-20 02:07:44.434  1075  1119 V WindowManagerShell: All active transition animations finished
09-20 02:07:44.438 12382 12382 D CompatibilityChangeReporter: Compat change id reported: 163400105; UID 10183; state: DISABLED
09-20 02:07:44.450 12382 12382 I AssistStructure: Flattened final assist data: 5124 bytes, containing 1 windows, 29 views
09-20 02:07:44.451   599  2063 D AutofillSession: createPendingIntent for request 148
09-20 02:07:44.452   599  2063 D ContentCapturePerUserService: Notified activity assist data for activity: Token{5cfb02b ActivityRecord{732a07a u0 com.saucelabs.mydemoapp.android/.view.activities.MainActivity t210}} without a session Id
09-20 02:07:44.465   599   696 I ImeTracker: com.saucelabs.mydemoapp.android:c749799d: onRequestHide at ORIGIN_SERVER_HIDE_INPUT reason HIDE_STATE_HIDDEN_FORWARD_NAV
09-20 02:07:44.466   599   696 I ImeTracker: com.saucelabs.mydemoapp.android:c749799d: onCancelled at PHASE_SERVER_SHOULD_HIDE
09-20 02:07:44.469  1807  1807 I GoogleInputMethodService: GoogleInputMethodService.onFinishInput():3227 
09-20 02:07:44.471  1807  1807 I GoogleInputMethodService: GoogleInputMethodService.updateDeviceLockedStatus():2087 repeatCheckTimes = 0, unlocked = true
09-20 02:07:44.472  1807  1807 I GoogleInputMethodService: GoogleInputMethodService.onStartInput():1877 onStartInput(EditorInfo{inputType=0x0(NULL) imeOptions=0x0 privateImeOptions=null actionName=UNSPECIFIED actionLabel=null actionId=0 initialSelStart=-1 initialSelEnd=-1 initialCapsMode=0x0 hintText=null label=null packageName=com.saucelabs.mydemoapp.android fieldId=0 fieldName=null extras=null}, false)
09-20 02:07:44.473  1807  1807 I GoogleInputMethodService: GoogleInputMethodService.shouldHideHeaderOnInitialState():4008 ShouldHideHeaderOnInitialState = false
09-20 02:07:44.475  5910  5910 W AutofillChimeraService: Pending fill request while another request in the same session was triggered. [CONTEXT service_id=177 ]
09-20 02:07:44.476  1807  1807 I GoogleInputMethodService: GoogleInputMethodService.updateDeviceLockedStatus():2087 repeatCheckTimes = 2, unlocked = true
09-20 02:07:44.484   599   599 W FillRequestEventLogger: Shouldn't be logging AutofillFillRequestReported again for same event
09-20 02:07:44.484   599   599 W FillResponseEventLogger: Shouldn't be logging AutofillFillRequestReported again for same event
09-20 02:07:44.485   599   599 D AutofillSession: clearPendingIntentLocked
09-20 02:07:44.487   599   599 D AutofillInlineSuggestionsRequestSession: onInlineSuggestionsResponseLocked called for:0@162416523
09-20 02:07:44.488   599  2063 W ProcessStats: Tracking association SourceState{86baffb com.google.android.gms.persistent/10121 Fgs #62212} whose proc state 3 is better than process ProcessState{16dcc78 com.google.android.gms/10121 pkg=com.google.android.gms} proc state 14 (1 skipped)
09-20 02:07:44.488   599   633 D AutofillUI: destroySaveUiUiThread(): already destroyed
09-20 02:07:44.490  1837  1837 V InlineSuggestionRenderService: handleDestroySuggestionViews called for 0:162416523
09-20 02:07:44.972 12291 12366 I appium  : AppiumResponse: {"sessionId":"07222d70-ccaf-40a7-b15c-f1e45d4f8c18","value":null}
09-20 02:07:44.987 12291 12366 I appium  : channel read: POST /session/07222d70-ccaf-40a7-b15c-f1e45d4f8c18/element
09-20 02:07:44.989 12291 12366 I appium  : FindElement command
09-20 02:07:44.991 12291 12366 I appium  : method: 'id', selector: 'com.saucelabs.mydemoapp.android:id/nameET'
09-20 02:07:44.991 12291 12366 I appium  : Waiting up to 10000ms for the device to idle
09-20 02:07:45.032 12291 12366 I appium  : AppiumResponse: {"sessionId":"07222d70-ccaf-40a7-b15c-f1e45d4f8c18","value":{"ELEMENT":"00000000-0000-0b9e-ffff-ffff0000017c","element-6066-11e4-a52e-4f735466cecf":"00000000-0000-0b9e-ffff-ffff0000017c"}}
09-20 02:07:45.050 12291 12366 I appium  : channel read: POST /session/07222d70-ccaf-40a7-b15c-f1e45d4f8c18/element/00000000-0000-0b9e-ffff-ffff0000017c/value
09-20 02:07:45.052 12291 12366 I appium  : SendKeysToElement command
09-20 02:07:45.081  1807  1807 W AndroidSpellCheckerService: AndroidSpellCheckerService.initialize():82 initialize...
09-20 02:07:45.081  1807  1807 I ShortcutsDataManager: ShortcutsDataManager.onContentChanged():70 onContentChanged()
09-20 02:07:45.081  1807  1807 I ContactsDataManager: ContactsDataManager.onContentChanged():156 onContentChanged()
09-20 02:07:45.082  1807  1807 W AndroidSpellCheckerService: AndroidSpellCheckerService.initialize():94 initialize...done
09-20 02:07:45.085 12291 12366 I appium  : AppiumResponse: {"sessionId":"07222d70-ccaf-40a7-b15c-f1e45d4f8c18","value":null}
09-20 02:07:45.101 12291 12366 I appium  : channel read: POST /session/07222d70-ccaf-40a7-b15c-f1e45d4f8c18/element
09-20 02:07:45.103 12291 12366 I appium  : FindElement command
09-20 02:07:45.104 12291 12366 I appium  : method: 'id', selector: 'com.saucelabs.mydemoapp.android:id/passwordET'
09-20 02:07:45.105 12291 12366 I appium  : Waiting up to 10000ms for the device to idle
