--------- beginning of main
09-20 02:09:28.771 15381 15438 I appium  : channel read: DELETE /session/e720d2ff-45eb-4598-8005-75220de59444
09-20 02:09:28.771 15381 15438 I appium  : DeleteSession command
09-20 02:09:28.774 15381 15438 I appium  : AppiumResponse: {"sessionId":"e720d2ff-45eb-4598-8005-75220de59444","value":null}
09-20 02:09:28.788 15381 15381 I appium  : Stopping ServerInstrumentation
09-20 02:09:28.788 15381 15381 I appium  : Stopping MJPEG Server
09-20 02:09:28.791 15381 15414 E appium  : Socket Server failed to open connection.
09-20 02:09:28.791 15381 15414 E appium  : java.net.SocketException: Socket closed
09-20 02:09:28.791 15381 15414 E appium  : 	at java.net.PlainSocketImpl.socketAccept(PlainSocketImpl.java:213)
09-20 02:09:28.791 15381 15414 E appium  : 	at java.net.AbstractPlainSocketImpl.accept(AbstractPlainSocketImpl.java:451)
09-20 02:09:28.791 15381 15414 E appium  : 	at java.net.ServerSocket.implAccept(ServerSocket.java:569)
09-20 02:09:28.791 15381 15414 E appium  : 	at java.net.ServerSocket.accept(ServerSocket.java:537)
09-20 02:09:28.791 15381 15414 E appium  : 	at io.appium.uiautomator2.server.mjpeg.MjpegScreenshotServer.run(MjpegScreenshotServer.java:66)
09-20 02:09:28.791 15381 15381 I appium  : MJPEG Server stopped
09-20 02:09:28.795 15381 15381 I appium  : ServerInstrumentation stopped
09-20 02:09:28.797 15381 15406 I appium  : >>>Entry point finish<<<
09-20 02:09:28.799 15381 15406 I TestRunner: finished: startServer(io.appium.uiautomator2.server.test.AppiumUiAutomator2Server)
09-20 02:09:28.808 15381 15406 I TestRunner: run finished: 1 tests, 0 failed, 0 ignored
--------- beginning of system
09-20 02:09:28.819   599   695 W WindowMagnificationMgr: requestConnection duplicated request: connect=false, mConnectionState=DISCONNECTED
09-20 02:09:28.819   599   695 D AccessibilityManagerService: restoreCurrentUserForTestAutomationIfNeededLocked(): ignoring because device doesn't support visible background users
09-20 02:09:28.821  1966  2992 I AiAiEcho: Settings changed for uri: content://settings/secure/accessibility_enabled
09-20 02:09:28.822   599  1795 I ActivityManager: Force stopping io.appium.uiautomator2.server appid=10186 user=0: finished inst
09-20 02:09:28.823  1966  2366 I AiAiEcho: Predicting[0]: 
09-20 02:09:28.826 15347 15347 I app_process: System.exit called, status: 0
09-20 02:09:28.826 15347 15347 I AndroidRuntime: VM exiting with result code 0.
09-20 02:09:28.827  1966  2366 I AiAiEcho: EchoTargets: 
09-20 02:09:28.827  1966  2366 I AiAiEcho: Filtered by AiAi flag check: 
--------- beginning of kernel
09-20 02:09:28.796     0     0 I binder  : 599:1795 ioctl 400c620e 7c1de4313a30 returned -11
09-20 02:09:28.800     0     0 I binder  : 599:1795 ioctl 400c620e 7c1de4313a30 returned -11
09-20 02:09:28.828  1966  2366 I AiAiEcho: Ranked targets strategy: SORT, count: 0, ranking metadata: 
09-20 02:09:28.830 20220 20267 I A       : NGA disabled due to not being eligible.
09-20 02:09:28.831   599  1795 E ActivityManager: Unable to freeze binder for 15381: -11
09-20 02:09:28.832  1966  2366 I AiAiEcho: Predicting[0]: 
09-20 02:09:28.832  1966  2366 I AiAiEcho: EchoTargets: 
09-20 02:09:28.832  1966  2366 I AiAiEcho: Filtered by AiAi flag check: 
09-20 02:09:28.832  1966  2366 I AiAiEcho: Ranked targets strategy: SORT, count: 0, ranking metadata: 
09-20 02:09:28.835  1966  2366 I AiAiEcho: #postPredictionTargets: Sending updates to UISurface home with targets# 0 (types=[])
09-20 02:09:28.840   599   633 D DisplayManagerService: Drop pending events for gone uid 10186
09-20 02:09:28.841   599  1795 I ActivityManager: Killing 15381:io.appium.uiautomator2.server/u0a186 (adj 0): stop io.appium.uiautomator2.server due to finished inst
09-20 02:09:28.850  1966  2366 I AiAiEcho: #postPredictionTargets: Sending updates to UISurface lockscreen with targets# 0 (types=[])
09-20 02:09:28.854   599   599 D BatterySaverPolicy: accessibility changed to false, updating policy.
09-20 02:09:28.876  1075  1075 W PageIndicator: Total number of pages invalid: 0. Assuming 1 page.
09-20 02:09:28.857     0     0 I binder  : undelivered TRANSACTION_COMPLETE
09-20 02:09:28.857     0     0 I binder  : undelivered transaction 7520168, process died.
09-20 02:09:28.886   599  2235 V ActivityManager: Got obituary of 15381:io.appium.uiautomator2.server
09-20 02:09:28.887   382   382 I Zygote  : Process 15381 exited due to signal 9 (Killed)
09-20 02:09:29.002   599  2062 I ActivityManager: Force stopping io.appium.uiautomator2.server.test appid=10185 user=0: from pid 15716
09-20 02:09:29.002   599  2062 E libprocessgroup: No such cgroup attribute: /sys/fs/cgroup/uid_10185/cgroup.freeze
09-20 02:09:29.003   599  2062 W libprocessgroup: Failed to apply Frozen process profile: No such file or directory
09-20 02:09:29.007   599  2062 E libprocessgroup: No such cgroup attribute: /sys/fs/cgroup/uid_10185/cgroup.freeze
09-20 02:09:29.008   599  2062 W libprocessgroup: Failed to apply Unfrozen process profile: No such file or directory
09-20 02:09:29.008   599  2062 I AppsFilter: interaction: PackageSetting{8344c4a com.saucelabs.mydemoapp.android/10183} -> PackageSetting{57fd37 io.appium.uiautomator2.server.test/10185} BLOCKED
09-20 02:09:29.009   599  2062 I AppsFilter: interaction: PackageSetting{427c2a4 io.appium.settings/10184} -> PackageSetting{57fd37 io.appium.uiautomator2.server.test/10185} BLOCKED
09-20 02:09:29.013   599  2880 I ActivityManager: Force stopping io.appium.uiautomator2.server appid=10186 user=0: from pid 15715
09-20 02:09:29.018   599  2880 I AppsFilter: interaction: PackageSetting{8344c4a com.saucelabs.mydemoapp.android/10183} -> PackageSetting{f654135 io.appium.uiautomator2.server/10186} BLOCKED
09-20 02:09:29.019   599  2880 I AppsFilter: interaction: PackageSetting{427c2a4 io.appium.settings/10184} -> PackageSetting{f654135 io.appium.uiautomator2.server/10186} BLOCKED
09-20 02:09:29.050  1324  1324 D CarrierSvcBindHelper: onHandleForceStop: [io.appium.uiautomator2.server.test]
09-20 02:09:29.051  1324  1324 D CarrierSvcBindHelper: No carrier app for: 0
09-20 02:09:29.052  1324  1324 D CarrierSvcBindHelper: onHandleForceStop: [io.appium.uiautomator2.server]
09-20 02:09:29.053  1324  1324 D CarrierSvcBindHelper: No carrier app for: 0
09-20 02:09:29.090   599  2062 I ActivityManager: Force stopping com.saucelabs.mydemoapp.android appid=10183 user=0: from pid 15727
09-20 02:09:29.093   599  2062 I ActivityManager: Killing 15458:com.saucelabs.mydemoapp.android/u0a183 (adj 0): stop com.saucelabs.mydemoapp.android due to from pid 15727
09-20 02:09:29.095   599  2062 W ActivityTaskManager: Force removing ActivityRecord{85b7799 u0 com.saucelabs.mydemoapp.android/.view.activities.MainActivity t216 f}}: app died, no saved state
09-20 02:09:29.096   599   633 D DisplayManagerService: Drop pending events for gone uid 10183
09-20 02:09:29.098  1075  1119 V WindowManagerShell: Transition requested: android.os.BinderProxy@18968bf TransitionRequestInfo { type = CLOSE, triggerTask = null, remoteTransition = null, displayChange = null }
09-20 02:09:29.101   599  2062 W ActivityTaskManager: Force removing ActivityRecord{bd32a77 u0 com.saucelabs.mydemoapp.android/.view.activities.MainActivity t216 f}}: app died, no saved state
09-20 02:09:29.102   599   643 W UsageStatsService: Unexpected activity event reported! (com.saucelabs.mydemoapp.android/com.saucelabs.mydemoapp.android.view.activities.MainActivity event : 23 instanceId : 249792228)
09-20 02:09:29.111  1415  1415 D AutofillManager: view is not autofillable - activity denied for autofill
09-20 02:09:29.113   599  2033 W AppSearchIcing: icing-search-engine.cc:283: Error: 5, Message: Document (com.google.android.googlequicksearchbox$OneSearchZeroStateGoogleSuggestions/default, zp) not found.
09-20 02:09:29.115  1415  2586 D OneSearchSuggestProvider: Created the binder channel successfully for end point service =com.google.android.apps.search.googleapp.search.suggest.plugins.onesearch.server.OneSearchSuggestService , mChannel=z1{delegate=s1{logId=833, target=directaddress:///AndroidComponentAddress%5BIntent%20%7B%20act=grpc.io.action.BIND%20cmp=com.google.android.googlequicksearchbox/com.google.android.apps.search.googleapp.search.suggest.plugins.onesearch.server.OneSearchSuggestService%20%7D%5D}} , mOneSearchConnection=X1.T@7b2f8ef
09-20 02:09:29.125 20220  6621 E OpenGLRenderer: Unable to match the desired swap behavior.
09-20 02:09:29.131   382   382 I Zygote  : Process 15458 exited due to signal 9 (Killed)
09-20 02:09:29.143   599  2872 I ImeTracker: com.saucelabs.mydemoapp.android:dd249c69: onRequestHide at ORIGIN_SERVER_HIDE_INPUT reason HIDE_REMOVE_CLIENT
09-20 02:09:29.143   599  2872 I ImeTracker: com.saucelabs.mydemoapp.android:dd249c69: onCancelled at PHASE_SERVER_SHOULD_HIDE
09-20 02:09:29.151   599   636 W WindowManager: Failed to deliver inset control state change to w=Window{62f455 u0 com.saucelabs.mydemoapp.android/com.saucelabs.mydemoapp.android.view.activities.MainActivity}
09-20 02:09:29.151   599   636 W WindowManager: android.os.DeadObjectException
09-20 02:09:29.151   599   636 W WindowManager: 	at android.os.BinderProxy.transactNative(Native Method)
09-20 02:09:29.151   599   636 W WindowManager: 	at android.os.BinderProxy.transact(BinderProxy.java:584)
09-20 02:09:29.151   599   636 W WindowManager: 	at android.view.IWindow$Stub$Proxy.insetsControlChanged(IWindow.java:479)
09-20 02:09:29.151   599   636 W WindowManager: 	at com.android.server.wm.WindowState.notifyInsetsControlChanged(WindowState.java:3794)
09-20 02:09:29.151   599   636 W WindowManager: 	at com.android.server.wm.InsetsStateController.lambda$notifyPendingInsetsControlChanged$3(InsetsStateController.java:343)
09-20 02:09:29.151   599   636 W WindowManager: 	at com.android.server.wm.InsetsStateController.$r8$lambda$8yykPRG1GyNq_J17QvL9d5xANMc(InsetsStateController.java:0)
09-20 02:09:29.151   599   636 W WindowManager: 	at com.android.server.wm.InsetsStateController$$ExternalSyntheticLambda2.run(R8$$SyntheticClass:0)
09-20 02:09:29.151   599   636 W WindowManager: 	at com.android.server.wm.WindowAnimator.executeAfterPrepareSurfacesRunnables(WindowAnimator.java:294)
09-20 02:09:29.151   599   636 W WindowManager: 	at com.android.server.wm.WindowAnimator.animate(WindowAnimator.java:202)
09-20 02:09:29.151   599   636 W WindowManager: 	at com.android.server.wm.WindowAnimator.lambda$new$1(WindowAnimator.java:99)
09-20 02:09:29.151   599   636 W WindowManager: 	at com.android.server.wm.WindowAnimator.$r8$lambda$aHNu1uhcqxihX5NZc4McDDQPAyw(WindowAnimator.java:0)
09-20 02:09:29.151   599   636 W WindowManager: 	at com.android.server.wm.WindowAnimator$$ExternalSyntheticLambda1.doFrame(R8$$SyntheticClass:0)
09-20 02:09:29.151   599   636 W WindowManager: 	at android.view.Choreographer$CallbackRecord.run(Choreographer.java:1337)
09-20 02:09:29.151   599   636 W WindowManager: 	at android.view.Choreographer$CallbackRecord.run(Choreographer.java:1348)
09-20 02:09:29.151   599   636 W WindowManager: 	at android.view.Choreographer.doCallbacks(Choreographer.java:952)
09-20 02:09:29.151   599   636 W WindowManager: 	at android.view.Choreographer.doFrame(Choreographer.java:878)
09-20 02:09:29.151   599   636 W WindowManager: 	at android.view.Choreographer$FrameDisplayEventReceiver.run(Choreographer.java:1322)
09-20 02:09:29.151   599   636 W WindowManager: 	at android.os.Handler.handleCallback(Handler.java:958)
09-20 02:09:29.151   599   636 W WindowManager: 	at android.os.Handler.dispatchMessage(Handler.java:99)
09-20 02:09:29.151   599   636 W WindowManager: 	at android.os.Looper.loopOnce(Looper.java:205)
09-20 02:09:29.151   599   636 W WindowManager: 	at android.os.Looper.loop(Looper.java:294)
09-20 02:09:29.151   599   636 W WindowManager: 	at android.os.HandlerThread.run(HandlerThread.java:67)
09-20 02:09:29.151   599   636 W WindowManager: 	at com.android.server.ServiceThread.run(ServiceThread.java:46)
09-20 02:09:29.155   599  2062 I AppsFilter: interaction: PackageSetting{57fd37 io.appium.uiautomator2.server.test/10185} -> PackageSetting{fe9e1a5 com.saucelabs.mydemoapp.android/10183} BLOCKED
09-20 02:09:29.155   599  2062 I AppsFilter: interaction: PackageSetting{427c2a4 io.appium.settings/10184} -> PackageSetting{fe9e1a5 com.saucelabs.mydemoapp.android/10183} BLOCKED
09-20 02:09:29.157   599  1145 I WindowManager: WIN DEATH: Window{bf05668 u0 com.saucelabs.mydemoapp.android/com.saucelabs.mydemoapp.android.view.activities.MainActivity}
09-20 02:09:29.158   599  1145 W InputManager-JNI: Input channel object 'bf05668 com.saucelabs.mydemoapp.android/com.saucelabs.mydemoapp.android.view.activities.MainActivity (client)' was disposed without first being removed with the input manager!
09-20 02:09:29.160  1415  2241 E OpenGLRenderer: Unable to match the desired swap behavior.
09-20 02:09:29.161   599  2243 I WindowManager: WIN DEATH: Window{62f455 u0 com.saucelabs.mydemoapp.android/com.saucelabs.mydemoapp.android.view.activities.MainActivity}
09-20 02:09:29.163   599  2243 W InputManager-JNI: Input channel object '62f455 com.saucelabs.mydemoapp.android/com.saucelabs.mydemoapp.android.view.activities.MainActivity (client)' was disposed without first being removed with the input manager!
09-20 02:09:29.163   451   451 I BpBinder: onLastStrongRef automatically unlinking death recipients: 
09-20 02:09:29.168  1966  2366 I AiAiEcho: Predicting[0]: 
09-20 02:09:29.168  1966  2366 I AiAiEcho: EchoTargets: 
09-20 02:09:29.168  1966  2366 I AiAiEcho: Filtered by AiAi flag check: 
09-20 02:09:29.170  1966  2366 I AiAiEcho: Ranked targets strategy: SORT, count: 0, ranking metadata: 
09-20 02:09:29.171   599   635 V WindowManager: Unknown focus tokens, dropping reportFocusChanged
09-20 02:09:29.177  1966  2366 I AiAiEcho: #postPredictionTargets: Sending updates to UISurface home with targets# 0 (types=[])
09-20 02:09:29.184   599  1797 V ActivityManager: Got obituary of 15458:com.saucelabs.mydemoapp.android
09-20 02:09:29.212 20220 20220 I A       : Created gRPC endpoint to "search" for service class com.google.android.apps.search.googleapp.search.suggest.plugins.onesearch.server.OneSearchSuggestService
09-20 02:09:29.218 20220 20220 W A       : Can't get WAA status for Mavatar!
09-20 02:09:29.218 20220 20220 W A       : java.lang.NullPointerException: Attempt to invoke virtual method 'java.lang.Class java.lang.Object.getClass()' on a null object reference
09-20 02:09:29.218 20220 20220 W A       : 	at com.google.apps.tiktok.dataservice.z.b(PG:1)
09-20 02:09:29.218 20220 20220 W A       : 	at com.google.apps.tiktok.dataservice.at.a(PG:1)
09-20 02:09:29.218 20220 20220 W A       : 	at com.google.apps.tiktok.tracing.ec.a(PG:2)
09-20 02:09:29.218 20220 20220 W A       : 	at com.google.common.util.concurrent.aj.a(PG:2)
09-20 02:09:29.218 20220 20220 W A       : 	at com.google.common.util.concurrent.ac.apply(PG:1)
09-20 02:09:29.218 20220 20220 W A       : 	at com.google.common.util.concurrent.h.e(PG:2)
09-20 02:09:29.218 20220 20220 W A       : 	at com.google.common.util.concurrent.j.run(PG:9)
09-20 02:09:29.218 20220 20220 W A       : 	at com.google.common.util.concurrent.bf.execute(PG:1)
09-20 02:09:29.218 20220 20220 W A       : 	at com.google.common.util.concurrent.d.i(PG:1)
09-20 02:09:29.218 20220 20220 W A       : 	at com.google.common.util.concurrent.d.l(PG:12)
09-20 02:09:29.218 20220 20220 W A       : 	at com.google.common.util.concurrent.d.n(PG:2)
09-20 02:09:29.218 20220 20220 W A       : 	at com.google.common.util.concurrent.i.f(PG:1)
09-20 02:09:29.218 20220 20220 W A       : 	at com.google.common.util.concurrent.j.run(PG:12)
09-20 02:09:29.218 20220 20220 W A       : 	at com.google.android.libraries.i.ae.run(PG:1)
09-20 02:09:29.218 20220 20220 W A       : 	at java.util.concurrent.ThreadPoolExecutor.runWorker(ThreadPoolExecutor.java:1145)
09-20 02:09:29.218 20220 20220 W A       : 	at java.util.concurrent.ThreadPoolExecutor$Worker.run(ThreadPoolExecutor.java:644)
09-20 02:09:29.218 20220 20220 W A       : 	at com.google.android.libraries.i.k.run(PG:2)
09-20 02:09:29.218 20220 20220 W A       : 	at com.google.android.libraries.i.p.run(PG:4)
09-20 02:09:29.218 20220 20220 W A       : 	at java.lang.Thread.run(Thread.java:1012)
09-20 02:09:29.232  1075  1119 V WindowManagerShell: onTransitionReady android.os.BinderProxy@18968bf: {id=964 t=CLOSE f=0x0 trk=0 r=[0@Point(0, 0)] c=[{WCT{android.window.IWindowContainerToken$Stub$Proxy@5fd4478} m=TO_BACK f=NONE leash=Surface(name=Task=216)/@0x825fb8c sb=Rect(0, 0 - 1080, 2220) eb=Rect(0, 0 - 1080, 2220) d=0},{WCT{android.window.IWindowContainerToken$Stub$Proxy@482e751} m=TO_FRONT f=SHOW_WALLPAPER leash=Surface(name=Task=1)/@0x518f2d5 sb=Rect(0, 0 - 1080, 2220) eb=Rect(0, 0 - 1080, 2220) d=0},{null m=TO_FRONT f=IS_WALLPAPER leash=Surface(name=WallpaperWindowToken{60338c9 token=android.os.Binder@81e90d0})/@0xb5a7aea sb=Rect(0, 0 - 1080, 2220) eb=Rect(0, 0 - 1080, 2220) d=0}]}
09-20 02:09:29.233  1075  1119 V WindowManagerShell: Playing animation for (#964)android.os.BinderProxy@18968bf@0
09-20 02:09:29.234  1075  1119 V WindowManagerShell:  try handler com.android.wm.shell.transition.DefaultMixedHandler@a1de1ae
09-20 02:09:29.234  1075  1119 V WindowManagerShell:  try handler com.android.wm.shell.keyguard.KeyguardTransitionHandler@4104b4f
09-20 02:09:29.234  1075  1119 V WindowManagerShell:  try handler com.android.wm.shell.activityembedding.ActivityEmbeddingController@ffc52dc
09-20 02:09:29.234  1075  1119 V WindowManagerShell:  try handler com.android.wm.shell.recents.RecentsTransitionHandler@1d67fe5
09-20 02:09:29.234  1075  1119 V ShellRecents: RecentsTransitionHandler.startAnimation: no controller found
09-20 02:09:29.235  1075  1119 V WindowManagerShell:  try handler com.android.wm.shell.pip.PipTransition@36a6aba
09-20 02:09:29.235  1075  1119 V WindowManagerShell:  try handler com.android.wm.shell.splitscreen.StageCoordinator@6b04d6b
09-20 02:09:29.236  1075  1119 V WindowManagerShell:  try handler com.android.wm.shell.transition.RemoteTransitionHandler@c69c0c8
09-20 02:09:29.236  1075  1119 V WindowManagerShell: Transition doesn't have explicit remote, search filters for match for {id=964 t=CLOSE f=0x0 trk=0 r=[0@Point(0, 0)] c=[{WCT{android.window.IWindowContainerToken$Stub$Proxy@5fd4478} m=TO_BACK f=NONE leash=Surface(name=Task=216)/@0x825fb8c sb=Rect(0, 0 - 1080, 2220) eb=Rect(0, 0 - 1080, 2220) d=0},{WCT{android.window.IWindowContainerToken$Stub$Proxy@482e751} m=TO_FRONT f=SHOW_WALLPAPER leash=Surface(name=Task=1)/@0x518f2d5 sb=Rect(0, 0 - 1080, 2220) eb=Rect(0, 0 - 1080, 2220) d=0},{null m=TO_FRONT f=IS_WALLPAPER leash=Surface(name=WallpaperWindowToken{60338c9 token=android.os.Binder@81e90d0})/@0xb5a7aea sb=Rect(0, 0 - 1080, 2220) eb=Rect(0, 0 - 1080, 2220) d=0}]}
09-20 02:09:29.236  1075  1119 V WindowManagerShell:  Checking filter Pair{{types=[] flags=0x0] notFlags=0x0 checks=[{atype=dream independent=true modes=[OPEN,TO_FRONT] flags=NONE mustBeTask=false order=ANY topActivity=null},{atype=home independent=true modes=[CLOSE,TO_BACK] flags=NONE mustBeTask=false order=ANY topActivity=null}]} RemoteTransition { remoteTransition = android.window.IRemoteTransition$Stub$Proxy@4f98b1a, appThread = android.app.IApplicationThread$Stub$Proxy@6be564b, debugName = LauncherToDream }}
09-20 02:09:29.236   599   632 V WindowManager: Sent Transition #964 createdAt=09-20 02:09:29.096 via request=TransitionRequestInfo { type = CLOSE, triggerTask = null, remoteTransition = null, displayChange = null }
09-20 02:09:29.236   599   632 V WindowManager:     startWCT=WindowContainerTransaction { changes = {} hops = [] errorCallbackToken=null taskFragmentOrganizer=null }
09-20 02:09:29.236  1075  1119 V WindowManagerShell:  Checking filter Pair{{types=[] flags=0x0] notFlags=0x100 checks=[{atype=home independent=true modes=[OPEN,TO_FRONT] flags=NONE mustBeTask=false order=TOP topActivity=ComponentInfo{com.google.android.apps.nexuslauncher/com.google.android.apps.nexuslauncher.NexusLauncherActivity}},{atype=standard independent=true modes=[CLOSE,TO_BACK] flags=NONE mustBeTask=false order=ANY topActivity=null}]} RemoteTransition { remoteTransition = android.window.IRemoteTransition$Stub$Proxy@657c828, appThread = android.app.IApplicationThread$Stub$Proxy@94c9941, debugName = QuickstepLaunchHome }}
09-20 02:09:29.237  1075  1119 V WindowManagerShell:  Delegate animation for #964 to null
09-20 02:09:29.237   599   632 V WindowManager:     info={id=964 t=CLOSE f=0x0 trk=0 r=[0@Point(0, 0)] c=[{WCT{RemoteToken{39262b Task{1bb1504 #216 type=standard A=10183:com.saucelabs.mydemoapp.android}}} m=TO_BACK f=NONE leash=Surface(name=Task=216)/@0xdfdfaa5 sb=Rect(0, 0 - 1080, 2220) eb=Rect(0, 0 - 1080, 2220) d=0},{WCT{RemoteToken{f22cfe9 Task{61cd07c #1 type=home}}} m=TO_FRONT f=SHOW_WALLPAPER leash=Surface(name=Task=1)/@0x25fd7f6 sb=Rect(0, 0 - 1080, 2220) eb=Rect(0, 0 - 1080, 2220) d=0},{null m=TO_FRONT f=IS_WALLPAPER leash=Surface(name=WallpaperWindowToken{60338c9 token=android.os.Binder@81e90d0})/@0x77cade6 sb=Rect(0, 0 - 1080, 2220) eb=Rect(0, 0 - 1080, 2220) d=0}]}
09-20 02:09:29.237  1075  1119 V WindowManagerShell:  try handler com.android.wm.shell.transition.DefaultTransitionHandler@4743561
09-20 02:09:29.238  1075  1119 V WindowManagerShell: start default transition animation, info = {id=964 t=CLOSE f=0x0 trk=0 r=[0@Point(0, 0)] c=[{WCT{android.window.IWindowContainerToken$Stub$Proxy@5fd4478} m=TO_BACK f=NONE leash=Surface(name=Task=216)/@0x825fb8c sb=Rect(0, 0 - 1080, 2220) eb=Rect(0, 0 - 1080, 2220) d=0},{WCT{android.window.IWindowContainerToken$Stub$Proxy@482e751} m=TO_FRONT f=SHOW_WALLPAPER leash=Surface(name=Task=1)/@0x518f2d5 sb=Rect(0, 0 - 1080, 2220) eb=Rect(0, 0 - 1080, 2220) d=0},{null m=TO_FRONT f=IS_WALLPAPER leash=Surface(name=WallpaperWindowToken{60338c9 token=android.os.Binder@81e90d0})/@0xb5a7aea sb=Rect(0, 0 - 1080, 2220) eb=Rect(0, 0 - 1080, 2220) d=0}]}
09-20 02:09:29.238  1075  1119 V WindowManagerShell: loadAnimation: anim=android.view.animation.AnimationSet@ff5b0b7 animAttr=0x10 type=CLOSE isEntrance=true
09-20 02:09:29.239  1075  1119 V WindowManagerShell: loadAnimation: anim=android.view.animation.AnimationSet@6db7d42 animAttr=0x11 type=CLOSE isEntrance=false
09-20 02:09:29.243  1075  1119 V WindowManagerShell:  animated by com.android.wm.shell.transition.DefaultTransitionHandler@4743561
09-20 02:09:29.257  1324  1324 D CarrierSvcBindHelper: onHandleForceStop: [com.saucelabs.mydemoapp.android]
09-20 02:09:29.257  3054  3054 I GsaVoiceInteractionSrv: Handling ACTION_START_HOTWORD
09-20 02:09:29.259  3054  3444 I GsaVoiceInteractionSrv: disregardVoiceMatch: false
09-20 02:09:29.260  3054  3444 I GsaVoiceInteractionSrv: Cannot start hotword, hotword has been explicitly disabled.
09-20 02:09:29.271  1324  1324 D CarrierSvcBindHelper: No carrier app for: 0
09-20 02:09:29.281   599  1797 I ImeTracker: com.google.android.apps.nexuslauncher:2e585216: onRequestHide at ORIGIN_SERVER_HIDE_INPUT reason HIDE_UNSPECIFIED_WINDOW
09-20 02:09:29.282   599  1797 I ImeTracker: com.google.android.apps.nexuslauncher:2e585216: onCancelled at PHASE_SERVER_SHOULD_HIDE
09-20 02:09:29.286  1807  1807 I GoogleInputMethodService: GoogleInputMethodService.onFinishInput():3227 
09-20 02:09:29.288  1807  1807 I GoogleInputMethodService: GoogleInputMethodService.updateDeviceLockedStatus():2087 repeatCheckTimes = 0, unlocked = true
09-20 02:09:29.290  1807  1807 I GoogleInputMethodService: GoogleInputMethodService.onStartInput():1877 onStartInput(EditorInfo{inputType=0x0(NULL) imeOptions=0x0 privateImeOptions=null actionName=UNSPECIFIED actionLabel=null actionId=0 initialSelStart=-1 initialSelEnd=-1 initialCapsMode=0x0 hintText=null label=null packageName=com.google.android.apps.nexuslauncher fieldId=0 fieldName=null extras=null}, false)
09-20 02:09:29.290  1807  1807 I GoogleInputMethodService: GoogleInputMethodService.shouldHideHeaderOnInitialState():4008 ShouldHideHeaderOnInitialState = false
09-20 02:09:29.296  1807  1807 I GoogleInputMethodService: GoogleInputMethodService.updateDeviceLockedStatus():2087 repeatCheckTimes = 2, unlocked = true
09-20 02:09:29.302   599   636 W WindowManager: Failed to deliver inset control state change to w=Window{62f455 u0 com.saucelabs.mydemoapp.android/com.saucelabs.mydemoapp.android.view.activities.MainActivity EXITING}
09-20 02:09:29.302   599   636 W WindowManager: android.os.DeadObjectException
09-20 02:09:29.302   599   636 W WindowManager: 	at android.os.BinderProxy.transactNative(Native Method)
09-20 02:09:29.302   599   636 W WindowManager: 	at android.os.BinderProxy.transact(BinderProxy.java:584)
09-20 02:09:29.302   599   636 W WindowManager: 	at android.view.IWindow$Stub$Proxy.insetsControlChanged(IWindow.java:479)
09-20 02:09:29.302   599   636 W WindowManager: 	at com.android.server.wm.WindowState.notifyInsetsControlChanged(WindowState.java:3794)
09-20 02:09:29.302   599   636 W WindowManager: 	at com.android.server.wm.InsetsStateController.lambda$notifyPendingInsetsControlChanged$3(InsetsStateController.java:343)
09-20 02:09:29.302   599   636 W WindowManager: 	at com.android.server.wm.InsetsStateController.$r8$lambda$8yykPRG1GyNq_J17QvL9d5xANMc(InsetsStateController.java:0)
09-20 02:09:29.302   599   636 W WindowManager: 	at com.android.server.wm.InsetsStateController$$ExternalSyntheticLambda2.run(R8$$SyntheticClass:0)
09-20 02:09:29.302   599   636 W WindowManager: 	at com.android.server.wm.WindowAnimator.executeAfterPrepareSurfacesRunnables(WindowAnimator.java:294)
09-20 02:09:29.302   599   636 W WindowManager: 	at com.android.server.wm.RootWindowContainer.performSurfacePlacementNoTrace(RootWindowContainer.java:811)
09-20 02:09:29.302   599   636 W WindowManager: 	at com.android.server.wm.RootWindowContainer.performSurfacePlacement(RootWindowContainer.java:756)
09-20 02:09:29.302   599   636 W WindowManager: 	at com.android.server.wm.WindowSurfacePlacer.performSurfacePlacementLoop(WindowSurfacePlacer.java:177)
09-20 02:09:29.302   599   636 W WindowManager: 	at com.android.server.wm.WindowSurfacePlacer.performSurfacePlacement(WindowSurfacePlacer.java:126)
09-20 02:09:29.302   599   636 W WindowManager: 	at com.android.server.wm.WindowSurfacePlacer.performSurfacePlacement(WindowSurfacePlacer.java:115)
09-20 02:09:29.302   599   636 W WindowManager: 	at com.android.server.wm.WindowSurfacePlacer$Traverser.run(WindowSurfacePlacer.java:57)
09-20 02:09:29.302   599   636 W WindowManager: 	at android.os.Handler.handleCallback(Handler.java:958)
09-20 02:09:29.302   599   636 W WindowManager: 	at android.os.Handler.dispatchMessage(Handler.java:99)
09-20 02:09:29.302   599   636 W WindowManager: 	at android.os.Looper.loopOnce(Looper.java:205)
09-20 02:09:29.302   599   636 W WindowManager: 	at android.os.Looper.loop(Looper.java:294)
09-20 02:09:29.302   599   636 W WindowManager: 	at android.os.HandlerThread.run(HandlerThread.java:67)
09-20 02:09:29.302   599   636 W WindowManager: 	at com.android.server.ServiceThread.run(ServiceThread.java:46)
09-20 02:09:29.330  1415  1415 D SearchTargetUtil:  query= size=15
09-20 02:09:29.331  1415  1415 D SearchTargetUtil: layoutType=short_icon_row resultType=131072 packageName=com.google.android.googlequicksearchbox extras=Bundle{suggestion_type=33,suggest_truncate_start=false,is_answer=false,is_entity=false,is_personal=false,suggest_raw_text=samsung galaxy s25 ultra price,group_id=web11843503,response_id=3287fffe-7ee8-46c3-94c2-51590d707659,support_query_builder=false,} searchAction=samsung galaxy s25 ultra price searchActionExtras=Bundle{learn_more_url=https://support.google.com/websearch/answer/106230?hl=106230,suggestion_action_text=Report this,should_start_for_result=true,allow_pinning=true,skip_logging_in_target_handler=false,suggestion_action_rpc=2,}ParentID: null targetID: bfa462e9-6100-40e5-9049-9d792dbe9e0e
09-20 02:09:29.332  1415  1415 D SearchTargetUtil: layoutType=short_icon_row resultType=131072 packageName=com.google.android.googlequicksearchbox extras=Bundle{suggestion_type=33,suggest_truncate_start=false,is_answer=false,is_entity=false,is_personal=false,suggest_raw_text=school assembly news headlines today,group_id=web11843503,response_id=3287fffe-7ee8-46c3-94c2-51590d707659,support_query_builder=false,} searchAction=school assembly news headlines today searchActionExtras=Bundle{learn_more_url=https://support.google.com/websearch/answer/106230?hl=106230,suggestion_action_text=Report this,should_start_for_result=true,allow_pinning=true,skip_logging_in_target_handler=false,suggestion_action_rpc=2,}ParentID: null targetID: 9855b05f-59af-4fc9-a878-79d8dbcbfb71
09-20 02:09:29.332  1415  1415 D SearchTargetUtil: layoutType=short_icon_row resultType=131072 packageName=com.google.android.googlequicksearchbox extras=Bundle{suggestion_type=33,suggest_truncate_start=false,is_answer=false,is_entity=false,is_personal=false,suggest_raw_text=google gemini ai photo editing prompts,group_id=web11843503,response_id=3287fffe-7ee8-46c3-94c2-51590d707659,support_query_builder=false,} searchAction=google gemini ai photo editing prompts searchActionExtras=Bundle{learn_more_url=https://support.google.com/websearch/answer/106230?hl=106230,suggestion_action_text=Report this,should_start_for_result=true,allow_pinning=true,skip_logging_in_target_handler=false,suggestion_action_rpc=2,}ParentID: null targetID: c01f2547-ac51-4718-99aa-5b46a972c267
09-20 02:09:29.333  1415  1415 D SearchTargetUtil: layoutType=short_icon_row resultType=131072 packageName=com.google.android.googlequicksearchbox extras=Bundle{suggestion_type=33,suggest_truncate_start=false,is_answer=false,is_entity=false,is_personal=false,suggest_raw_text=navi mumbai international airport,group_id=web11843503,response_id=3287fffe-7ee8-46c3-94c2-51590d707659,support_query_builder=false,} searchAction=navi mumbai international airport searchActionExtras=Bundle{learn_more_url=https://support.google.com/websearch/answer/106230?hl=106230,suggestion_action_text=Report this,should_start_for_result=true,allow_pinning=true,skip_logging_in_target_handler=false,suggestion_action_rpc=2,}ParentID: null targetID: 73529e19-afe9-4705-95d7-da30b9747bcb
09-20 02:09:29.334  1415  1415 D SearchTargetUtil: layoutType=short_icon_row resultType=131072 packageName=com.google.android.googlequicksearchbox extras=Bundle{suggestion_type=33,suggest_truncate_start=false,is_answer=false,is_entity=false,is_personal=false,suggest_raw_text=etv telugu news,group_id=web11843503,response_id=3287fffe-7ee8-46c3-94c2-51590d707659,support_query_builder=false,} searchAction=etv telugu news searchActionExtras=Bundle{learn_more_url=https://support.google.com/websearch/answer/106230?hl=106230,suggestion_action_text=Report this,should_start_for_result=true,allow_pinning=true,skip_logging_in_target_handler=false,suggestion_action_rpc=2,}ParentID: null targetID: 6785bcc1-43ce-443c-8863-211b7f3a36e6
09-20 02:09:29.335  1415  1415 D SearchTargetUtil: layoutType=short_icon_row resultType=131072 packageName=com.google.android.googlequicksearchbox extras=Bundle{suggestion_type=33,suggest_truncate_start=false,is_answer=false,is_entity=false,is_personal=false,suggest_raw_text=lokah chapter 1 kalyani priyadarshan,group_id=web11843503,response_id=3287fffe-7ee8-46c3-94c2-51590d707659,support_query_builder=false,} searchAction=lokah chapter 1 kalyani priyadarshan searchActionExtras=Bundle{learn_more_url=https://support.google.com/websearch/answer/106230?hl=106230,suggestion_action_text=Report this,should_start_for_result=true,allow_pinning=true,skip_logging_in_target_handler=false,suggestion_action_rpc=2,}ParentID: null targetID: 2fe0590b-9028-4408-a3b6-4bd8ff130845
09-20 02:09:29.335  1415  1415 D SearchTargetUtil: layoutType=short_icon_row resultType=131072 packageName=com.google.android.googlequicksearchbox extras=Bundle{suggestion_type=33,suggest_truncate_start=false,is_answer=false,is_entity=false,is_personal=false,suggest_raw_text=india affordable housing taxes,group_id=web11843503,response_id=3287fffe-7ee8-46c3-94c2-51590d707659,support_query_builder=false,} searchAction=india affordable housing taxes searchActionExtras=Bundle{learn_more_url=https://support.google.com/websearch/answer/106230?hl=106230,suggestion_action_text=Report this,should_start_for_result=true,allow_pinning=true,skip_logging_in_target_handler=false,suggestion_action_rpc=2,}ParentID: null targetID: ddd12224-65fc-42e9-93d7-46318452fe58
09-20 02:09:29.335  1415  1415 D SearchTargetUtil: layoutType=short_icon_row resultType=131072 packageName=com.google.android.googlequicksearchbox extras=Bundle{suggestion_type=33,suggest_truncate_start=false,is_answer=false,is_entity=false,is_personal=false,suggest_raw_text=school holidays,group_id=web11843503,response_id=3287fffe-7ee8-46c3-94c2-51590d707659,support_query_builder=false,} searchAction=school holidays searchActionExtras=Bundle{learn_more_url=https://support.google.com/websearch/answer/106230?hl=106230,suggestion_action_text=Report this,should_start_for_result=true,allow_pinning=true,skip_logging_in_target_handler=false,suggestion_action_rpc=2,}ParentID: null targetID: ce811306-4c20-4993-a543-948de87506a9
09-20 02:09:29.336  1415  1415 D SearchTargetUtil: layoutType=short_icon_row resultType=131072 packageName=com.google.android.googlequicksearchbox extras=Bundle{suggestion_type=33,suggest_truncate_start=false,is_answer=false,is_entity=false,is_personal=false,suggest_raw_text=google pixel battery swelling,group_id=web11843503,response_id=3287fffe-7ee8-46c3-94c2-51590d707659,support_query_builder=false,} searchAction=google pixel battery swelling searchActionExtras=Bundle{learn_more_url=https://support.google.com/websearch/answer/106230?hl=106230,suggestion_action_text=Report this,should_start_for_result=true,allow_pinning=true,skip_logging_in_target_handler=false,suggestion_action_rpc=2,}ParentID: null targetID: 515da25e-4666-4e9c-bdcd-0da97809aca9
09-20 02:09:29.337  1415  1415 D SearchTargetUtil: layoutType=short_icon_row resultType=131072 packageName=com.google.android.googlequicksearchbox extras=Bundle{suggestion_type=33,suggest_truncate_start=false,is_answer=false,is_entity=false,is_personal=false,suggest_raw_text=dr reddy news,group_id=web11843503,response_id=3287fffe-7ee8-46c3-94c2-51590d707659,support_query_builder=false,} searchAction=dr reddy news searchActionExtras=Bundle{learn_more_url=https://support.google.com/websearch/answer/106230?hl=106230,suggestion_action_text=Report this,should_start_for_result=true,allow_pinning=true,skip_logging_in_target_handler=false,suggestion_action_rpc=2,}ParentID: null targetID: ed72a768-78ea-4fb1-acf6-6bc4b3299039
09-20 02:09:29.337  1415  1415 D SearchTargetUtil: layoutType=extra_tall_icon_row resultType=131072 packageName=com.google.android.googlequicksearchbox extras=Bundle{bitmap_url=data:image/png;base64,iVBORw0KGgoAAAANSUhEUgAAAIYAAAAwCAMAAADjNPLLAAAAmVBMVEX////0hB0kl0n0fgDzeQDzewD0gxj0gArzdwAAjjP0gRL//PoAkTn+9vH+8+z3rHjzcwD5vZb6zbH5xaP2o2b83cr707r6yar3qXL97OH4sH/2n174tIX84dHk8OcZlEP1kT/2mlTy+PT0iClVqGxxtIP1lEeQwp2z1LtIo2L1jTba6t74uI18uYyoz7I3nVbJ4M8AiCBkrngb6B8YAAAGQUlEQVRYhcVYa3eqOhAFk5AQRFB5iFLRammrtrX9/z/uzuTBQ/CcL7eevbqWJUKyZ2bPAx3nDoJsXbtuHWXBvTsegGIlCPdc15OEzv8ViTAR3HUlowDCyWH2T1jkFEhwukpnYVika0bIP+AR1gw8IVbN0eGGnR7OImXSdcmu6K5FYvlgFrlwXZeub1b37LEsSgrZQbPb5TB+eiSLCGXhFcMvykdm7YpAhpywXmXRJlp0Ctds8xgGs0CzIHu4KA6MChHHHWEmDyGR5DoiBK3OBCfLWVgsReuD9AEs5jGcMkcWaHQq5CF0VNnYRN3b0vxXy1iCLDJhWITMk4GzjPcojRK/iXfqtiwm4hd5bFRxWnHNwkk4TbF+cIkZs3CcNacqXfGOQSr/b8hpjR9PQqgIFFQqNhmVTBeLOSFKq7V0yeLXaDBtqxPqj0RSXTcKz3hhQfgKPw/eL3pjQdzuZWicAQh2RDFKmbfDa0znX6ORkF5JWBJ0wfa8xYs9ISG4hbkEWUGdZ03ezhAhIFAYbPsMuH9oGMLDvZUD7yVlLQ/O9uhP/eqseOzU+QLOmSENW+c3gjYQQl2wQ9Io5+XbB3y/9U56Pb4ff14+QYaxfqzbNLwujTSgZP7sVxOAjzxOFOoaczE4T1BXqEnYAvvwLTzJpA7as48bTKY9Gu/TCuB/Yuqp+2mXxknWzf9FPovj2atiMane0XuMO47rYc6koA1qvA+CGoWnB5PrVNM4d32h1qovPNJTN/eGh5WkTU3KFs7Tk/OjaUx8DO4lLpzaQ03kpH3S2DMC5WljiN855qod5G+1yABy36UB6dgMOXMV3BdDY6q+BhobiRly4a5nh8GdtkeSBpaXyu1j1bjTYGvCBCFR0QWQ3uwQiDZIpXLpm36kesGL2kOHIY1EujaXrT1Jni8Aeb6cR0wzU0mlY1K9tqdMNLEf/H+pI8r63bIkjZGlVuuHD1qaTnRMQBURRxoQUX7R91l7uhvNjD8gqbYDhb4buamLldQK7fengHjcNPQ515/Xn693ZcpKDX9rRQMbsMlIY09/IyNbGjpv00YHGkZtvpasq/3GnT5SYZqak8a9KlnIRNUYRaPAsmEmUm2P5/W2KZilYRQ6vWXxqa5CG9EbGhAWy0NVTbttVBpr1xzOz4hyeMeem41m1AZFh6A66vWzicj0w1htIjp859gQPXY5CyHbcg1/2aUWrs7pOXG9g9O1py91KxjRKPTlfL5e345+pwwh5kahI7N+zfUQ6qwpPV0WWZot5lHN4AWWE+LsJch/I3UyduzpS11vD1TPmsakmiJs9h8bm41Cx34pqInL1RtzzpitBFJyQndQzDlWGuyvec+eG6nr2gjJZBTaReW3yasftp4dxkXVSidY1kR1LEbqMkOpFBTiiAq19cXY05e6cRHc81ENWHQqSKEj2m+oLdbwtTDRDlQHb70NIyiUcs+ey0eKcUqaxa8Bjcm05ZHpG61nB1gIz2WbYcQCQiItjXXPHm9XKqzX0SqpWdtSfHM09vpGGh92u5LfVajZ3uUul4Ov95wHvZnH2APesZDSVvLSsQqdXmHw2Z4/DCn/arbbjbTXG6wotGpTsI1bsgPjhT6amLsud9uryrbPqu3PTtuhvszTelLxaucPyKBTkp1ikCaHw4HEsYjwci+bhoIT+ig8quqZbdB2T1tTtTtMdWk2G0ewEhI9q/5PF/lC5YqSQ/OqxJpzG0hIbjt6TTr9ubugy1duFPq32fppHw9vgTelpnSb3uFKdAp47HTa1fU+KY1ynjuThYbtdGez00jNuUU4uqqcYYcS00nZyK8gCDsAXtslncHaP7a9LtWkkmmkt8eGydju+KLUjGh2oL1jyOe0p9AOM2z8oZ2lSReMDLY5DYnsYfxr36l00dZvUCMwCv3qrrW1NG2E1RP3yGbreN8TRwblpDPMmwGQl3domCM/umtGHVXTjm4gb3/yQ6Rc0M3yCeM1Sy8eDJkebYuayTh2R+pDhSIavWxGk/3OG/oc+hqjFFoc40CCuJ045UJFU9xxxvZbtffvbW/11cdFaLMnRkYQ38mbYHmAWUNiRSCM9+ekVIn7Tp4Ajytie7N6NqszeBRHeRjmNXIc7v/wa2exKPen3T5aPuQX0f8A5PhqxhxMlkUAAAAASUVORK5CYII=,suggestion_type=33,suggest_truncate_start=false,is_answer=false,is_entity=true,is_personal=false,suggest_raw_text=kabaddi pro kabaddi league,group_id=web11843503,response_id=3287fffe-7ee8-46c3-94c2-51590d707659,support_query_builder=false,} searchAction=Pro Kabaddi League searchActionExtras=Bundle{learn_more_url=https://support.google.com/websearch/answer/106230?hl=106230,suggestion_action_text=Report this,should_start_for_result=true,allow_pinning=true,skip_logging_in_target_handler=false,suggestion_action_rpc=2,}ParentID: null targetID: f3f4a198-957c-444b-a3b8-6b58dde6c4ba
09-20 02:09:29.339  1415  1415 D SearchTargetUtil: layoutType=short_icon_row resultType=131072 packageName=com.google.android.googlequicksearchbox extras=Bundle{suggestion_type=33,suggest_truncate_start=false,is_answer=false,is_entity=false,is_personal=false,suggest_raw_text=the summer turned pretty season 3,group_id=web11843503,response_id=3287fffe-7ee8-46c3-94c2-51590d707659,support_query_builder=false,} searchAction=the summer turned pretty season 3 searchActionExtras=Bundle{learn_more_url=https://support.google.com/websearch/answer/106230?hl=106230,suggestion_action_text=Report this,should_start_for_result=true,allow_pinning=true,skip_logging_in_target_handler=false,suggestion_action_rpc=2,}ParentID: null targetID: 0a822f3e-2ca4-4ba5-91bf-7be6d7f7e5de
09-20 02:09:29.340  1415  1415 D SearchTargetUtil: layoutType=short_icon_row resultType=131072 packageName=com.google.android.googlequicksearchbox extras=Bundle{suggestion_type=33,suggest_truncate_start=false,is_answer=false,is_entity=false,is_personal=false,suggest_raw_text=kerala state lottery results,group_id=web11843503,response_id=3287fffe-7ee8-46c3-94c2-51590d707659,support_query_builder=false,} searchAction=kerala state lottery results searchActionExtras=Bundle{learn_more_url=https://support.google.com/websearch/answer/106230?hl=106230,suggestion_action_text=Report this,should_start_for_result=true,allow_pinning=true,skip_logging_in_target_handler=false,suggestion_action_rpc=2,}ParentID: null targetID: 6b2bb0cf-7f26-4096-b9a4-b5a3a6b5dedd
09-20 02:09:29.340  1415  1415 D SearchTargetUtil: layoutType=short_icon_row resultType=131072 packageName=com.google.android.googlequicksearchbox extras=Bundle{suggestion_type=33,suggest_truncate_start=false,is_answer=false,is_entity=false,is_personal=false,suggest_raw_text=valorant patch notes 11.06,group_id=web11843503,response_id=3287fffe-7ee8-46c3-94c2-51590d707659,support_query_builder=false,} searchAction=valorant patch notes 11.06 searchActionExtras=Bundle{learn_more_url=https://support.google.com/websearch/answer/106230?hl=106230,suggestion_action_text=Report this,should_start_for_result=true,allow_pinning=true,skip_logging_in_target_handler=false,suggestion_action_rpc=2,}ParentID: null targetID: dc09b095-dffd-472e-a44c-c24ed3bb2a37
09-20 02:09:29.342  1415  1415 D SearchTargetUtil: layoutType=short_icon_row resultType=131072 packageName=com.google.android.googlequicksearchbox extras=Bundle{suggestion_type=33,suggest_truncate_start=false,is_answer=false,is_entity=false,is_personal=false,suggest_raw_text=income tax itr filing due date,group_id=web11843503,response_id=3287fffe-7ee8-46c3-94c2-51590d707659,support_query_builder=false,} searchAction=income tax itr filing due date searchActionExtras=Bundle{learn_more_url=https://support.google.com/websearch/answer/106230?hl=106230,suggestion_action_text=Report this,should_start_for_result=true,allow_pinning=true,skip_logging_in_target_handler=false,suggestion_action_rpc=2,}ParentID: null targetID: 7780e5de-122e-4aa4-b2dd-eb222bfc391b
09-20 02:09:29.497  1075  1163 D EGL_emulation: app_time_stats: avg=121.91ms min=3.29ms max=2477.21ms count=27
09-20 02:09:29.499  1075  1119 V WindowManagerShell: Transition animation finished (aborted=false), notifying core (#964)android.os.BinderProxy@18968bf@0
09-20 02:09:29.502   599   632 V WindowManager: Finish Transition #964: created at 09-20 02:09:29.096 collect-started=0.036ms request-sent=0.072ms started=24.299ms ready=24.259ms sent=134.285ms finished=405.383ms
09-20 02:09:29.504   599  1795 W WindowManager: Exception thrown during dispatchAppVisibility Window{62f455 u0 com.saucelabs.mydemoapp.android/com.saucelabs.mydemoapp.android.view.activities.MainActivity EXITING}
09-20 02:09:29.504   599  1795 W WindowManager: android.os.DeadObjectException
09-20 02:09:29.504   599  1795 W WindowManager: 	at android.os.BinderProxy.transactNative(Native Method)
09-20 02:09:29.504   599  1795 W WindowManager: 	at android.os.BinderProxy.transact(BinderProxy.java:584)
09-20 02:09:29.504   599  1795 W WindowManager: 	at android.view.IWindow$Stub$Proxy.dispatchAppVisibility(IWindow.java:546)
09-20 02:09:29.504   599  1795 W WindowManager: 	at com.android.server.wm.WindowState.sendAppVisibilityToClients(WindowState.java:3271)
09-20 02:09:29.504   599  1795 W WindowManager: 	at com.android.server.wm.WindowContainer.sendAppVisibilityToClients(WindowContainer.java:1221)
09-20 02:09:29.504   599  1795 W WindowManager: 	at com.android.server.wm.WindowToken.setClientVisible(WindowToken.java:409)
09-20 02:09:29.504   599  1795 W WindowManager: 	at com.android.server.wm.ActivityRecord.setClientVisible(ActivityRecord.java:6946)
09-20 02:09:29.504   599  1795 W WindowManager: 	at com.android.server.wm.ActivityRecord.postApplyAnimation(ActivityRecord.java:5637)
09-20 02:09:29.504   599  1795 W WindowManager: 	at com.android.server.wm.ActivityRecord.commitVisibility(ActivityRecord.java:5580)
09-20 02:09:29.504   599  1795 W WindowManager: 	at com.android.server.wm.Transition.finishTransition(Transition.java:1143)
09-20 02:09:29.504   599  1795 W WindowManager: 	at com.android.server.wm.TransitionController.finishTransition(TransitionController.java:859)
09-20 02:09:29.504   599  1795 W WindowManager: 	at com.android.server.wm.WindowOrganizerController.finishTransition(WindowOrganizerController.java:396)
09-20 02:09:29.504   599  1795 W WindowManager: 	at android.window.IWindowOrganizerController$Stub.onTransact(IWindowOrganizerController.java:286)
09-20 02:09:29.504   599  1795 W WindowManager: 	at com.android.server.wm.WindowOrganizerController.onTransact(WindowOrganizerController.java:181)
09-20 02:09:29.504   599  1795 W WindowManager: 	at android.os.Binder.execTransactInternal(Binder.java:1344)
09-20 02:09:29.504   599  1795 W WindowManager: 	at android.os.Binder.execTransact(Binder.java:1275)
09-20 02:09:29.505   599  1795 I Process : Sending signal. PID: 15458 SIG: 9
09-20 02:09:29.511   599   635 W ActivityManager: setHasOverlayUi called on unknown pid: 15458
09-20 02:09:29.516  1075  1163 D EGL_emulation: app_time_stats: avg=291.02ms min=2.33ms max=4026.20ms count=15
09-20 02:09:29.522  1075  1119 V WindowManagerShell: Track 0 became idle
09-20 02:09:29.522  1075  1119 V WindowManagerShell: All active transition animations finished
09-20 02:09:29.577   451   451 E BpTransactionCompletedListener: Failed to transact (-32)
09-20 02:09:29.619   387  7465 D android.hardware.audio@7.1-impl.ranchu: threadLoop: entering standby, frames: 80652000
09-20 02:09:29.891     0     0 I servicemanager: Since 'artd' could not be found, trying to start it as a lazy AIDL service. (if it's not configured to be a lazy service, it may be stuck starting or still starting).
09-20 02:09:29.897     0     0 I init    : starting service 'artd'...
09-20 02:09:29.929     0     0 I init    : ... started service 'artd' has pid 15794
09-20 02:09:29.929     0     0 I init    : Control message: Processed ctl.interface_start for 'aidl/artd' from pid: 175 (/system/bin/servicemanager)
09-20 02:09:29.970 15794 15794 I artd    : Starting artd
09-20 02:09:29.971 15794 15794 I AidlLazyServiceRegistrar: Registering service artd
09-20 02:09:29.947     0     0 I BpBinder: onLastStrongRef automatically unlinking death recipients:
09-20 02:09:29.991 15794 15795 W ziparchive: Unable to open '/data/app/~~YDYsn3ASKIl0bMRcERFgmg==/io.appium.settings--re3hIqO8JIh9JZ0taZE_g==/base.dm': No such file or directory
09-20 02:09:29.991 15794 15795 W ziparchive: Unable to open '/data/app/~~YDYsn3ASKIl0bMRcERFgmg==/io.appium.settings--re3hIqO8JIh9JZ0taZE_g==/base.dm': No such file or directory
09-20 02:09:30.059   599  4370 E TaskPersister: File error accessing recents directory (directory doesn't exist?).
09-20 02:09:30.138     0     0 I logd    : logdr: UID=2000 GID=2000 PID=15800 b tail=0 logMask=99 pid=0 start=0ns deadline=0ns
09-20 02:09:30.280 15794 15795 I AidlLazyServiceRegistrar: Process has 1 (of 1 available) client(s) in use after notification artd has clients: 1
09-20 02:09:30.280 15794 15794 W ziparchive: Unable to open '/data/app/~~8Y6HMd3mGNWJi9Vt2EpjiA==/io.appium.uiautomator2.server-AdQe_AxnYKeBep_Swo0OvQ==/base.dm': No such file or directory
09-20 02:09:30.280 15794 15794 W ziparchive: Unable to open '/data/app/~~8Y6HMd3mGNWJi9Vt2EpjiA==/io.appium.uiautomator2.server-AdQe_AxnYKeBep_Swo0OvQ==/base.dm': No such file or directory
09-20 02:09:30.253     0     0 I servicemanager: Notifying artd they do (previously: don't) have clients when service is guaranteed to be in use
09-20 02:09:30.382   599  1795 I ActivityManager: Force stopping com.saucelabs.mydemoapp.android appid=10183 user=0: from pid 15822
09-20 02:09:30.389   599  1795 I AppsFilter: interaction: PackageSetting{57fd37 io.appium.uiautomator2.server.test/10185} -> PackageSetting{fe9e1a5 com.saucelabs.mydemoapp.android/10183} BLOCKED
09-20 02:09:30.389   599  1795 I AppsFilter: interaction: PackageSetting{427c2a4 io.appium.settings/10184} -> PackageSetting{fe9e1a5 com.saucelabs.mydemoapp.android/10183} BLOCKED
09-20 02:09:30.433  1324  1324 D CarrierSvcBindHelper: onHandleForceStop: [com.saucelabs.mydemoapp.android]
09-20 02:09:30.434  1324  1324 D CarrierSvcBindHelper: No carrier app for: 0
09-20 02:09:30.476   599  1795 I ActivityManager: Force stopping com.saucelabs.mydemoapp.android appid=10183 user=0: clear data
09-20 02:09:30.487   599  4370 E TaskPersister: File error accessing recents directory (directory doesn't exist?).
09-20 02:09:30.494   599   644 I ActivityManager: Force stopping com.saucelabs.mydemoapp.android appid=10183 user=-1: clearApplicationUserData
09-20 02:09:30.494   599   644 E libprocessgroup: No such cgroup attribute: /sys/fs/cgroup/uid_-89817/cgroup.freeze
09-20 02:09:30.494   599   644 W libprocessgroup: Failed to apply Frozen process profile: No such file or directory
09-20 02:09:30.503   599   644 E libprocessgroup: No such cgroup attribute: /sys/fs/cgroup/uid_-89817/cgroup.freeze
09-20 02:09:30.503   599   644 W libprocessgroup: Failed to apply Unfrozen process profile: No such file or directory
09-20 02:09:30.504   599   667 I AppsFilter: interaction: PackageSetting{57fd37 io.appium.uiautomator2.server.test/10185} -> PackageSetting{fe9e1a5 com.saucelabs.mydemoapp.android/10183} BLOCKED
09-20 02:09:30.504   599   667 I AppsFilter: interaction: PackageSetting{427c2a4 io.appium.settings/10184} -> PackageSetting{fe9e1a5 com.saucelabs.mydemoapp.android/10183} BLOCKED
09-20 02:09:30.505  1075  1163 D EGL_emulation: app_time_stats: avg=5.91ms min=1.87ms max=35.97ms count=50
09-20 02:09:30.506   599   667 I AppsFilter: interaction: PackageSetting{57fd37 io.appium.uiautomator2.server.test/10185} -> PackageSetting{fe9e1a5 com.saucelabs.mydemoapp.android/10183} BLOCKED
09-20 02:09:30.507   599   667 I AppsFilter: interaction: PackageSetting{427c2a4 io.appium.settings/10184} -> PackageSetting{fe9e1a5 com.saucelabs.mydemoapp.android/10183} BLOCKED
09-20 02:09:30.549  1324  1324 D CarrierSvcBindHelper: onHandleForceStop: [com.saucelabs.mydemoapp.android]
09-20 02:09:30.550  1324  1324 D CarrierSvcBindHelper: No carrier app for: 0
09-20 02:09:30.555   466   466 E adbd    : failed to connect to socket 'tcp:6790': Connection refused
09-20 02:09:30.592   599   644 D ActivityManager: sync unfroze 7659 com.google.android.documentsui for 3
09-20 02:09:30.606   599   644 D ActivityManager: sync unfroze 30131 com.android.chrome for 3
09-20 02:09:30.611   599   644 D ActivityManager: sync unfroze 11642 com.google.android.permissioncontroller for 3
09-20 02:09:30.665   599  1797 I ActivityManager: Force stopping io.appium.uiautomator2.server appid=10186 user=0: from pid 15857
09-20 02:09:30.690   599  2062 D SafetySourceDataValidator: No cert check requested for package com.google.android.permissioncontroller
09-20 02:09:30.697   599  1797 I AppsFilter: interaction: PackageSetting{fe9e1a5 com.saucelabs.mydemoapp.android/10183} -> PackageSetting{f654135 io.appium.uiautomator2.server/10186} BLOCKED
