--------- beginning of main
09-20 02:07:21.901 11545 11605 I appium  : channel read: DELETE /session/2477e5c4-2238-4e5b-b8ad-d4ed2e6c09bd
09-20 02:07:21.901 11545 11605 I appium  : DeleteSession command
09-20 02:07:21.903 11545 11605 I appium  : AppiumResponse: {"sessionId":"2477e5c4-2238-4e5b-b8ad-d4ed2e6c09bd","value":null}
09-20 02:07:21.918 11545 11545 I appium  : Stopping ServerInstrumentation
09-20 02:07:21.918 11545 11545 I appium  : Stopping MJPEG Server
09-20 02:07:21.920 11545 11578 E appium  : Socket Server failed to open connection.
09-20 02:07:21.920 11545 11578 E appium  : java.net.SocketException: Socket closed
09-20 02:07:21.920 11545 11578 E appium  : 	at java.net.PlainSocketImpl.socketAccept(PlainSocketImpl.java:213)
09-20 02:07:21.920 11545 11578 E appium  : 	at java.net.AbstractPlainSocketImpl.accept(AbstractPlainSocketImpl.java:451)
09-20 02:07:21.920 11545 11578 E appium  : 	at java.net.ServerSocket.implAccept(ServerSocket.java:569)
09-20 02:07:21.920 11545 11578 E appium  : 	at java.net.ServerSocket.accept(ServerSocket.java:537)
09-20 02:07:21.920 11545 11578 E appium  : 	at io.appium.uiautomator2.server.mjpeg.MjpegScreenshotServer.run(MjpegScreenshotServer.java:66)
09-20 02:07:21.921 11545 11545 I appium  : MJPEG Server stopped
09-20 02:07:21.925 11545 11545 I appium  : ServerInstrumentation stopped
09-20 02:07:21.925 11545 11570 I appium  : >>>Entry point finish<<<
09-20 02:07:21.926 11545 11570 I TestRunner: finished: startServer(io.appium.uiautomator2.server.test.AppiumUiAutomator2Server)
09-20 02:07:21.935 11545 11570 I TestRunner: run finished: 1 tests, 0 failed, 0 ignored
09-20 02:07:21.946  1966 23471 I AiAiEcho: Settings changed for uri: content://settings/secure/accessibility_enabled
09-20 02:07:21.946  1966  2366 I AiAiEcho: Predicting[0]: 
09-20 02:07:21.947  1966  2366 I AiAiEcho: EchoTargets: 
09-20 02:07:21.947  1966  2366 I AiAiEcho: Filtered by AiAi flag check: 
--------- beginning of system
09-20 02:07:21.947   599  2063 W WindowMagnificationMgr: requestConnection duplicated request: connect=false, mConnectionState=DISCONNECTED
09-20 02:07:21.947  1966  2366 I AiAiEcho: Ranked targets strategy: SORT, count: 0, ranking metadata: 
09-20 02:07:21.948   599  2063 D AccessibilityManagerService: restoreCurrentUserForTestAutomationIfNeededLocked(): ignoring because device doesn't support visible background users
09-20 02:07:21.948  1966  2366 I AiAiEcho: Predicting[0]: 
09-20 02:07:21.949  1966  2366 I AiAiEcho: EchoTargets: 
09-20 02:07:21.949  1966  2366 I AiAiEcho: Filtered by AiAi flag check: 
09-20 02:07:21.949  1966  2366 I AiAiEcho: Ranked targets strategy: SORT, count: 0, ranking metadata: 
09-20 02:07:21.950  1966  2366 I AiAiEcho: #postPredictionTargets: Sending updates to UISurface home with targets# 0 (types=[])
09-20 02:07:21.955  1966  2366 I AiAiEcho: #postPredictionTargets: Sending updates to UISurface lockscreen with targets# 0 (types=[])
09-20 02:07:21.955   599  2235 I ActivityManager: Force stopping io.appium.uiautomator2.server appid=10186 user=0: finished inst
09-20 02:07:21.955 20220 20263 I A       : NGA disabled due to not being eligible.
--------- beginning of kernel
09-20 02:07:21.931     0     0 I binder  : 599:2235 ioctl 400c620e 7c1ddeff8a30 returned -11
09-20 02:07:21.934     0     0 I binder  : 599:2235 ioctl 400c620e 7c1ddeff8a30 returned -11
09-20 02:07:21.961 11525 11525 I app_process: System.exit called, status: 0
09-20 02:07:21.961 11525 11525 I AndroidRuntime: VM exiting with result code 0.
09-20 02:07:21.962   599  2235 E ActivityManager: Unable to freeze binder for 11545: -11
09-20 02:07:21.968   599  2235 I ActivityManager: Killing 11545:io.appium.uiautomator2.server/u0a186 (adj 0): stop io.appium.uiautomator2.server due to finished inst
09-20 02:07:21.980   599   633 D DisplayManagerService: Drop pending events for gone uid 10186
09-20 02:07:21.985  1075  1075 W PageIndicator: Total number of pages invalid: 0. Assuming 1 page.
09-20 02:07:22.003   599   599 D BatterySaverPolicy: accessibility changed to false, updating policy.
09-20 02:07:22.016   599  2235 V ActivityManager: Got obituary of 11545:io.appium.uiautomator2.server
09-20 02:07:21.988     0     0 I binder  : undelivered TRANSACTION_COMPLETE
09-20 02:07:21.989     0     0 I binder  : undelivered transaction 7434822, process died.
09-20 02:07:22.017   382   382 I Zygote  : Process 11545 exited due to signal 9 (Killed)
09-20 02:07:22.123   599  2873 I ActivityManager: Force stopping io.appium.uiautomator2.server appid=10186 user=0: from pid 11921
09-20 02:07:22.128   599  2873 I AppsFilter: interaction: PackageSetting{2a31082 com.saucelabs.mydemoapp.android/10183} -> PackageSetting{ec911d6 io.appium.uiautomator2.server/10186} BLOCKED
09-20 02:07:22.128   599  2873 I AppsFilter: interaction: PackageSetting{427c2a4 io.appium.settings/10184} -> PackageSetting{ec911d6 io.appium.uiautomator2.server/10186} BLOCKED
09-20 02:07:22.131   599  1142 I ActivityManager: Force stopping io.appium.uiautomator2.server.test appid=10185 user=0: from pid 11922
09-20 02:07:22.131   599  1142 E libprocessgroup: No such cgroup attribute: /sys/fs/cgroup/uid_10185/cgroup.freeze
09-20 02:07:22.132   599  1142 W libprocessgroup: Failed to apply Frozen process profile: No such file or directory
09-20 02:07:22.137   599  1142 E libprocessgroup: No such cgroup attribute: /sys/fs/cgroup/uid_10185/cgroup.freeze
09-20 02:07:22.137   599  1142 W libprocessgroup: Failed to apply Unfrozen process profile: No such file or directory
09-20 02:07:22.138   599  1142 I AppsFilter: interaction: PackageSetting{2a31082 com.saucelabs.mydemoapp.android/10183} -> PackageSetting{57fd37 io.appium.uiautomator2.server.test/10185} BLOCKED
09-20 02:07:22.139   599  1142 I AppsFilter: interaction: PackageSetting{427c2a4 io.appium.settings/10184} -> PackageSetting{57fd37 io.appium.uiautomator2.server.test/10185} BLOCKED
09-20 02:07:22.163  1324  1324 D CarrierSvcBindHelper: onHandleForceStop: [io.appium.uiautomator2.server]
09-20 02:07:22.166  1324  1324 D CarrierSvcBindHelper: No carrier app for: 0
09-20 02:07:22.166  1324  1324 D CarrierSvcBindHelper: onHandleForceStop: [io.appium.uiautomator2.server.test]
09-20 02:07:22.167  1324  1324 D CarrierSvcBindHelper: No carrier app for: 0
09-20 02:07:22.207   599  1142 I ActivityManager: Force stopping com.saucelabs.mydemoapp.android appid=10183 user=0: from pid 11932
09-20 02:07:22.210   599  1142 I ActivityManager: Killing 11621:com.saucelabs.mydemoapp.android/u0a183 (adj 0): stop com.saucelabs.mydemoapp.android due to from pid 11932
09-20 02:07:22.212   599   633 D DisplayManagerService: Drop pending events for gone uid 10183
09-20 02:07:22.213   599  1142 W ActivityTaskManager: Force removing ActivityRecord{2a673aa u0 com.saucelabs.mydemoapp.android/.view.activities.MainActivity t209 f}}: app died, no saved state
09-20 02:07:22.215   599  1142 W ActivityTaskManager: Force removing ActivityRecord{4cb5c31 u0 com.saucelabs.mydemoapp.android/.view.activities.MainActivity t209 f}}: app died, no saved state
09-20 02:07:22.215  1075  1119 V WindowManagerShell: Transition requested: android.os.BinderProxy@fa36615 TransitionRequestInfo { type = CLOSE, triggerTask = null, remoteTransition = null, displayChange = null }
09-20 02:07:22.217   599  1142 W ActivityTaskManager: Force removing ActivityRecord{9c68065 u0 com.saucelabs.mydemoapp.android/.view.activities.MainActivity t209 f}}: app died, no saved state
09-20 02:07:22.217   599   643 W UsageStatsService: Unexpected activity event reported! (com.saucelabs.mydemoapp.android/com.saucelabs.mydemoapp.android.view.activities.MainActivity event : 23 instanceId : 261316374)
09-20 02:07:22.219   599   643 W UsageStatsService: Unexpected activity event reported! (com.saucelabs.mydemoapp.android/com.saucelabs.mydemoapp.android.view.activities.MainActivity event : 23 instanceId : 130130234)
09-20 02:07:22.228  1415  1415 D AutofillManager: view is not autofillable - activity denied for autofill
09-20 02:07:22.235 20220  6621 E OpenGLRenderer: Unable to match the desired swap behavior.
09-20 02:07:22.247   451   451 I BpBinder: onLastStrongRef automatically unlinking death recipients: 
09-20 02:07:22.247   382   382 I Zygote  : Process 11621 exited due to signal 9 (Killed)
09-20 02:07:22.254   599  1142 I AppsFilter: interaction: PackageSetting{57fd37 io.appium.uiautomator2.server.test/10185} -> PackageSetting{c6744c8 com.saucelabs.mydemoapp.android/10183} BLOCKED
09-20 02:07:22.254   599  2880 I ImeTracker: com.saucelabs.mydemoapp.android:d8509110: onRequestHide at ORIGIN_SERVER_HIDE_INPUT reason HIDE_REMOVE_CLIENT
09-20 02:07:22.255   599  2235 I WindowManager: WIN DEATH: Window{9cfb2bf u0 com.saucelabs.mydemoapp.android/com.saucelabs.mydemoapp.android.view.activities.MainActivity}
09-20 02:07:22.255   599  2880 I ImeTracker: com.saucelabs.mydemoapp.android:d8509110: onCancelled at PHASE_SERVER_SHOULD_HIDE
09-20 02:07:22.255   599  2235 W InputManager-JNI: Input channel object '9cfb2bf com.saucelabs.mydemoapp.android/com.saucelabs.mydemoapp.android.view.activities.MainActivity (client)' was disposed without first being removed with the input manager!
09-20 02:07:22.265   599  1142 I AppsFilter: interaction: PackageSetting{427c2a4 io.appium.settings/10184} -> PackageSetting{c6744c8 com.saucelabs.mydemoapp.android/10183} BLOCKED
09-20 02:07:22.266   599  2235 W WindowManager: Failed to deliver inset control state change to w=Window{da6c711 u0 com.saucelabs.mydemoapp.android/com.saucelabs.mydemoapp.android.view.activities.MainActivity}
09-20 02:07:22.266   599  2235 W WindowManager: android.os.DeadObjectException
09-20 02:07:22.266   599  2235 W WindowManager: 	at android.os.BinderProxy.transactNative(Native Method)
09-20 02:07:22.266   599  2235 W WindowManager: 	at android.os.BinderProxy.transact(BinderProxy.java:584)
09-20 02:07:22.266   599  2235 W WindowManager: 	at android.view.IWindow$Stub$Proxy.insetsControlChanged(IWindow.java:479)
09-20 02:07:22.266   599  2235 W WindowManager: 	at com.android.server.wm.WindowState.notifyInsetsControlChanged(WindowState.java:3794)
09-20 02:07:22.266   599  2235 W WindowManager: 	at com.android.server.wm.InsetsStateController.lambda$notifyPendingInsetsControlChanged$3(InsetsStateController.java:343)
09-20 02:07:22.266   599  2235 W WindowManager: 	at com.android.server.wm.InsetsStateController.$r8$lambda$8yykPRG1GyNq_J17QvL9d5xANMc(InsetsStateController.java:0)
09-20 02:07:22.266   599  2235 W WindowManager: 	at com.android.server.wm.InsetsStateController$$ExternalSyntheticLambda2.run(R8$$SyntheticClass:0)
09-20 02:07:22.266   599  2235 W WindowManager: 	at com.android.server.wm.WindowAnimator.executeAfterPrepareSurfacesRunnables(WindowAnimator.java:294)
09-20 02:07:22.266   599  2235 W WindowManager: 	at com.android.server.wm.RootWindowContainer.performSurfacePlacementNoTrace(RootWindowContainer.java:811)
09-20 02:07:22.266   599  2235 W WindowManager: 	at com.android.server.wm.RootWindowContainer.performSurfacePlacement(RootWindowContainer.java:756)
09-20 02:07:22.266   599  2235 W WindowManager: 	at com.android.server.wm.WindowSurfacePlacer.performSurfacePlacementLoop(WindowSurfacePlacer.java:177)
09-20 02:07:22.266   599  2235 W WindowManager: 	at com.android.server.wm.WindowSurfacePlacer.performSurfacePlacement(WindowSurfacePlacer.java:126)
09-20 02:07:22.266   599  2235 W WindowManager: 	at com.android.server.wm.WindowSurfacePlacer.performSurfacePlacement(WindowSurfacePlacer.java:115)
09-20 02:07:22.266   599  2235 W WindowManager: 	at com.android.server.wm.WindowManagerService.postWindowRemoveCleanupLocked(WindowManagerService.java:2035)
09-20 02:07:22.266   599  2235 W WindowManager: 	at com.android.server.wm.WindowState.removeImmediately(WindowState.java:2391)
09-20 02:07:22.266   599  2235 W WindowManager: 	at com.android.server.wm.WindowState.removeIfPossible(WindowState.java:2509)
09-20 02:07:22.266   599  2235 W WindowManager: 	at com.android.server.wm.WindowState$DeathRecipient.binderDied(WindowState.java:2929)
09-20 02:07:22.266   599  2235 W WindowManager: 	at android.os.IBinder$DeathRecipient.binderDied(IBinder.java:319)
09-20 02:07:22.266   599  2235 W WindowManager: 	at android.os.BinderProxy.sendDeathNotice(BinderProxy.java:704)
09-20 02:07:22.268   599  1545 I WindowManager: WIN DEATH: Window{1c88a6d u0 com.saucelabs.mydemoapp.android/com.saucelabs.mydemoapp.android.view.activities.MainActivity}
09-20 02:07:22.269   599  1545 W InputManager-JNI: Input channel object '1c88a6d com.saucelabs.mydemoapp.android/com.saucelabs.mydemoapp.android.view.activities.MainActivity (client)' was disposed without first being removed with the input manager!
09-20 02:07:22.270  1415  2241 E OpenGLRenderer: Unable to match the desired swap behavior.
09-20 02:07:22.271   599  2417 I WindowManager: WIN DEATH: Window{da6c711 u0 com.saucelabs.mydemoapp.android/com.saucelabs.mydemoapp.android.view.activities.MainActivity}
09-20 02:07:22.271   599  2417 W InputManager-JNI: Input channel object 'da6c711 com.saucelabs.mydemoapp.android/com.saucelabs.mydemoapp.android.view.activities.MainActivity (client)' was disposed without first being removed with the input manager!
09-20 02:07:22.277   599   635 V WindowManager: Unknown focus tokens, dropping reportFocusChanged
09-20 02:07:22.294 20220 20220 W A       : Can't get WAA status for Mavatar!
09-20 02:07:22.294 20220 20220 W A       : java.lang.NullPointerException: Attempt to invoke virtual method 'java.lang.Class java.lang.Object.getClass()' on a null object reference
09-20 02:07:22.294 20220 20220 W A       : 	at com.google.apps.tiktok.dataservice.z.b(PG:1)
09-20 02:07:22.294 20220 20220 W A       : 	at com.google.apps.tiktok.dataservice.at.a(PG:1)
09-20 02:07:22.294 20220 20220 W A       : 	at com.google.apps.tiktok.tracing.ec.a(PG:2)
09-20 02:07:22.294 20220 20220 W A       : 	at com.google.common.util.concurrent.aj.a(PG:2)
09-20 02:07:22.294 20220 20220 W A       : 	at com.google.common.util.concurrent.ac.apply(PG:1)
09-20 02:07:22.294 20220 20220 W A       : 	at com.google.common.util.concurrent.h.e(PG:2)
09-20 02:07:22.294 20220 20220 W A       : 	at com.google.common.util.concurrent.j.run(PG:9)
09-20 02:07:22.294 20220 20220 W A       : 	at com.google.common.util.concurrent.bf.execute(PG:1)
09-20 02:07:22.294 20220 20220 W A       : 	at com.google.common.util.concurrent.d.i(PG:1)
09-20 02:07:22.294 20220 20220 W A       : 	at com.google.common.util.concurrent.d.iq(PG:5)
09-20 02:07:22.294 20220 20220 W A       : 	at com.google.common.util.concurrent.j.h(PG:2)
09-20 02:07:22.294 20220 20220 W A       : 	at com.google.common.util.concurrent.ax.d(PG:1)
09-20 02:07:22.294 20220 20220 W A       : 	at com.google.apps.tiktok.dataservice.au.a(PG:5)
09-20 02:07:22.294 20220 20220 W A       : 	at com.google.apps.tiktok.dataservice.dr.c(PG:5)
09-20 02:07:22.294 20220 20220 W A       : 	at com.google.apps.tiktok.dataservice.dp.run(PG:6)
09-20 02:07:22.294 20220 20220 W A       : 	at com.google.apps.tiktok.concurrent.ak.run(PG:6)
09-20 02:07:22.294 20220 20220 W A       : 	at com.google.apps.tiktok.tracing.ei.run(PG:2)
09-20 02:07:22.294 20220 20220 W A       : 	at java.util.concurrent.Executors$RunnableAdapter.call(Executors.java:487)
09-20 02:07:22.294 20220 20220 W A       : 	at com.google.common.util.concurrent.dy.a(PG:1)
09-20 02:07:22.294 20220 20220 W A       : 	at com.google.common.util.concurrent.cv.run(PG:4)
09-20 02:07:22.294 20220 20220 W A       : 	at com.google.common.util.concurrent.dz.run(PG:1)
09-20 02:07:22.294 20220 20220 W A       : 	at android.os.Handler.handleCallback(Handler.java:958)
09-20 02:07:22.294 20220 20220 W A       : 	at android.os.Handler.dispatchMessage(Handler.java:99)
09-20 02:07:22.294 20220 20220 W A       : 	at android.os.Looper.loopOnce(Looper.java:205)
09-20 02:07:22.294 20220 20220 W A       : 	at android.os.Looper.loop(Looper.java:294)
09-20 02:07:22.294 20220 20220 W A       : 	at android.app.ActivityThread.main(ActivityThread.java:8176)
09-20 02:07:22.294 20220 20220 W A       : 	at java.lang.reflect.Method.invoke(Native Method)
09-20 02:07:22.294 20220 20220 W A       : 	at com.android.internal.os.RuntimeInit$MethodAndArgsCaller.run(RuntimeInit.java:552)
09-20 02:07:22.294 20220 20220 W A       : 	at com.android.internal.os.ZygoteInit.main(ZygoteInit.java:971)
09-20 02:07:22.315  1324  1324 D CarrierSvcBindHelper: onHandleForceStop: [com.saucelabs.mydemoapp.android]
09-20 02:07:22.318  3054  3054 I GsaVoiceInteractionSrv: Handling ACTION_START_HOTWORD
09-20 02:07:22.319  3054  3409 I GsaVoiceInteractionSrv: disregardVoiceMatch: false
09-20 02:07:22.321  1324  1324 D CarrierSvcBindHelper: No carrier app for: 0
09-20 02:07:22.323  3054  3409 I GsaVoiceInteractionSrv: Cannot start hotword, hotword has been explicitly disabled.
09-20 02:07:22.326   599  2033 W AppSearchIcing: icing-search-engine.cc:283: Error: 5, Message: Document (com.google.android.googlequicksearchbox$OneSearchZeroStateGoogleSuggestions/default, zp) not found.
09-20 02:07:22.328  1415  2586 D OneSearchSuggestProvider: Created the binder channel successfully for end point service =com.google.android.apps.search.googleapp.search.suggest.plugins.onesearch.server.OneSearchSuggestService , mChannel=z1{delegate=s1{logId=805, target=directaddress:///AndroidComponentAddress%5BIntent%20%7B%20act=grpc.io.action.BIND%20cmp=com.google.android.googlequicksearchbox/com.google.android.apps.search.googleapp.search.suggest.plugins.onesearch.server.OneSearchSuggestService%20%7D%5D}} , mOneSearchConnection=X1.T@479d090
09-20 02:07:22.340  1966  2366 I AiAiEcho: Predicting[0]: 
09-20 02:07:22.340  1966  2366 I AiAiEcho: EchoTargets: 
09-20 02:07:22.340  1966  2366 I AiAiEcho: Filtered by AiAi flag check: 
09-20 02:07:22.346   599  2899 V ActivityManager: Got obituary of 11621:com.saucelabs.mydemoapp.android
09-20 02:07:22.347  1966  2366 I AiAiEcho: Ranked targets strategy: SORT, count: 0, ranking metadata: 
09-20 02:07:22.360 20220 20220 I A       : Created gRPC endpoint to "search" for service class com.google.android.apps.search.googleapp.search.suggest.plugins.onesearch.server.OneSearchSuggestService
09-20 02:07:22.373  1966  2366 I AiAiEcho: #postPredictionTargets: Sending updates to UISurface home with targets# 0 (types=[])
09-20 02:07:22.377   599   636 I WindowManager: Queue is too deep! Purged item with index=209
09-20 02:07:22.380  1075  1119 V WindowManagerShell: onTransitionReady android.os.BinderProxy@fa36615: {id=925 t=CLOSE f=0x0 trk=0 r=[0@Point(0, 0)] c=[{WCT{android.window.IWindowContainerToken$Stub$Proxy@684d1f6} m=TO_BACK f=NONE leash=Surface(name=Task=209)/@0xaeb0d2a sb=Rect(0, 0 - 1080, 2220) eb=Rect(0, 0 - 1080, 2220) d=0},{WCT{android.window.IWindowContainerToken$Stub$Proxy@8ca89f7} m=TO_FRONT f=SHOW_WALLPAPER leash=Surface(name=Task=1)/@0xc93971b sb=Rect(0, 0 - 1080, 2220) eb=Rect(0, 0 - 1080, 2220) d=0},{null m=TO_FRONT f=IS_WALLPAPER leash=Surface(name=WallpaperWindowToken{60338c9 token=android.os.Binder@81e90d0})/@0xcc3c0b8 sb=Rect(0, 0 - 1080, 2220) eb=Rect(0, 0 - 1080, 2220) d=0}]}
09-20 02:07:22.381  1075  1119 V WindowManagerShell: Playing animation for (#925)android.os.BinderProxy@fa36615@0
09-20 02:07:22.381   599   632 V WindowManager: Sent Transition #925 createdAt=09-20 02:07:22.213 via request=TransitionRequestInfo { type = CLOSE, triggerTask = null, remoteTransition = null, displayChange = null }
09-20 02:07:22.381  1075  1119 V WindowManagerShell:  try handler com.android.wm.shell.transition.DefaultMixedHandler@a1de1ae
09-20 02:07:22.381  1075  1119 V WindowManagerShell:  try handler com.android.wm.shell.keyguard.KeyguardTransitionHandler@4104b4f
09-20 02:07:22.381   599   632 V WindowManager:     startWCT=WindowContainerTransaction { changes = {} hops = [] errorCallbackToken=null taskFragmentOrganizer=null }
09-20 02:07:22.381  1075  1119 V WindowManagerShell:  try handler com.android.wm.shell.activityembedding.ActivityEmbeddingController@ffc52dc
09-20 02:07:22.381   599   632 V WindowManager:     info={id=925 t=CLOSE f=0x0 trk=0 r=[0@Point(0, 0)] c=[{WCT{RemoteToken{7513c67 Task{68c5650 #209 type=standard A=10183:com.saucelabs.mydemoapp.android}}} m=TO_BACK f=NONE leash=Surface(name=Task=209)/@0x7a9bf81 sb=Rect(0, 0 - 1080, 2220) eb=Rect(0, 0 - 1080, 2220) d=0},{WCT{RemoteToken{f22cfe9 Task{61cd07c #1 type=home}}} m=TO_FRONT f=SHOW_WALLPAPER leash=Surface(name=Task=1)/@0x25fd7f6 sb=Rect(0, 0 - 1080, 2220) eb=Rect(0, 0 - 1080, 2220) d=0},{null m=TO_FRONT f=IS_WALLPAPER leash=Surface(name=WallpaperWindowToken{60338c9 token=android.os.Binder@81e90d0})/@0x77cade6 sb=Rect(0, 0 - 1080, 2220) eb=Rect(0, 0 - 1080, 2220) d=0}]}
09-20 02:07:22.381  1075  1119 V WindowManagerShell:  try handler com.android.wm.shell.recents.RecentsTransitionHandler@1d67fe5
09-20 02:07:22.382  1075  1119 V ShellRecents: RecentsTransitionHandler.startAnimation: no controller found
09-20 02:07:22.382  1075  1119 V WindowManagerShell:  try handler com.android.wm.shell.pip.PipTransition@36a6aba
09-20 02:07:22.382  1075  1119 V WindowManagerShell:  try handler com.android.wm.shell.splitscreen.StageCoordinator@6b04d6b
09-20 02:07:22.382  1075  1119 V WindowManagerShell:  try handler com.android.wm.shell.transition.RemoteTransitionHandler@c69c0c8
09-20 02:07:22.382  1075  1119 V WindowManagerShell: Transition doesn't have explicit remote, search filters for match for {id=925 t=CLOSE f=0x0 trk=0 r=[0@Point(0, 0)] c=[{WCT{android.window.IWindowContainerToken$Stub$Proxy@684d1f6} m=TO_BACK f=NONE leash=Surface(name=Task=209)/@0xaeb0d2a sb=Rect(0, 0 - 1080, 2220) eb=Rect(0, 0 - 1080, 2220) d=0},{WCT{android.window.IWindowContainerToken$Stub$Proxy@8ca89f7} m=TO_FRONT f=SHOW_WALLPAPER leash=Surface(name=Task=1)/@0xc93971b sb=Rect(0, 0 - 1080, 2220) eb=Rect(0, 0 - 1080, 2220) d=0},{null m=TO_FRONT f=IS_WALLPAPER leash=Surface(name=WallpaperWindowToken{60338c9 token=android.os.Binder@81e90d0})/@0xcc3c0b8 sb=Rect(0, 0 - 1080, 2220) eb=Rect(0, 0 - 1080, 2220) d=0}]}
09-20 02:07:22.383  1075  1119 V WindowManagerShell:  Checking filter Pair{{types=[] flags=0x0] notFlags=0x0 checks=[{atype=dream independent=true modes=[OPEN,TO_FRONT] flags=NONE mustBeTask=false order=ANY topActivity=null},{atype=home independent=true modes=[CLOSE,TO_BACK] flags=NONE mustBeTask=false order=ANY topActivity=null}]} RemoteTransition { remoteTransition = android.window.IRemoteTransition$Stub$Proxy@4f98b1a, appThread = android.app.IApplicationThread$Stub$Proxy@6be564b, debugName = LauncherToDream }}
09-20 02:07:22.383  1075  1119 V WindowManagerShell:  Checking filter Pair{{types=[] flags=0x0] notFlags=0x100 checks=[{atype=home independent=true modes=[OPEN,TO_FRONT] flags=NONE mustBeTask=false order=TOP topActivity=ComponentInfo{com.google.android.apps.nexuslauncher/com.google.android.apps.nexuslauncher.NexusLauncherActivity}},{atype=standard independent=true modes=[CLOSE,TO_BACK] flags=NONE mustBeTask=false order=ANY topActivity=null}]} RemoteTransition { remoteTransition = android.window.IRemoteTransition$Stub$Proxy@657c828, appThread = android.app.IApplicationThread$Stub$Proxy@94c9941, debugName = QuickstepLaunchHome }}
09-20 02:07:22.383  1075  1119 V WindowManagerShell:  Delegate animation for #925 to null
09-20 02:07:22.383  1075  1119 V WindowManagerShell:  try handler com.android.wm.shell.transition.DefaultTransitionHandler@4743561
09-20 02:07:22.383  1075  1119 V WindowManagerShell: start default transition animation, info = {id=925 t=CLOSE f=0x0 trk=0 r=[0@Point(0, 0)] c=[{WCT{android.window.IWindowContainerToken$Stub$Proxy@684d1f6} m=TO_BACK f=NONE leash=Surface(name=Task=209)/@0xaeb0d2a sb=Rect(0, 0 - 1080, 2220) eb=Rect(0, 0 - 1080, 2220) d=0},{WCT{android.window.IWindowContainerToken$Stub$Proxy@8ca89f7} m=TO_FRONT f=SHOW_WALLPAPER leash=Surface(name=Task=1)/@0xc93971b sb=Rect(0, 0 - 1080, 2220) eb=Rect(0, 0 - 1080, 2220) d=0},{null m=TO_FRONT f=IS_WALLPAPER leash=Surface(name=WallpaperWindowToken{60338c9 token=android.os.Binder@81e90d0})/@0xcc3c0b8 sb=Rect(0, 0 - 1080, 2220) eb=Rect(0, 0 - 1080, 2220) d=0}]}
09-20 02:07:22.385  1075  1119 V WindowManagerShell: loadAnimation: anim=android.view.animation.AnimationSet@23b42cd animAttr=0x10 type=CLOSE isEntrance=true
09-20 02:07:22.388  1075  1119 V WindowManagerShell: loadAnimation: anim=android.view.animation.AnimationSet@e11eed0 animAttr=0x11 type=CLOSE isEntrance=false
09-20 02:07:22.393  1075  1119 V WindowManagerShell:  animated by com.android.wm.shell.transition.DefaultTransitionHandler@4743561
09-20 02:07:22.405   599  2880 I ImeTracker: com.google.android.apps.nexuslauncher:5d79dea4: onRequestHide at ORIGIN_SERVER_HIDE_INPUT reason HIDE_UNSPECIFIED_WINDOW
09-20 02:07:22.405   599  2880 I ImeTracker: com.google.android.apps.nexuslauncher:5d79dea4: onCancelled at PHASE_SERVER_SHOULD_HIDE
09-20 02:07:22.411  1807  1807 I GoogleInputMethodService: GoogleInputMethodService.onFinishInput():3227 
09-20 02:07:22.412  1807  1807 I GoogleInputMethodService: GoogleInputMethodService.updateDeviceLockedStatus():2087 repeatCheckTimes = 0, unlocked = true
09-20 02:07:22.414  1807  1807 I GoogleInputMethodService: GoogleInputMethodService.onStartInput():1877 onStartInput(EditorInfo{inputType=0x0(NULL) imeOptions=0x0 privateImeOptions=null actionName=UNSPECIFIED actionLabel=null actionId=0 initialSelStart=-1 initialSelEnd=-1 initialCapsMode=0x0 hintText=null label=null packageName=com.google.android.apps.nexuslauncher fieldId=0 fieldName=null extras=null}, false)
09-20 02:07:22.414  1807  1807 I GoogleInputMethodService: GoogleInputMethodService.shouldHideHeaderOnInitialState():4008 ShouldHideHeaderOnInitialState = false
09-20 02:07:22.415  1807  1807 I GoogleInputMethodService: GoogleInputMethodService.updateDeviceLockedStatus():2087 repeatCheckTimes = 2, unlocked = true
09-20 02:07:22.423   599   636 W WindowManager: Failed to deliver inset control state change to w=Window{da6c711 u0 com.saucelabs.mydemoapp.android/com.saucelabs.mydemoapp.android.view.activities.MainActivity EXITING}
09-20 02:07:22.423   599   636 W WindowManager: android.os.DeadObjectException
09-20 02:07:22.423   599   636 W WindowManager: 	at android.os.BinderProxy.transactNative(Native Method)
09-20 02:07:22.423   599   636 W WindowManager: 	at android.os.BinderProxy.transact(BinderProxy.java:584)
09-20 02:07:22.423   599   636 W WindowManager: 	at android.view.IWindow$Stub$Proxy.insetsControlChanged(IWindow.java:479)
09-20 02:07:22.423   599   636 W WindowManager: 	at com.android.server.wm.WindowState.notifyInsetsControlChanged(WindowState.java:3794)
09-20 02:07:22.423   599   636 W WindowManager: 	at com.android.server.wm.InsetsStateController.lambda$notifyPendingInsetsControlChanged$3(InsetsStateController.java:343)
09-20 02:07:22.423   599   636 W WindowManager: 	at com.android.server.wm.InsetsStateController.$r8$lambda$8yykPRG1GyNq_J17QvL9d5xANMc(InsetsStateController.java:0)
09-20 02:07:22.423   599   636 W WindowManager: 	at com.android.server.wm.InsetsStateController$$ExternalSyntheticLambda2.run(R8$$SyntheticClass:0)
09-20 02:07:22.423   599   636 W WindowManager: 	at com.android.server.wm.WindowAnimator.executeAfterPrepareSurfacesRunnables(WindowAnimator.java:294)
09-20 02:07:22.423   599   636 W WindowManager: 	at com.android.server.wm.RootWindowContainer.performSurfacePlacementNoTrace(RootWindowContainer.java:811)
09-20 02:07:22.423   599   636 W WindowManager: 	at com.android.server.wm.RootWindowContainer.performSurfacePlacement(RootWindowContainer.java:756)
09-20 02:07:22.423   599   636 W WindowManager: 	at com.android.server.wm.WindowSurfacePlacer.performSurfacePlacementLoop(WindowSurfacePlacer.java:177)
09-20 02:07:22.423   599   636 W WindowManager: 	at com.android.server.wm.WindowSurfacePlacer.performSurfacePlacement(WindowSurfacePlacer.java:126)
09-20 02:07:22.423   599   636 W WindowManager: 	at com.android.server.wm.WindowSurfacePlacer.performSurfacePlacement(WindowSurfacePlacer.java:115)
09-20 02:07:22.423   599   636 W WindowManager: 	at com.android.server.wm.WindowSurfacePlacer$Traverser.run(WindowSurfacePlacer.java:57)
09-20 02:07:22.423   599   636 W WindowManager: 	at android.os.Handler.handleCallback(Handler.java:958)
09-20 02:07:22.423   599   636 W WindowManager: 	at android.os.Handler.dispatchMessage(Handler.java:99)
09-20 02:07:22.423   599   636 W WindowManager: 	at android.os.Looper.loopOnce(Looper.java:205)
09-20 02:07:22.423   599   636 W WindowManager: 	at android.os.Looper.loop(Looper.java:294)
09-20 02:07:22.423   599   636 W WindowManager: 	at android.os.HandlerThread.run(HandlerThread.java:67)
09-20 02:07:22.423   599   636 W WindowManager: 	at com.android.server.ServiceThread.run(ServiceThread.java:46)
09-20 02:07:22.524  1415  1415 D SearchTargetUtil:  query= size=15
09-20 02:07:22.526  1415  1415 D SearchTargetUtil: layoutType=short_icon_row resultType=131072 packageName=com.google.android.googlequicksearchbox extras=Bundle{suggestion_type=33,suggest_truncate_start=false,is_answer=false,is_entity=false,is_personal=false,suggest_raw_text=samsung galaxy s25 ultra price,group_id=web11843503,response_id=907507ec-6d73-4368-8d28-2b095daf3abb,support_query_builder=false,} searchAction=samsung galaxy s25 ultra price searchActionExtras=Bundle{learn_more_url=https://support.google.com/websearch/answer/106230?hl=106230,suggestion_action_text=Report this,should_start_for_result=true,allow_pinning=true,skip_logging_in_target_handler=false,suggestion_action_rpc=2,}ParentID: null targetID: 9270503a-d0ee-4044-b3cc-53f6c4641c9b
09-20 02:07:22.526  1415  1415 D SearchTargetUtil: layoutType=short_icon_row resultType=131072 packageName=com.google.android.googlequicksearchbox extras=Bundle{suggestion_type=33,suggest_truncate_start=false,is_answer=false,is_entity=false,is_personal=false,suggest_raw_text=school assembly news headlines today,group_id=web11843503,response_id=907507ec-6d73-4368-8d28-2b095daf3abb,support_query_builder=false,} searchAction=school assembly news headlines today searchActionExtras=Bundle{learn_more_url=https://support.google.com/websearch/answer/106230?hl=106230,suggestion_action_text=Report this,should_start_for_result=true,allow_pinning=true,skip_logging_in_target_handler=false,suggestion_action_rpc=2,}ParentID: null targetID: a8844b19-2fe4-4b36-8165-eb18790a31e9
09-20 02:07:22.526  1415  1415 D SearchTargetUtil: layoutType=short_icon_row resultType=131072 packageName=com.google.android.googlequicksearchbox extras=Bundle{suggestion_type=33,suggest_truncate_start=false,is_answer=false,is_entity=false,is_personal=false,suggest_raw_text=google gemini ai photo editing prompts,group_id=web11843503,response_id=907507ec-6d73-4368-8d28-2b095daf3abb,support_query_builder=false,} searchAction=google gemini ai photo editing prompts searchActionExtras=Bundle{learn_more_url=https://support.google.com/websearch/answer/106230?hl=106230,suggestion_action_text=Report this,should_start_for_result=true,allow_pinning=true,skip_logging_in_target_handler=false,suggestion_action_rpc=2,}ParentID: null targetID: 09b5db1d-87e7-4111-8918-a2e3590aa797
09-20 02:07:22.527  1415  1415 D SearchTargetUtil: layoutType=short_icon_row resultType=131072 packageName=com.google.android.googlequicksearchbox extras=Bundle{suggestion_type=33,suggest_truncate_start=false,is_answer=false,is_entity=false,is_personal=false,suggest_raw_text=navi mumbai international airport,group_id=web11843503,response_id=907507ec-6d73-4368-8d28-2b095daf3abb,support_query_builder=false,} searchAction=navi mumbai international airport searchActionExtras=Bundle{learn_more_url=https://support.google.com/websearch/answer/106230?hl=106230,suggestion_action_text=Report this,should_start_for_result=true,allow_pinning=true,skip_logging_in_target_handler=false,suggestion_action_rpc=2,}ParentID: null targetID: b3c52f1b-4ea3-448a-ad54-1cbe4547a4fc
09-20 02:07:22.528  1415  1415 D SearchTargetUtil: layoutType=short_icon_row resultType=131072 packageName=com.google.android.googlequicksearchbox extras=Bundle{suggestion_type=33,suggest_truncate_start=false,is_answer=false,is_entity=false,is_personal=false,suggest_raw_text=etv telugu news,group_id=web11843503,response_id=907507ec-6d73-4368-8d28-2b095daf3abb,support_query_builder=false,} searchAction=etv telugu news searchActionExtras=Bundle{learn_more_url=https://support.google.com/websearch/answer/106230?hl=106230,suggestion_action_text=Report this,should_start_for_result=true,allow_pinning=true,skip_logging_in_target_handler=false,suggestion_action_rpc=2,}ParentID: null targetID: d5cb3c7b-6014-4509-8c0b-9437e71adb40
09-20 02:07:22.530  1415  1415 D SearchTargetUtil: layoutType=short_icon_row resultType=131072 packageName=com.google.android.googlequicksearchbox extras=Bundle{suggestion_type=33,suggest_truncate_start=false,is_answer=false,is_entity=false,is_personal=false,suggest_raw_text=lokah chapter 1 kalyani priyadarshan,group_id=web11843503,response_id=907507ec-6d73-4368-8d28-2b095daf3abb,support_query_builder=false,} searchAction=lokah chapter 1 kalyani priyadarshan searchActionExtras=Bundle{learn_more_url=https://support.google.com/websearch/answer/106230?hl=106230,suggestion_action_text=Report this,should_start_for_result=true,allow_pinning=true,skip_logging_in_target_handler=false,suggestion_action_rpc=2,}ParentID: null targetID: c2b2f888-6d57-46d9-88d9-e5686d54b6b2
09-20 02:07:22.532  1415  1415 D SearchTargetUtil: layoutType=short_icon_row resultType=131072 packageName=com.google.android.googlequicksearchbox extras=Bundle{suggestion_type=33,suggest_truncate_start=false,is_answer=false,is_entity=false,is_personal=false,suggest_raw_text=india affordable housing taxes,group_id=web11843503,response_id=907507ec-6d73-4368-8d28-2b095daf3abb,support_query_builder=false,} searchAction=india affordable housing taxes searchActionExtras=Bundle{learn_more_url=https://support.google.com/websearch/answer/106230?hl=106230,suggestion_action_text=Report this,should_start_for_result=true,allow_pinning=true,skip_logging_in_target_handler=false,suggestion_action_rpc=2,}ParentID: null targetID: ddbb0e6b-1257-4304-ad5c-4b046e9fd298
09-20 02:07:22.533  1415  1415 D SearchTargetUtil: layoutType=short_icon_row resultType=131072 packageName=com.google.android.googlequicksearchbox extras=Bundle{suggestion_type=33,suggest_truncate_start=false,is_answer=false,is_entity=false,is_personal=false,suggest_raw_text=school holidays,group_id=web11843503,response_id=907507ec-6d73-4368-8d28-2b095daf3abb,support_query_builder=false,} searchAction=school holidays searchActionExtras=Bundle{learn_more_url=https://support.google.com/websearch/answer/106230?hl=106230,suggestion_action_text=Report this,should_start_for_result=true,allow_pinning=true,skip_logging_in_target_handler=false,suggestion_action_rpc=2,}ParentID: null targetID: 1c62f7ed-f673-4461-b908-195dd132377b
09-20 02:07:22.536  1415  1415 D SearchTargetUtil: layoutType=short_icon_row resultType=131072 packageName=com.google.android.googlequicksearchbox extras=Bundle{suggestion_type=33,suggest_truncate_start=false,is_answer=false,is_entity=false,is_personal=false,suggest_raw_text=google pixel battery swelling,group_id=web11843503,response_id=907507ec-6d73-4368-8d28-2b095daf3abb,support_query_builder=false,} searchAction=google pixel battery swelling searchActionExtras=Bundle{learn_more_url=https://support.google.com/websearch/answer/106230?hl=106230,suggestion_action_text=Report this,should_start_for_result=true,allow_pinning=true,skip_logging_in_target_handler=false,suggestion_action_rpc=2,}ParentID: null targetID: 069c8c1d-28b0-4f8f-99b1-c6fcb0d88f31
09-20 02:07:22.537  1415  1415 D SearchTargetUtil: layoutType=short_icon_row resultType=131072 packageName=com.google.android.googlequicksearchbox extras=Bundle{suggestion_type=33,suggest_truncate_start=false,is_answer=false,is_entity=false,is_personal=false,suggest_raw_text=dr reddy news,group_id=web11843503,response_id=907507ec-6d73-4368-8d28-2b095daf3abb,support_query_builder=false,} searchAction=dr reddy news searchActionExtras=Bundle{learn_more_url=https://support.google.com/websearch/answer/106230?hl=106230,suggestion_action_text=Report this,should_start_for_result=true,allow_pinning=true,skip_logging_in_target_handler=false,suggestion_action_rpc=2,}ParentID: null targetID: 01d2bb6f-bcd1-4118-b0ca-b1f628e822e2
09-20 02:07:22.539  1415  1415 D SearchTargetUtil: layoutType=extra_tall_icon_row resultType=131072 packageName=com.google.android.googlequicksearchbox extras=Bundle{bitmap_url=data:image/png;base64,iVBORw0KGgoAAAANSUhEUgAAAIYAAAAwCAMAAADjNPLLAAAAmVBMVEX////0hB0kl0n0fgDzeQDzewD0gxj0gArzdwAAjjP0gRL//PoAkTn+9vH+8+z3rHjzcwD5vZb6zbH5xaP2o2b83cr707r6yar3qXL97OH4sH/2n174tIX84dHk8OcZlEP1kT/2mlTy+PT0iClVqGxxtIP1lEeQwp2z1LtIo2L1jTba6t74uI18uYyoz7I3nVbJ4M8AiCBkrngb6B8YAAAGQUlEQVRYhcVYa3eqOhAFk5AQRFB5iFLRammrtrX9/z/uzuTBQ/CcL7eevbqWJUKyZ2bPAx3nDoJsXbtuHWXBvTsegGIlCPdc15OEzv8ViTAR3HUlowDCyWH2T1jkFEhwukpnYVika0bIP+AR1gw8IVbN0eGGnR7OImXSdcmu6K5FYvlgFrlwXZeub1b37LEsSgrZQbPb5TB+eiSLCGXhFcMvykdm7YpAhpywXmXRJlp0Ctds8xgGs0CzIHu4KA6MChHHHWEmDyGR5DoiBK3OBCfLWVgsReuD9AEs5jGcMkcWaHQq5CF0VNnYRN3b0vxXy1iCLDJhWITMk4GzjPcojRK/iXfqtiwm4hd5bFRxWnHNwkk4TbF+cIkZs3CcNacqXfGOQSr/b8hpjR9PQqgIFFQqNhmVTBeLOSFKq7V0yeLXaDBtqxPqj0RSXTcKz3hhQfgKPw/eL3pjQdzuZWicAQh2RDFKmbfDa0znX6ORkF5JWBJ0wfa8xYs9ISG4hbkEWUGdZ03ezhAhIFAYbPsMuH9oGMLDvZUD7yVlLQ/O9uhP/eqseOzU+QLOmSENW+c3gjYQQl2wQ9Io5+XbB3y/9U56Pb4ff14+QYaxfqzbNLwujTSgZP7sVxOAjzxOFOoaczE4T1BXqEnYAvvwLTzJpA7as48bTKY9Gu/TCuB/Yuqp+2mXxknWzf9FPovj2atiMane0XuMO47rYc6koA1qvA+CGoWnB5PrVNM4d32h1qovPNJTN/eGh5WkTU3KFs7Tk/OjaUx8DO4lLpzaQ03kpH3S2DMC5WljiN855qod5G+1yABy36UB6dgMOXMV3BdDY6q+BhobiRly4a5nh8GdtkeSBpaXyu1j1bjTYGvCBCFR0QWQ3uwQiDZIpXLpm36kesGL2kOHIY1EujaXrT1Jni8Aeb6cR0wzU0mlY1K9tqdMNLEf/H+pI8r63bIkjZGlVuuHD1qaTnRMQBURRxoQUX7R91l7uhvNjD8gqbYDhb4buamLldQK7fengHjcNPQ515/Xn693ZcpKDX9rRQMbsMlIY09/IyNbGjpv00YHGkZtvpasq/3GnT5SYZqak8a9KlnIRNUYRaPAsmEmUm2P5/W2KZilYRQ6vWXxqa5CG9EbGhAWy0NVTbttVBpr1xzOz4hyeMeem41m1AZFh6A66vWzicj0w1htIjp859gQPXY5CyHbcg1/2aUWrs7pOXG9g9O1py91KxjRKPTlfL5e345+pwwh5kahI7N+zfUQ6qwpPV0WWZot5lHN4AWWE+LsJch/I3UyduzpS11vD1TPmsakmiJs9h8bm41Cx34pqInL1RtzzpitBFJyQndQzDlWGuyvec+eG6nr2gjJZBTaReW3yasftp4dxkXVSidY1kR1LEbqMkOpFBTiiAq19cXY05e6cRHc81ENWHQqSKEj2m+oLdbwtTDRDlQHb70NIyiUcs+ey0eKcUqaxa8Bjcm05ZHpG61nB1gIz2WbYcQCQiItjXXPHm9XKqzX0SqpWdtSfHM09vpGGh92u5LfVajZ3uUul4Ov95wHvZnH2APesZDSVvLSsQqdXmHw2Z4/DCn/arbbjbTXG6wotGpTsI1bsgPjhT6amLsud9uryrbPqu3PTtuhvszTelLxaucPyKBTkp1ikCaHw4HEsYjwci+bhoIT+ig8quqZbdB2T1tTtTtMdWk2G0ewEhI9q/5PF/lC5YqSQ/OqxJpzG0hIbjt6TTr9ubugy1duFPq32fppHw9vgTelpnSb3uFKdAp47HTa1fU+KY1ynjuThYbtdGez00jNuUU4uqqcYYcS00nZyK8gCDsAXtslncHaP7a9LtWkkmmkt8eGydju+KLUjGh2oL1jyOe0p9AOM2z8oZ2lSReMDLY5DYnsYfxr36l00dZvUCMwCv3qrrW1NG2E1RP3yGbreN8TRwblpDPMmwGQl3domCM/umtGHVXTjm4gb3/yQ6Rc0M3yCeM1Sy8eDJkebYuayTh2R+pDhSIavWxGk/3OG/oc+hqjFFoc40CCuJ045UJFU9xxxvZbtffvbW/11cdFaLMnRkYQ38mbYHmAWUNiRSCM9+ekVIn7Tp4Ajytie7N6NqszeBRHeRjmNXIc7v/wa2exKPen3T5aPuQX0f8A5PhqxhxMlkUAAAAASUVORK5CYII=,suggestion_type=33,suggest_truncate_start=false,is_answer=false,is_entity=true,is_personal=false,suggest_raw_text=kabaddi pro kabaddi league,group_id=web11843503,response_id=907507ec-6d73-4368-8d28-2b095daf3abb,support_query_builder=false,} searchAction=Pro Kabaddi League searchActionExtras=Bundle{learn_more_url=https://support.google.com/websearch/answer/106230?hl=106230,suggestion_action_text=Report this,should_start_for_result=true,allow_pinning=true,skip_logging_in_target_handler=false,suggestion_action_rpc=2,}ParentID: null targetID: 3659e466-c67f-4420-82dc-1bd81f370ca4
09-20 02:07:22.540  1415  1415 D SearchTargetUtil: layoutType=short_icon_row resultType=131072 packageName=com.google.android.googlequicksearchbox extras=Bundle{suggestion_type=33,suggest_truncate_start=false,is_answer=false,is_entity=false,is_personal=false,suggest_raw_text=the summer turned pretty season 3,group_id=web11843503,response_id=907507ec-6d73-4368-8d28-2b095daf3abb,support_query_builder=false,} searchAction=the summer turned pretty season 3 searchActionExtras=Bundle{learn_more_url=https://support.google.com/websearch/answer/106230?hl=106230,suggestion_action_text=Report this,should_start_for_result=true,allow_pinning=true,skip_logging_in_target_handler=false,suggestion_action_rpc=2,}ParentID: null targetID: f5d0d987-d97a-488d-bbfb-643b1296f812
09-20 02:07:22.540  1415  1415 D SearchTargetUtil: layoutType=short_icon_row resultType=131072 packageName=com.google.android.googlequicksearchbox extras=Bundle{suggestion_type=33,suggest_truncate_start=false,is_answer=false,is_entity=false,is_personal=false,suggest_raw_text=kerala state lottery results,group_id=web11843503,response_id=907507ec-6d73-4368-8d28-2b095daf3abb,support_query_builder=false,} searchAction=kerala state lottery results searchActionExtras=Bundle{learn_more_url=https://support.google.com/websearch/answer/106230?hl=106230,suggestion_action_text=Report this,should_start_for_result=true,allow_pinning=true,skip_logging_in_target_handler=false,suggestion_action_rpc=2,}ParentID: null targetID: f6f3110a-7e88-4e25-a5ef-f3f1e5a44019
09-20 02:07:22.540  1415  1415 D SearchTargetUtil: layoutType=short_icon_row resultType=131072 packageName=com.google.android.googlequicksearchbox extras=Bundle{suggestion_type=33,suggest_truncate_start=false,is_answer=false,is_entity=false,is_personal=false,suggest_raw_text=valorant patch notes 11.06,group_id=web11843503,response_id=907507ec-6d73-4368-8d28-2b095daf3abb,support_query_builder=false,} searchAction=valorant patch notes 11.06 searchActionExtras=Bundle{learn_more_url=https://support.google.com/websearch/answer/106230?hl=106230,suggestion_action_text=Report this,should_start_for_result=true,allow_pinning=true,skip_logging_in_target_handler=false,suggestion_action_rpc=2,}ParentID: null targetID: ca183153-78cd-4e78-9f45-8926bdd824e3
09-20 02:07:22.541  1415  1415 D SearchTargetUtil: layoutType=short_icon_row resultType=131072 packageName=com.google.android.googlequicksearchbox extras=Bundle{suggestion_type=33,suggest_truncate_start=false,is_answer=false,is_entity=false,is_personal=false,suggest_raw_text=income tax itr filing due date,group_id=web11843503,response_id=907507ec-6d73-4368-8d28-2b095daf3abb,support_query_builder=false,} searchAction=income tax itr filing due date searchActionExtras=Bundle{learn_more_url=https://support.google.com/websearch/answer/106230?hl=106230,suggestion_action_text=Report this,should_start_for_result=true,allow_pinning=true,skip_logging_in_target_handler=false,suggestion_action_rpc=2,}ParentID: null targetID: bcd5e1ee-3ed5-4d54-93fd-9f272a8a0214
09-20 02:07:22.558  1075  1086 I ndroid.systemui: NativeAlloc concurrent copying GC freed 205040(9001KB) AllocSpace objects, 10(200KB) LOS objects, 49% free, 20MB/40MB, paused 1.783ms,169us total 125.897ms
09-20 02:07:22.612  1075  1163 D EGL_emulation: app_time_stats: avg=228.91ms min=8.62ms max=4261.27ms count=22
09-20 02:07:22.646  1075  1119 V WindowManagerShell: Transition animation finished (aborted=false), notifying core (#925)android.os.BinderProxy@fa36615@0
09-20 02:07:22.649   599   632 V WindowManager: Finish Transition #925: created at 09-20 02:07:22.213 collect-started=0.087ms request-sent=0.227ms started=12.948ms ready=12.904ms sent=163.946ms finished=434.942ms
09-20 02:07:22.650   599  1545 W WindowManager: Exception thrown during dispatchAppVisibility Window{da6c711 u0 com.saucelabs.mydemoapp.android/com.saucelabs.mydemoapp.android.view.activities.MainActivity EXITING}
09-20 02:07:22.650   599  1545 W WindowManager: android.os.DeadObjectException
09-20 02:07:22.650   599  1545 W WindowManager: 	at android.os.BinderProxy.transactNative(Native Method)
09-20 02:07:22.650   599  1545 W WindowManager: 	at android.os.BinderProxy.transact(BinderProxy.java:584)
09-20 02:07:22.650   599  1545 W WindowManager: 	at android.view.IWindow$Stub$Proxy.dispatchAppVisibility(IWindow.java:546)
09-20 02:07:22.650   599  1545 W WindowManager: 	at com.android.server.wm.WindowState.sendAppVisibilityToClients(WindowState.java:3271)
09-20 02:07:22.650   599  1545 W WindowManager: 	at com.android.server.wm.WindowContainer.sendAppVisibilityToClients(WindowContainer.java:1221)
09-20 02:07:22.650   599  1545 W WindowManager: 	at com.android.server.wm.WindowToken.setClientVisible(WindowToken.java:409)
09-20 02:07:22.650   599  1545 W WindowManager: 	at com.android.server.wm.ActivityRecord.setClientVisible(ActivityRecord.java:6946)
09-20 02:07:22.650   599  1545 W WindowManager: 	at com.android.server.wm.ActivityRecord.postApplyAnimation(ActivityRecord.java:5637)
09-20 02:07:22.650   599  1545 W WindowManager: 	at com.android.server.wm.ActivityRecord.commitVisibility(ActivityRecord.java:5580)
09-20 02:07:22.650   599  1545 W WindowManager: 	at com.android.server.wm.Transition.finishTransition(Transition.java:1143)
09-20 02:07:22.650   599  1545 W WindowManager: 	at com.android.server.wm.TransitionController.finishTransition(TransitionController.java:859)
09-20 02:07:22.650   599  1545 W WindowManager: 	at com.android.server.wm.WindowOrganizerController.finishTransition(WindowOrganizerController.java:396)
09-20 02:07:22.650   599  1545 W WindowManager: 	at android.window.IWindowOrganizerController$Stub.onTransact(IWindowOrganizerController.java:286)
09-20 02:07:22.650   599  1545 W WindowManager: 	at com.android.server.wm.WindowOrganizerController.onTransact(WindowOrganizerController.java:181)
09-20 02:07:22.650   599  1545 W WindowManager: 	at android.os.Binder.execTransactInternal(Binder.java:1344)
09-20 02:07:22.650   599  1545 W WindowManager: 	at android.os.Binder.execTransact(Binder.java:1275)
09-20 02:07:22.650   599  1545 I Process : Sending signal. PID: 11621 SIG: 9
09-20 02:07:22.658   599   635 W ActivityManager: setHasOverlayUi called on unknown pid: 11621
09-20 02:07:22.665  1075  1119 V WindowManagerShell: Track 0 became idle
09-20 02:07:22.666  1075  1119 V WindowManagerShell: All active transition animations finished
09-20 02:07:22.676  1075  1163 D EGL_emulation: app_time_stats: avg=422.16ms min=6.71ms max=5950.30ms count=15
09-20 02:07:22.710   451   451 E BpTransactionCompletedListener: Failed to transact (-32)
09-20 02:07:22.972   381   381 I netd    : tetherGetStats() -> {[]} <105.30ms>
09-20 02:07:23.002   381   381 I netd    : bandwidthSetGlobalAlert(2097152) <8.30ms>
09-20 02:07:23.067   381   381 I netd    : bandwidthRemoveInterfaceQuota(eth0) <26.10ms>
09-20 02:07:23.077   381   381 I netd    : bandwidthSetInterfaceQuota(eth0, 9223372036854775807) <9.08ms>
09-20 02:07:23.102   381   381 I netd    : bandwidthRemoveInterfaceQuota(eth0) <2.67ms>
09-20 02:07:23.106   381   381 I netd    : bandwidthSetInterfaceQuota(eth0, 9223372036854775807) <3.14ms>
09-20 02:07:23.122   599  1074 D NetworkStatsObservers: Unregistering RequestInfo from pid/uid:599/1000(android) for DataUsageRequest [ requestId=63, networkTemplate=NetworkTemplate: matchRule=MOBILE, matchSubscriberIds=[310260...], matchWifiNetworkKeys=[], metered=YES, defaultNetwork=NO, thresholdInBytes=3708049 ] accessLevel:3
09-20 02:07:23.123   599   993 D NetworkStatsObservers: Registering observer for RequestInfo from pid/uid:599/1000(android) for DataUsageRequest [ requestId=64, networkTemplate=NetworkTemplate: matchRule=MOBILE, matchSubscriberIds=[310260...], matchWifiNetworkKeys=[], metered=YES, defaultNetwork=NO, thresholdInBytes=3707280 ] accessLevel:3
09-20 02:07:23.135   387  7465 D android.hardware.audio@7.1-impl.ranchu: threadLoop: entering standby, frames: 77424864
09-20 02:07:23.162   381   381 I netd    : tetherGetStats() -> {[]} <1.52ms>
09-20 02:07:23.630  1075  1163 D EGL_emulation: app_time_stats: avg=7.44ms min=1.56ms max=42.14ms count=53
09-20 02:07:25.591  1075  1075 D StatusBarIconController: ignoring old pipeline callbacks, because the new mobile icons are enabled
09-20 02:07:26.176   599  4370 E TaskPersister: File error accessing recents directory (directory doesn't exist?).
09-20 02:07:28.179  1075  1075 D StatusBarIconController: ignoring old pipeline callback because the new wifi icon is enabled
09-20 02:07:28.996   599  2899 W ProcessStats: Tracking association SourceState{86baffb com.google.android.gms.persistent/10121 BTop #62127} whose proc state 2 is better than process ProcessState{16dcc78 com.google.android.gms/10121 pkg=com.google.android.gms} proc state 14 (22 skipped)
09-20 02:07:35.589  1075  1075 D StatusBarIconController: ignoring old pipeline callbacks, because the new mobile icons are enabled
09-20 02:07:36.285     0     0 I servicemanager: Since 'artd' could not be found, trying to start it as a lazy AIDL service. (if it's not configured to be a lazy service, it may be stuck starting or still starting).
09-20 02:07:36.289     0     0 I init    : starting service 'artd'...
09-20 02:07:36.317     0     0 I init    : ... started service 'artd' has pid 12188
09-20 02:07:36.318     0     0 I init    : Control message: Processed ctl.interface_start for 'aidl/artd' from pid: 175 (/system/bin/servicemanager)
09-20 02:07:36.355 12188 12188 I artd    : Starting artd
09-20 02:07:36.355 12188 12188 I AidlLazyServiceRegistrar: Registering service artd
09-20 02:07:36.330     0     0 I BpBinder: onLastStrongRef automatically unlinking death recipients:
09-20 02:07:36.369 12188 12193 W ziparchive: Unable to open '/data/app/~~YDYsn3ASKIl0bMRcERFgmg==/io.appium.settings--re3hIqO8JIh9JZ0taZE_g==/base.dm': No such file or directory
09-20 02:07:36.370 12188 12193 W ziparchive: Unable to open '/data/app/~~YDYsn3ASKIl0bMRcERFgmg==/io.appium.settings--re3hIqO8JIh9JZ0taZE_g==/base.dm': No such file or directory
09-20 02:07:36.477     0     0 I logd    : logdr: UID=2000 GID=2000 PID=12197 b tail=0 logMask=99 pid=0 start=0ns deadline=0ns
09-20 02:07:36.587 12188 12193 I AidlLazyServiceRegistrar: Process has 1 (of 1 available) client(s) in use after notification artd has clients: 1
