09-20 02:09:43.535 15893 15954 I appium  : Waiting up to 10000ms for the device to idle
09-20 02:09:43.576 15970 15997 D EGL_emulation: app_time_stats: avg=88.60ms min=3.17ms max=736.09ms count=12
09-20 02:09:43.676   445   554 D audioserver: FGS Logger Transaction failed
09-20 02:09:43.676   445   554 D audioserver: -129
09-20 02:09:44.141 15893 15954 I appium  : AppiumResponse: {"sessionId":"1c58e43c-8026-4202-adfe-8230213667b5","value":{"ELEMENT":"00000000-0000-0c20-ffff-ffff00000325","element-6066-11e4-a52e-4f735466cecf":"00000000-0000-0c20-ffff-ffff00000325"}}
09-20 02:09:44.161 15893 15954 I appium  : channel read: POST /session/1c58e43c-8026-4202-adfe-8230213667b5/element/00000000-0000-0c20-ffff-ffff00000325/click
09-20 02:09:44.163 15893 15954 I appium  : Click command
09-20 02:09:44.198  1415  1415 D TaplEvents: TIS / TouchInteractionService.onInputEvent: MotionEvent { action=ACTION_DOWN, actionButton=0, id[0]=0, x[0]=994.0, y[0]=135.0, toolType[0]=TOOL_TYPE_FINGER, buttonState=0, classification=NONE, metaState=0, flags=0x0, edgeFlags=0x0, pointerCount=1, historySize=0, eventTime=109644542, downTime=109644542, deviceId=-1, source=0x1002, displayId=0, eventId=-121791601 }
09-20 02:09:44.213  1415  1415 D TaplEvents: TIS / TouchInteractionService.onInputEvent: MotionEvent { action=ACTION_UP, actionButton=0, id[0]=0, x[0]=994.0, y[0]=135.0, toolType[0]=TOOL_TYPE_FINGER, buttonState=0, classification=NONE, metaState=0, flags=0x0, edgeFlags=0x0, pointerCount=1, historySize=0, eventTime=109644575, downTime=109644542, deviceId=-1, source=0x1002, displayId=0, eventId=-99715225 }
09-20 02:09:44.219   445   461 D audioserver: FGS Logger Transaction failed
09-20 02:09:44.220   445   461 D audioserver: -129
09-20 02:09:44.232   599  2243 E Transition: Trying to add a ready-group twice: Display{#0 state=ON size=1080x2220 ROTATION_0}
09-20 02:09:44.233   599  2243 I ActivityTaskManager: START u0 {cmp=com.saucelabs.mydemoapp.android/.view.activities.MainActivity (has extras)} with LAUNCH_MULTIPLE from uid 10183 (BAL_ALLOW_VISIBLE_WINDOW) result code=0
09-20 02:09:44.236  1075  1119 V WindowManagerShell: Transition requested: android.os.BinderProxy@943bac2 TransitionRequestInfo { type = OPEN, triggerTask = TaskInfo{userId=0 taskId=217 displayId=0 isRunning=true baseIntent=Intent { act=android.intent.action.MAIN cat=[android.intent.category.LAUNCHER] flg=0x10200000 cmp=com.saucelabs.mydemoapp.android/.view.activities.SplashActivity } baseActivity=ComponentInfo{com.saucelabs.mydemoapp.android/com.saucelabs.mydemoapp.android.view.activities.MainActivity} topActivity=ComponentInfo{com.saucelabs.mydemoapp.android/com.saucelabs.mydemoapp.android.view.activities.MainActivity} origActivity=null realActivity=ComponentInfo{com.saucelabs.mydemoapp.android/com.saucelabs.mydemoapp.android.view.activities.SplashActivity} numActivities=3 lastActiveTime=109644596 supportsMultiWindow=true resizeMode=1 isResizeable=true minWidth=-1 minHeight=-1 defaultMinSize=220 token=WCT{android.window.IWindowContainerToken$Stub$Proxy@8c9d0d3} topActivityType=1 pictureInPictureParams=null shouldDockBigOverlays=false launchIntoPipHostTaskId=-1 lastParentTaskIdBeforePip=-1 displayCutoutSafeInsets=null topActivityInfo=ActivityInfo{1c06410 com.saucelabs.mydemoapp.android.view.activities.MainActivity} launchCookies=[] positionInParent=Point(0, 0) parentTaskId=-1 isFocused=true isVisible=true isVisibleRequested=true isSleeping=false topActivityInSizeCompat=false topActivityEligibleForLetterboxEducation= false topActivityLetterboxed= false isFromDoubleTap= false topActivityLetterboxVerticalPosition= -1 topActivityLetterboxHorizontalPosition= -1 topActivityLetterboxWidth=-1 topActivityLetterboxHeight=-1 locusId=null displayAreaFeatureId=1 cameraCompatControlState=hidden}, remoteTransition = null, displayChange = null }
09-20 02:09:44.258 15893 15954 W GestureController: Gestures took longer than expected (82ms >> 16ms), device might be in a busy state.
09-20 02:09:44.260 15893 15954 I appium  : Waiting up to 10000ms for the device to idle
09-20 02:09:44.269   599   635 W ProcessStats: Tracking association SourceState{86baffb com.google.android.gms.persistent/10121 Fgs #63143} whose proc state 3 is better than process ProcessState{16dcc78 com.google.android.gms/10121 pkg=com.google.android.gms} proc state 14 (31 skipped)
09-20 02:09:44.278   451   451 I BpBinder: onLastStrongRef automatically unlinking death recipients: 
09-20 02:09:44.376 15970 15970 D AppDatabase: Getting the database instance
09-20 02:09:44.403   445   554 D audioserver: FGS Logger Transaction failed
09-20 02:09:44.403   445   554 D audioserver: -129
09-20 02:09:44.447   599  2060 D CoreBackPreview: Window{cc237d9 u0 com.saucelabs.mydemoapp.android/com.saucelabs.mydemoapp.android.view.activities.MainActivity}: Setting back callback OnBackInvokedCallbackInfo{mCallback=android.window.IOnBackInvokedCallback$Stub$Proxy@24e004c, mPriority=0, mIsAnimationCallback=false}
09-20 02:09:44.555 15970 15997 E OpenGLRenderer: Unable to match the desired swap behavior.
09-20 02:09:44.588 15970 15997 D EGL_emulation: app_time_stats: avg=4.23ms min=2.46ms max=21.12ms count=58
09-20 02:09:44.730   599   632 I ActivityTaskManager: Displayed com.saucelabs.mydemoapp.android/.view.activities.MainActivity for user 0: +507ms
09-20 02:09:44.730  1075  1119 V WindowManagerShell: onTransitionReady android.os.BinderProxy@943bac2: {id=970 t=OPEN f=0x0 trk=0 r=[0@Point(0, 0)] c=[{null m=OPEN f=FILLS_TASK leash=Surface(name=ActivityRecord{e9ecadd u0 com.saucelabs.mydemoapp.android/.view.activities.MainActivity)/@0x1c7ab09 sb=Rect(0, 0 - 0, 0) eb=Rect(0, 0 - 1080, 2220) d=-1->0 r=-1->0:-1},{null m=TO_BACK f=FILLS_TASK leash=Surface(name=ActivityRecord{2f483c0 u0 com.saucelabs.mydemoapp.android/.view.activities.MainActivity)/@0xa16c10e sb=Rect(0, 0 - 1080, 2220) eb=Rect(0, 0 - 1080, 2220) d=0}]}
09-20 02:09:44.731  1075  1119 V WindowManagerShell: Playing animation for (#970)android.os.BinderProxy@943bac2@0
09-20 02:09:44.732  1075  1119 V WindowManagerShell:  try handler com.android.wm.shell.transition.DefaultMixedHandler@a1de1ae
09-20 02:09:44.732   599   632 V WindowManager: Sent Transition #970 createdAt=09-20 02:09:44.220 via request=TransitionRequestInfo { type = OPEN, triggerTask = TaskInfo{userId=0 taskId=217 displayId=0 isRunning=true baseIntent=Intent { act=android.intent.action.MAIN cat=[android.intent.category.LAUNCHER] flg=0x10200000 cmp=com.saucelabs.mydemoapp.android/.view.activities.SplashActivity } baseActivity=ComponentInfo{com.saucelabs.mydemoapp.android/com.saucelabs.mydemoapp.android.view.activities.MainActivity} topActivity=ComponentInfo{com.saucelabs.mydemoapp.android/com.saucelabs.mydemoapp.android.view.activities.MainActivity} origActivity=null realActivity=ComponentInfo{com.saucelabs.mydemoapp.android/com.saucelabs.mydemoapp.android.view.activities.SplashActivity} numActivities=3 lastActiveTime=109644596 supportsMultiWindow=true resizeMode=1 isResizeable=true minWidth=-1 minHeight=-1 defaultMinSize=220 token=WCT{RemoteToken{318181 Task{e319e4d #217 type=standard A=10183:com.saucelabs.mydemoapp.android}}} topActivityType=1 pictureInPictureParams=null shouldDockBigOverlays=false launchIntoPipHostTaskId=-1 lastParentTaskIdBeforePip=-1 displayCutoutSafeInsets=null topActivityInfo=ActivityInfo{10a0ce4 com.saucelabs.mydemoapp.android.view.activities.MainActivity} launchCookies=[] positionInParent=Point(0, 0) parentTaskId=-1 isFocused=true isVisible=true isVisibleRequested=true isSleeping=false topActivityInSizeCompat=false topActivityEligibleForLetterboxEducation= false topActivityLetterboxed= false isFromDoubleTap= false topActivityLetterboxVerticalPosition= -1 topActivityLetterboxHorizontalPosition= -1 topActivityLetterboxWidth=-1 topActivityLetterboxHeight=-1 locusId=null displayAreaFeatureId=1 cameraCompatControlState=hidden}, remoteTransition = null, displayChange = null }
09-20 02:09:44.733  1075  1119 V WindowManagerShell:  try handler com.android.wm.shell.keyguard.KeyguardTransitionHandler@4104b4f
09-20 02:09:44.733   599   632 V WindowManager:     startWCT=WindowContainerTransaction { changes = {} hops = [] errorCallbackToken=null taskFragmentOrganizer=null }
09-20 02:09:44.734  1075  1119 V WindowManagerShell:  try handler com.android.wm.shell.activityembedding.ActivityEmbeddingController@ffc52dc
09-20 02:09:44.734  1075  1119 V WindowManagerShell:  try handler com.android.wm.shell.recents.RecentsTransitionHandler@1d67fe5
09-20 02:09:44.735   599   632 V WindowManager:     info={id=970 t=OPEN f=0x0 trk=0 r=[0@Point(0, 0)] c=[{null m=OPEN f=FILLS_TASK leash=Surface(name=ActivityRecord{e9ecadd u0 com.saucelabs.mydemoapp.android/.view.activities.MainActivity)/@0x7673a76 sb=Rect(0, 0 - 0, 0) eb=Rect(0, 0 - 1080, 2220) d=-1->0 r=-1->0:-1},{null m=TO_BACK f=FILLS_TASK leash=Surface(name=ActivityRecord{2f483c0 u0 com.saucelabs.mydemoapp.android/.view.activities.MainActivity)/@0x26dfc84 sb=Rect(0, 0 - 1080, 2220) eb=Rect(0, 0 - 1080, 2220) d=0}]}
09-20 02:09:44.736  1075  1119 V ShellRecents: RecentsTransitionHandler.startAnimation: no controller found
09-20 02:09:44.736  1075  1119 V WindowManagerShell:  try handler com.android.wm.shell.pip.PipTransition@36a6aba
09-20 02:09:44.736  1075  1119 V WindowManagerShell:  try handler com.android.wm.shell.splitscreen.StageCoordinator@6b04d6b
09-20 02:09:44.738  1075  1119 V WindowManagerShell:  try handler com.android.wm.shell.transition.RemoteTransitionHandler@c69c0c8
09-20 02:09:44.738  1075  1119 V WindowManagerShell: Transition doesn't have explicit remote, search filters for match for {id=970 t=OPEN f=0x0 trk=0 r=[0@Point(0, 0)] c=[{null m=OPEN f=FILLS_TASK leash=Surface(name=ActivityRecord{e9ecadd u0 com.saucelabs.mydemoapp.android/.view.activities.MainActivity)/@0x1c7ab09 sb=Rect(0, 0 - 0, 0) eb=Rect(0, 0 - 1080, 2220) d=-1->0 r=-1->0:-1},{null m=TO_BACK f=FILLS_TASK leash=Surface(name=ActivityRecord{2f483c0 u0 com.saucelabs.mydemoapp.android/.view.activities.MainActivity)/@0xa16c10e sb=Rect(0, 0 - 1080, 2220) eb=Rect(0, 0 - 1080, 2220) d=0}]}
09-20 02:09:44.739  1075  1119 V WindowManagerShell:  Checking filter Pair{{types=[] flags=0x0] notFlags=0x0 checks=[{atype=dream independent=true modes=[OPEN,TO_FRONT] flags=NONE mustBeTask=false order=ANY topActivity=null},{atype=home independent=true modes=[CLOSE,TO_BACK] flags=NONE mustBeTask=false order=ANY topActivity=null}]} RemoteTransition { remoteTransition = android.window.IRemoteTransition$Stub$Proxy@4f98b1a, appThread = android.app.IApplicationThread$Stub$Proxy@6be564b, debugName = LauncherToDream }}
09-20 02:09:44.739  1075  1119 V WindowManagerShell:  Checking filter Pair{{types=[] flags=0x0] notFlags=0x100 checks=[{atype=home independent=true modes=[OPEN,TO_FRONT] flags=NONE mustBeTask=false order=TOP topActivity=ComponentInfo{com.google.android.apps.nexuslauncher/com.google.android.apps.nexuslauncher.NexusLauncherActivity}},{atype=standard independent=true modes=[CLOSE,TO_BACK] flags=NONE mustBeTask=false order=ANY topActivity=null}]} RemoteTransition { remoteTransition = android.window.IRemoteTransition$Stub$Proxy@657c828, appThread = android.app.IApplicationThread$Stub$Proxy@94c9941, debugName = QuickstepLaunchHome }}
09-20 02:09:44.739  1075  1119 V WindowManagerShell:  Delegate animation for #970 to null
09-20 02:09:44.740  1075  1119 V WindowManagerShell:  try handler com.android.wm.shell.transition.DefaultTransitionHandler@4743561
09-20 02:09:44.740  1075  1119 V WindowManagerShell: start default transition animation, info = {id=970 t=OPEN f=0x0 trk=0 r=[0@Point(0, 0)] c=[{null m=OPEN f=FILLS_TASK leash=Surface(name=ActivityRecord{e9ecadd u0 com.saucelabs.mydemoapp.android/.view.activities.MainActivity)/@0x1c7ab09 sb=Rect(0, 0 - 0, 0) eb=Rect(0, 0 - 1080, 2220) d=-1->0 r=-1->0:-1},{null m=TO_BACK f=FILLS_TASK leash=Surface(name=ActivityRecord{2f483c0 u0 com.saucelabs.mydemoapp.android/.view.activities.MainActivity)/@0xa16c10e sb=Rect(0, 0 - 1080, 2220) eb=Rect(0, 0 - 1080, 2220) d=0}]}
09-20 02:09:44.743  1075  1119 V WindowManagerShell: Transition animation finished (aborted=false), notifying core (#970)android.os.BinderProxy@943bac2@0
09-20 02:09:44.748   599   632 V WindowManager: Finish Transition #970: created at 09-20 02:09:44.220 collect-started=0.165ms request-sent=12.69ms started=19.084ms ready=31.18ms sent=509.146ms finished=527.807ms
09-20 02:09:44.751  1075  1119 V WindowManagerShell: Track 0 became idle
09-20 02:09:44.751  1075  1119 V WindowManagerShell: All active transition animations finished
09-20 02:09:44.753  1075  1119 V WindowManagerShell:  animated by com.android.wm.shell.transition.DefaultTransitionHandler@4743561
09-20 02:09:44.753  1075  1119 V WindowManagerShell: Track 0 became idle
09-20 02:09:44.754  1075  1119 V WindowManagerShell: All active transition animations finished
09-20 02:09:44.842   599  2060 I ImeTracker: com.saucelabs.mydemoapp.android:56d5e17f: onRequestHide at ORIGIN_SERVER_HIDE_INPUT reason HIDE_STATE_HIDDEN_FORWARD_NAV
09-20 02:09:44.843   599  2060 I ImeTracker: com.saucelabs.mydemoapp.android:56d5e17f: onCancelled at PHASE_SERVER_SHOULD_HIDE
09-20 02:09:44.845  1807  1807 I GoogleInputMethodService: GoogleInputMethodService.onFinishInput():3227 
09-20 02:09:44.848  1807  1807 I GoogleInputMethodService: GoogleInputMethodService.updateDeviceLockedStatus():2087 repeatCheckTimes = 0, unlocked = true
09-20 02:09:44.849  1807  1807 I GoogleInputMethodService: GoogleInputMethodService.onStartInput():1877 onStartInput(EditorInfo{inputType=0x0(NULL) imeOptions=0x0 privateImeOptions=null actionName=UNSPECIFIED actionLabel=null actionId=0 initialSelStart=-1 initialSelEnd=-1 initialCapsMode=0x0 hintText=null label=null packageName=com.saucelabs.mydemoapp.android fieldId=0 fieldName=null extras=null}, false)
09-20 02:09:44.849  1807  1807 I GoogleInputMethodService: GoogleInputMethodService.shouldHideHeaderOnInitialState():4008 ShouldHideHeaderOnInitialState = false
09-20 02:09:44.851  1807  1807 I GoogleInputMethodService: GoogleInputMethodService.updateDeviceLockedStatus():2087 repeatCheckTimes = 2, unlocked = true
09-20 02:09:45.348 15893 15954 I appium  : AppiumResponse: {"sessionId":"1c58e43c-8026-4202-adfe-8230213667b5","value":null}
09-20 02:09:45.363 15893 15954 I appium  : channel read: POST /session/1c58e43c-8026-4202-adfe-8230213667b5/element
09-20 02:09:45.364 15893 15954 I appium  : FindElement command
09-20 02:09:45.367 15893 15954 I appium  : method: 'id', selector: 'com.saucelabs.mydemoapp.android:id/titleTV'
09-20 02:09:45.367 15893 15954 I appium  : Waiting up to 10000ms for the device to idle
09-20 02:09:45.415 15893 15954 I appium  : AppiumResponse: {"sessionId":"1c58e43c-8026-4202-adfe-8230213667b5","value":{"ELEMENT":"00000000-0000-0c21-ffff-ffff000003b8","element-6066-11e4-a52e-4f735466cecf":"00000000-0000-0c21-ffff-ffff000003b8"}}
09-20 02:09:45.430 15893 15954 I appium  : channel read: GET /session/1c58e43c-8026-4202-adfe-8230213667b5/element/00000000-0000-0c21-ffff-ffff000003b8/text
09-20 02:09:45.431 15893 15954 I appium  : GetText command
09-20 02:09:45.441 15893 15954 I appium  : AppiumResponse: {"sessionId":"1c58e43c-8026-4202-adfe-8230213667b5","value":"Sauce Labs Backpack"}
09-20 02:09:45.455 15893 15954 I appium  : channel read: POST /session/1c58e43c-8026-4202-adfe-8230213667b5/element
09-20 02:09:45.455 15893 15954 I appium  : FindElement command
09-20 02:09:45.460 15893 15954 I appium  : method: 'id', selector: 'com.saucelabs.mydemoapp.android:id/priceTV'
09-20 02:09:45.460 15893 15954 I appium  : Waiting up to 10000ms for the device to idle
09-20 02:09:45.505 15893 15954 I appium  : AppiumResponse: {"sessionId":"1c58e43c-8026-4202-adfe-8230213667b5","value":{"ELEMENT":"00000000-0000-0c21-ffff-ffff000003b9","element-6066-11e4-a52e-4f735466cecf":"00000000-0000-0c21-ffff-ffff000003b9"}}
09-20 02:09:45.522 15893 15954 I appium  : channel read: GET /session/1c58e43c-8026-4202-adfe-8230213667b5/element/00000000-0000-0c21-ffff-ffff000003b9/text
09-20 02:09:45.523 15893 15954 I appium  : GetText command
09-20 02:09:45.534 15893 15954 I appium  : AppiumResponse: {"sessionId":"1c58e43c-8026-4202-adfe-8230213667b5","value":"$ 29.99"}
09-20 02:09:45.552 15893 15954 I appium  : channel read: GET /session/1c58e43c-8026-4202-adfe-8230213667b5/screenshot
09-20 02:09:45.552 15893 15954 I appium  : CaptureScreenshot command
09-20 02:09:45.556 15893 15954 W tomator2.server: Accessing hidden method Landroid/view/Display;->getAddress()Landroid/view/DisplayAddress; (blocked, reflection, allowed)
09-20 02:09:45.556 15893 15954 W tomator2.server: Accessing hidden method Landroid/view/DisplayAddress$Physical;->getPhysicalDisplayId()J (blocked, reflection, allowed)
09-20 02:09:45.595  1075  1075 D StatusBarIconController: ignoring old pipeline callbacks, because the new mobile icons are enabled
09-20 02:09:45.635 16211 16211 W BpBinder: Linking to death on android.gui.ISurfaceComposer but there are no threads (yet?) listening to incoming transactions. See ProcessState::startThreadPool and ProcessState::setThreadPoolMaxThreadCount. Generally you should setup the binder threadpool before other initialization steps.
09-20 02:09:45.637 16211 16211 W ProcessState: Extra binder thread started, but 0 threads requested. Do not use *startThreadPool when zero threads are requested.
09-20 02:09:45.644   177   177 I hwservicemanager: getTransport: Cannot find entry android.hardware.graphics.mapper@4.0::IMapper/default in either framework or device VINTF manifest.
09-20 02:09:45.646 16211 16216 I Gralloc4: mapper 4.x is not supported
09-20 02:09:45.616     0     0 I servicemanager: Could not find android.hardware.graphics.allocator.IAllocator/default in the VINTF manifest.
09-20 02:09:45.975 15893 15954 I appium  : AppiumResponse: {"sessionId":"1c58e43c-8026-4202-adfe-8230213667b5","value":"iVBORw0KGgoAAAANSUhEUgAABDgAAAisCAYAAACtR1KuAAAAAXNSR0IArs4c6QAAAARzQklUCAgICHwIZIgAACAASURBVHic7N15fFTV3cfx72Qy2TcggYSwr4IsilrEBUREFFRQUVxQBBdwt1VrW562j9ujtXYRq4CKG+ICRS1uVUTFnaoFBBEUZCcQCCQEsk1m5vkDGSbJ3FnvzOTC5+2rr86dc++5Bwgh873n/I7N4/F
09-20 02:09:46.010     0     0 I logd    : logdr: UID=2000 GID=2000 PID=16225 n tail=0 logMask=99 pid=0 start=0ns deadline=0ns
