09-20 02:08:07.533  1075  1119 V WindowManagerShell:  try handler com.android.wm.shell.transition.DefaultMixedHandler@a1de1ae
09-20 02:08:07.534  1075  1119 V WindowManagerShell:  try handler com.android.wm.shell.keyguard.KeyguardTransitionHandler@4104b4f
09-20 02:08:07.535  1075  1119 V WindowManagerShell:  try handler com.android.wm.shell.activityembedding.ActivityEmbeddingController@ffc52dc
09-20 02:08:07.535  1075  1119 V WindowManagerShell:  try handler com.android.wm.shell.recents.RecentsTransitionHandler@1d67fe5
09-20 02:08:07.536  1075  1119 V ShellRecents: RecentsTransitionHandler.startAnimation: no controller found
09-20 02:08:07.536  1075  1119 V WindowManagerShell:  try handler com.android.wm.shell.pip.PipTransition@36a6aba
09-20 02:08:07.536  1075  1119 V WindowManagerShell:  try handler com.android.wm.shell.splitscreen.StageCoordinator@6b04d6b
09-20 02:08:07.537  1075  1119 V WindowManagerShell:  try handler com.android.wm.shell.transition.RemoteTransitionHandler@c69c0c8
09-20 02:08:07.537  1075  1119 V WindowManagerShell: Transition doesn't have explicit remote, search filters for match for {id=938 t=CLOSE f=0x0 trk=0 r=[0@Point(0, 0)] c=[{WCT{android.window.IWindowContainerToken$Stub$Proxy@35dd3b} m=TO_BACK f=NONE leash=Surface(name=Task=211)/@0x6ad7e1f sb=Rect(0, 0 - 1080, 2220) eb=Rect(0, 0 - 1080, 2220) d=0},{WCT{android.window.IWindowContainerToken$Stub$Proxy@6f95c58} m=TO_FRONT f=SHOW_WALLPAPER leash=Surface(name=Task=1)/@0xf46556c sb=Rect(0, 0 - 1080, 2220) eb=Rect(0, 0 - 1080, 2220) d=0},{null m=TO_FRONT f=IS_WALLPAPER leash=Surface(name=WallpaperWindowToken{60338c9 token=android.os.Binder@81e90d0})/@0xc817735 sb=Rect(0, 0 - 1080, 2220) eb=Rect(0, 0 - 1080, 2220) d=0}]}
09-20 02:08:07.538  1075  1119 V WindowManagerShell:  Checking filter Pair{{types=[] flags=0x0] notFlags=0x0 checks=[{atype=dream independent=true modes=[OPEN,TO_FRONT] flags=NONE mustBeTask=false order=ANY topActivity=null},{atype=home independent=true modes=[CLOSE,TO_BACK] flags=NONE mustBeTask=false order=ANY topActivity=null}]} RemoteTransition { remoteTransition = android.window.IRemoteTransition$Stub$Proxy@4f98b1a, appThread = android.app.IApplicationThread$Stub$Proxy@6be564b, debugName = LauncherToDream }}
09-20 02:08:07.539  1075  1119 V WindowManagerShell:  Checking filter Pair{{types=[] flags=0x0] notFlags=0x100 checks=[{atype=home independent=true modes=[OPEN,TO_FRONT] flags=NONE mustBeTask=false order=TOP topActivity=ComponentInfo{com.google.android.apps.nexuslauncher/com.google.android.apps.nexuslauncher.NexusLauncherActivity}},{atype=standard independent=true modes=[CLOSE,TO_BACK] flags=NONE mustBeTask=false order=ANY topActivity=null}]} RemoteTransition { remoteTransition = android.window.IRemoteTransition$Stub$Proxy@657c828, appThread = android.app.IApplicationThread$Stub$Proxy@94c9941, debugName = QuickstepLaunchHome }}
09-20 02:08:07.539  1075  1119 V WindowManagerShell:  Delegate animation for #938 to null
09-20 02:08:07.539  1075  1119 V WindowManagerShell:  try handler com.android.wm.shell.transition.DefaultTransitionHandler@4743561
09-20 02:08:07.540  1075  1119 V WindowManagerShell: start default transition animation, info = {id=938 t=CLOSE f=0x0 trk=0 r=[0@Point(0, 0)] c=[{WCT{android.window.IWindowContainerToken$Stub$Proxy@35dd3b} m=TO_BACK f=NONE leash=Surface(name=Task=211)/@0x6ad7e1f sb=Rect(0, 0 - 1080, 2220) eb=Rect(0, 0 - 1080, 2220) d=0},{WCT{android.window.IWindowContainerToken$Stub$Proxy@6f95c58} m=TO_FRONT f=SHOW_WALLPAPER leash=Surface(name=Task=1)/@0xf46556c sb=Rect(0, 0 - 1080, 2220) eb=Rect(0, 0 - 1080, 2220) d=0},{null m=TO_FRONT f=IS_WALLPAPER leash=Surface(name=WallpaperWindowToken{60338c9 token=android.os.Binder@81e90d0})/@0xc817735 sb=Rect(0, 0 - 1080, 2220) eb=Rect(0, 0 - 1080, 2220) d=0}]}
09-20 02:08:07.543  1075  1119 V WindowManagerShell: loadAnimation: anim=android.view.animation.AnimationSet@15fe696 animAttr=0x10 type=CLOSE isEntrance=true
09-20 02:08:07.544  1075  1119 V WindowManagerShell: loadAnimation: anim=android.view.animation.AnimationSet@46657ed animAttr=0x11 type=CLOSE isEntrance=false
09-20 02:08:07.546  1075  1119 V WindowManagerShell:  animated by com.android.wm.shell.transition.DefaultTransitionHandler@4743561
09-20 02:08:07.567   599  2876 I ImeTracker: com.google.android.apps.nexuslauncher:d4686504: onRequestHide at ORIGIN_SERVER_HIDE_INPUT reason HIDE_UNSPECIFIED_WINDOW
09-20 02:08:07.568   599  2876 I ImeTracker: com.google.android.apps.nexuslauncher:d4686504: onCancelled at PHASE_SERVER_SHOULD_HIDE
09-20 02:08:07.573  1807  1807 I GoogleInputMethodService: GoogleInputMethodService.onFinishInput():3227 
09-20 02:08:07.577  1807  1807 I GoogleInputMethodService: GoogleInputMethodService.updateDeviceLockedStatus():2087 repeatCheckTimes = 0, unlocked = true
09-20 02:08:07.578  1807  1807 I GoogleInputMethodService: GoogleInputMethodService.onStartInput():1877 onStartInput(EditorInfo{inputType=0x0(NULL) imeOptions=0x0 privateImeOptions=null actionName=UNSPECIFIED actionLabel=null actionId=0 initialSelStart=-1 initialSelEnd=-1 initialCapsMode=0x0 hintText=null label=null packageName=com.google.android.apps.nexuslauncher fieldId=0 fieldName=null extras=null}, false)
09-20 02:08:07.578  1807  1807 I GoogleInputMethodService: GoogleInputMethodService.shouldHideHeaderOnInitialState():4008 ShouldHideHeaderOnInitialState = false
09-20 02:08:07.581  1807  1807 I GoogleInputMethodService: GoogleInputMethodService.updateDeviceLockedStatus():2087 repeatCheckTimes = 2, unlocked = true
09-20 02:08:07.582   599   636 W WindowManager: Failed to deliver inset control state change to w=Window{79004ad u0 com.saucelabs.mydemoapp.android/com.saucelabs.mydemoapp.android.view.activities.MainActivity EXITING}
09-20 02:08:07.582   599   636 W WindowManager: android.os.DeadObjectException
09-20 02:08:07.582   599   636 W WindowManager: 	at android.os.BinderProxy.transactNative(Native Method)
09-20 02:08:07.582   599   636 W WindowManager: 	at android.os.BinderProxy.transact(BinderProxy.java:584)
09-20 02:08:07.582   599   636 W WindowManager: 	at android.view.IWindow$Stub$Proxy.insetsControlChanged(IWindow.java:479)
09-20 02:08:07.582   599   636 W WindowManager: 	at com.android.server.wm.WindowState.notifyInsetsControlChanged(WindowState.java:3794)
09-20 02:08:07.582   599   636 W WindowManager: 	at com.android.server.wm.InsetsStateController.lambda$notifyPendingInsetsControlChanged$3(InsetsStateController.java:343)
09-20 02:08:07.582   599   636 W WindowManager: 	at com.android.server.wm.InsetsStateController.$r8$lambda$8yykPRG1GyNq_J17QvL9d5xANMc(InsetsStateController.java:0)
09-20 02:08:07.582   599   636 W WindowManager: 	at com.android.server.wm.InsetsStateController$$ExternalSyntheticLambda2.run(R8$$SyntheticClass:0)
09-20 02:08:07.582   599   636 W WindowManager: 	at com.android.server.wm.WindowAnimator.executeAfterPrepareSurfacesRunnables(WindowAnimator.java:294)
09-20 02:08:07.582   599   636 W WindowManager: 	at com.android.server.wm.RootWindowContainer.performSurfacePlacementNoTrace(RootWindowContainer.java:811)
09-20 02:08:07.582   599   636 W WindowManager: 	at com.android.server.wm.RootWindowContainer.performSurfacePlacement(RootWindowContainer.java:756)
09-20 02:08:07.582   599   636 W WindowManager: 	at com.android.server.wm.WindowSurfacePlacer.performSurfacePlacementLoop(WindowSurfacePlacer.java:177)
09-20 02:08:07.582   599   636 W WindowManager: 	at com.android.server.wm.WindowSurfacePlacer.performSurfacePlacement(WindowSurfacePlacer.java:126)
09-20 02:08:07.582   599   636 W WindowManager: 	at com.android.server.wm.WindowSurfacePlacer.performSurfacePlacement(WindowSurfacePlacer.java:115)
09-20 02:08:07.582   599   636 W WindowManager: 	at com.android.server.wm.WindowSurfacePlacer$Traverser.run(WindowSurfacePlacer.java:57)
09-20 02:08:07.582   599   636 W WindowManager: 	at android.os.Handler.handleCallback(Handler.java:958)
09-20 02:08:07.582   599   636 W WindowManager: 	at android.os.Handler.dispatchMessage(Handler.java:99)
09-20 02:08:07.582   599   636 W WindowManager: 	at android.os.Looper.loopOnce(Looper.java:205)
09-20 02:08:07.582   599   636 W WindowManager: 	at android.os.Looper.loop(Looper.java:294)
09-20 02:08:07.582   599   636 W WindowManager: 	at android.os.HandlerThread.run(HandlerThread.java:67)
09-20 02:08:07.582   599   636 W WindowManager: 	at com.android.server.ServiceThread.run(ServiceThread.java:46)
09-20 02:08:07.605 20220 20220 W A       : Can't get WAA status for Mavatar!
09-20 02:08:07.605 20220 20220 W A       : java.lang.NullPointerException: Attempt to invoke virtual method 'java.lang.Class java.lang.Object.getClass()' on a null object reference
09-20 02:08:07.605 20220 20220 W A       : 	at com.google.apps.tiktok.dataservice.z.b(PG:1)
09-20 02:08:07.605 20220 20220 W A       : 	at com.google.apps.tiktok.dataservice.at.a(PG:1)
09-20 02:08:07.605 20220 20220 W A       : 	at com.google.apps.tiktok.tracing.ec.a(PG:2)
09-20 02:08:07.605 20220 20220 W A       : 	at com.google.common.util.concurrent.aj.a(PG:2)
09-20 02:08:07.605 20220 20220 W A       : 	at com.google.common.util.concurrent.ac.apply(PG:1)
09-20 02:08:07.605 20220 20220 W A       : 	at com.google.common.util.concurrent.h.e(PG:2)
09-20 02:08:07.605 20220 20220 W A       : 	at com.google.common.util.concurrent.j.run(PG:9)
09-20 02:08:07.605 20220 20220 W A       : 	at com.google.common.util.concurrent.bf.execute(PG:1)
09-20 02:08:07.605 20220 20220 W A       : 	at com.google.common.util.concurrent.d.i(PG:1)
09-20 02:08:07.605 20220 20220 W A       : 	at com.google.common.util.concurrent.d.l(PG:12)
09-20 02:08:07.605 20220 20220 W A       : 	at com.google.common.util.concurrent.d.n(PG:2)
09-20 02:08:07.605 20220 20220 W A       : 	at com.google.common.util.concurrent.i.f(PG:1)
09-20 02:08:07.605 20220 20220 W A       : 	at com.google.common.util.concurrent.j.run(PG:12)
09-20 02:08:07.605 20220 20220 W A       : 	at com.google.android.libraries.i.ae.run(PG:1)
09-20 02:08:07.605 20220 20220 W A       : 	at java.util.concurrent.ThreadPoolExecutor.runWorker(ThreadPoolExecutor.java:1145)
09-20 02:08:07.605 20220 20220 W A       : 	at java.util.concurrent.ThreadPoolExecutor$Worker.run(ThreadPoolExecutor.java:644)
09-20 02:08:07.605 20220 20220 W A       : 	at com.google.android.libraries.i.k.run(PG:2)
09-20 02:08:07.605 20220 20220 W A       : 	at com.google.android.libraries.i.p.run(PG:4)
09-20 02:08:07.605 20220 20220 W A       : 	at java.lang.Thread.run(Thread.java:1012)
09-20 02:08:07.690  1415  1415 D SearchTargetUtil:  query= size=15
09-20 02:08:07.691  1415  1415 D SearchTargetUtil: layoutType=short_icon_row resultType=131072 packageName=com.google.android.googlequicksearchbox extras=Bundle{suggestion_type=33,suggest_truncate_start=false,is_answer=false,is_entity=false,is_personal=false,suggest_raw_text=samsung galaxy s25 ultra price,group_id=web11843503,response_id=0b8ca622-266f-443b-9b39-71ebcb8fcc92,support_query_builder=false,} searchAction=samsung galaxy s25 ultra price searchActionExtras=Bundle{learn_more_url=https://support.google.com/websearch/answer/106230?hl=106230,suggestion_action_text=Report this,should_start_for_result=true,allow_pinning=true,skip_logging_in_target_handler=false,suggestion_action_rpc=2,}ParentID: null targetID: 0614cfeb-7e19-4837-b682-de703c666402
09-20 02:08:07.692  1415  1415 D SearchTargetUtil: layoutType=short_icon_row resultType=131072 packageName=com.google.android.googlequicksearchbox extras=Bundle{suggestion_type=33,suggest_truncate_start=false,is_answer=false,is_entity=false,is_personal=false,suggest_raw_text=school assembly news headlines today,group_id=web11843503,response_id=0b8ca622-266f-443b-9b39-71ebcb8fcc92,support_query_builder=false,} searchAction=school assembly news headlines today searchActionExtras=Bundle{learn_more_url=https://support.google.com/websearch/answer/106230?hl=106230,suggestion_action_text=Report this,should_start_for_result=true,allow_pinning=true,skip_logging_in_target_handler=false,suggestion_action_rpc=2,}ParentID: null targetID: fea3ba0c-c5fd-4afa-bf69-abb1e42b027f
09-20 02:08:07.694  1415  1415 D SearchTargetUtil: layoutType=short_icon_row resultType=131072 packageName=com.google.android.googlequicksearchbox extras=Bundle{suggestion_type=33,suggest_truncate_start=false,is_answer=false,is_entity=false,is_personal=false,suggest_raw_text=google gemini ai photo editing prompts,group_id=web11843503,response_id=0b8ca622-266f-443b-9b39-71ebcb8fcc92,support_query_builder=false,} searchAction=google gemini ai photo editing prompts searchActionExtras=Bundle{learn_more_url=https://support.google.com/websearch/answer/106230?hl=106230,suggestion_action_text=Report this,should_start_for_result=true,allow_pinning=true,skip_logging_in_target_handler=false,suggestion_action_rpc=2,}ParentID: null targetID: 4bea4502-5fc0-4d39-ac21-3e6e4735a8d1
09-20 02:08:07.694  1415  1415 D SearchTargetUtil: layoutType=short_icon_row resultType=131072 packageName=com.google.android.googlequicksearchbox extras=Bundle{suggestion_type=33,suggest_truncate_start=false,is_answer=false,is_entity=false,is_personal=false,suggest_raw_text=navi mumbai international airport,group_id=web11843503,response_id=0b8ca622-266f-443b-9b39-71ebcb8fcc92,support_query_builder=false,} searchAction=navi mumbai international airport searchActionExtras=Bundle{learn_more_url=https://support.google.com/websearch/answer/106230?hl=106230,suggestion_action_text=Report this,should_start_for_result=true,allow_pinning=true,skip_logging_in_target_handler=false,suggestion_action_rpc=2,}ParentID: null targetID: 33a5ff22-439f-413a-9d67-cde171dcf608
09-20 02:08:07.695  1415  1415 D SearchTargetUtil: layoutType=short_icon_row resultType=131072 packageName=com.google.android.googlequicksearchbox extras=Bundle{suggestion_type=33,suggest_truncate_start=false,is_answer=false,is_entity=false,is_personal=false,suggest_raw_text=etv telugu news,group_id=web11843503,response_id=0b8ca622-266f-443b-9b39-71ebcb8fcc92,support_query_builder=false,} searchAction=etv telugu news searchActionExtras=Bundle{learn_more_url=https://support.google.com/websearch/answer/106230?hl=106230,suggestion_action_text=Report this,should_start_for_result=true,allow_pinning=true,skip_logging_in_target_handler=false,suggestion_action_rpc=2,}ParentID: null targetID: 779840e1-3a80-492d-8cb0-b0c210a3ba3a
09-20 02:08:07.695  1415  1415 D SearchTargetUtil: layoutType=short_icon_row resultType=131072 packageName=com.google.android.googlequicksearchbox extras=Bundle{suggestion_type=33,suggest_truncate_start=false,is_answer=false,is_entity=false,is_personal=false,suggest_raw_text=lokah chapter 1 kalyani priyadarshan,group_id=web11843503,response_id=0b8ca622-266f-443b-9b39-71ebcb8fcc92,support_query_builder=false,} searchAction=lokah chapter 1 kalyani priyadarshan searchActionExtras=Bundle{learn_more_url=https://support.google.com/websearch/answer/106230?hl=106230,suggestion_action_text=Report this,should_start_for_result=true,allow_pinning=true,skip_logging_in_target_handler=false,suggestion_action_rpc=2,}ParentID: null targetID: 2913cbf4-4f16-4078-9bda-f7e5638d9fd4
09-20 02:08:07.696  1415  1415 D SearchTargetUtil: layoutType=short_icon_row resultType=131072 packageName=com.google.android.googlequicksearchbox extras=Bundle{suggestion_type=33,suggest_truncate_start=false,is_answer=false,is_entity=false,is_personal=false,suggest_raw_text=india affordable housing taxes,group_id=web11843503,response_id=0b8ca622-266f-443b-9b39-71ebcb8fcc92,support_query_builder=false,} searchAction=india affordable housing taxes searchActionExtras=Bundle{learn_more_url=https://support.google.com/websearch/answer/106230?hl=106230,suggestion_action_text=Report this,should_start_for_result=true,allow_pinning=true,skip_logging_in_target_handler=false,suggestion_action_rpc=2,}ParentID: null targetID: 8f2e54e1-6d28-49d2-a622-6178696a8265
09-20 02:08:07.696  1415  1415 D SearchTargetUtil: layoutType=short_icon_row resultType=131072 packageName=com.google.android.googlequicksearchbox extras=Bundle{suggestion_type=33,suggest_truncate_start=false,is_answer=false,is_entity=false,is_personal=false,suggest_raw_text=school holidays,group_id=web11843503,response_id=0b8ca622-266f-443b-9b39-71ebcb8fcc92,support_query_builder=false,} searchAction=school holidays searchActionExtras=Bundle{learn_more_url=https://support.google.com/websearch/answer/106230?hl=106230,suggestion_action_text=Report this,should_start_for_result=true,allow_pinning=true,skip_logging_in_target_handler=false,suggestion_action_rpc=2,}ParentID: null targetID: c1e53745-4b36-4011-9265-005057bbe687
09-20 02:08:07.696  1415  1415 D SearchTargetUtil: layoutType=short_icon_row resultType=131072 packageName=com.google.android.googlequicksearchbox extras=Bundle{suggestion_type=33,suggest_truncate_start=false,is_answer=false,is_entity=false,is_personal=false,suggest_raw_text=google pixel battery swelling,group_id=web11843503,response_id=0b8ca622-266f-443b-9b39-71ebcb8fcc92,support_query_builder=false,} searchAction=google pixel battery swelling searchActionExtras=Bundle{learn_more_url=https://support.google.com/websearch/answer/106230?hl=106230,suggestion_action_text=Report this,should_start_for_result=true,allow_pinning=true,skip_logging_in_target_handler=false,suggestion_action_rpc=2,}ParentID: null targetID: 0fdba3e7-50d5-4742-a0bc-e077dc119efc
09-20 02:08:07.697  1415  1415 D SearchTargetUtil: layoutType=short_icon_row resultType=131072 packageName=com.google.android.googlequicksearchbox extras=Bundle{suggestion_type=33,suggest_truncate_start=false,is_answer=false,is_entity=false,is_personal=false,suggest_raw_text=dr reddy news,group_id=web11843503,response_id=0b8ca622-266f-443b-9b39-71ebcb8fcc92,support_query_builder=false,} searchAction=dr reddy news searchActionExtras=Bundle{learn_more_url=https://support.google.com/websearch/answer/106230?hl=106230,suggestion_action_text=Report this,should_start_for_result=true,allow_pinning=true,skip_logging_in_target_handler=false,suggestion_action_rpc=2,}ParentID: null targetID: f7a9bcce-5ec0-4e91-bbb6-86e88e3b2f6a
09-20 02:08:07.697  1415  1415 D SearchTargetUtil: layoutType=extra_tall_icon_row resultType=131072 packageName=com.google.android.googlequicksearchbox extras=Bundle{bitmap_url=data:image/png;base64,iVBORw0KGgoAAAANSUhEUgAAAIYAAAAwCAMAAADjNPLLAAAAmVBMVEX////0hB0kl0n0fgDzeQDzewD0gxj0gArzdwAAjjP0gRL//PoAkTn+9vH+8+z3rHjzcwD5vZb6zbH5xaP2o2b83cr707r6yar3qXL97OH4sH/2n174tIX84dHk8OcZlEP1kT/2mlTy+PT0iClVqGxxtIP1lEeQwp2z1LtIo2L1jTba6t74uI18uYyoz7I3nVbJ4M8AiCBkrngb6B8YAAAGQUlEQVRYhcVYa3eqOhAFk5AQRFB5iFLRammrtrX9/z/uzuTBQ/CcL7eevbqWJUKyZ2bPAx3nDoJsXbtuHWXBvTsegGIlCPdc15OEzv8ViTAR3HUlowDCyWH2T1jkFEhwukpnYVika0bIP+AR1gw8IVbN0eGGnR7OImXSdcmu6K5FYvlgFrlwXZeub1b37LEsSgrZQbPb5TB+eiSLCGXhFcMvykdm7YpAhpywXmXRJlp0Ctds8xgGs0CzIHu4KA6MChHHHWEmDyGR5DoiBK3OBCfLWVgsReuD9AEs5jGcMkcWaHQq5CF0VNnYRN3b0vxXy1iCLDJhWITMk4GzjPcojRK/iXfqtiwm4hd5bFRxWnHNwkk4TbF+cIkZs3CcNacqXfGOQSr/b8hpjR9PQqgIFFQqNhmVTBeLOSFKq7V0yeLXaDBtqxPqj0RSXTcKz3hhQfgKPw/eL3pjQdzuZWicAQh2RDFKmbfDa0znX6ORkF5JWBJ0wfa8xYs9ISG4hbkEWUGdZ03ezhAhIFAYbPsMuH9oGMLDvZUD7yVlLQ/O9uhP/eqseOzU+QLOmSENW+c3gjYQQl2wQ9Io5+XbB3y/9U56Pb4ff14+QYaxfqzbNLwujTSgZP7sVxOAjzxOFOoaczE4T1BXqEnYAvvwLTzJpA7as48bTKY9Gu/TCuB/Yuqp+2mXxknWzf9FPovj2atiMane0XuMO47rYc6koA1qvA+CGoWnB5PrVNM4d32h1qovPNJTN/eGh5WkTU3KFs7Tk/OjaUx8DO4lLpzaQ03kpH3S2DMC5WljiN855qod5G+1yABy36UB6dgMOXMV3BdDY6q+BhobiRly4a5nh8GdtkeSBpaXyu1j1bjTYGvCBCFR0QWQ3uwQiDZIpXLpm36kesGL2kOHIY1EujaXrT1Jni8Aeb6cR0wzU0mlY1K9tqdMNLEf/H+pI8r63bIkjZGlVuuHD1qaTnRMQBURRxoQUX7R91l7uhvNjD8gqbYDhb4buamLldQK7fengHjcNPQ515/Xn693ZcpKDX9rRQMbsMlIY09/IyNbGjpv00YHGkZtvpasq/3GnT5SYZqak8a9KlnIRNUYRaPAsmEmUm2P5/W2KZilYRQ6vWXxqa5CG9EbGhAWy0NVTbttVBpr1xzOz4hyeMeem41m1AZFh6A66vWzicj0w1htIjp859gQPXY5CyHbcg1/2aUWrs7pOXG9g9O1py91KxjRKPTlfL5e345+pwwh5kahI7N+zfUQ6qwpPV0WWZot5lHN4AWWE+LsJch/I3UyduzpS11vD1TPmsakmiJs9h8bm41Cx34pqInL1RtzzpitBFJyQndQzDlWGuyvec+eG6nr2gjJZBTaReW3yasftp4dxkXVSidY1kR1LEbqMkOpFBTiiAq19cXY05e6cRHc81ENWHQqSKEj2m+oLdbwtTDRDlQHb70NIyiUcs+ey0eKcUqaxa8Bjcm05ZHpG61nB1gIz2WbYcQCQiItjXXPHm9XKqzX0SqpWdtSfHM09vpGGh92u5LfVajZ3uUul4Ov95wHvZnH2APesZDSVvLSsQqdXmHw2Z4/DCn/arbbjbTXG6wotGpTsI1bsgPjhT6amLsud9uryrbPqu3PTtuhvszTelLxaucPyKBTkp1ikCaHw4HEsYjwci+bhoIT+ig8quqZbdB2T1tTtTtMdWk2G0ewEhI9q/5PF/lC5YqSQ/OqxJpzG0hIbjt6TTr9ubugy1duFPq32fppHw9vgTelpnSb3uFKdAp47HTa1fU+KY1ynjuThYbtdGez00jNuUU4uqqcYYcS00nZyK8gCDsAXtslncHaP7a9LtWkkmmkt8eGydju+KLUjGh2oL1jyOe0p9AOM2z8oZ2lSReMDLY5DYnsYfxr36l00dZvUCMwCv3qrrW1NG2E1RP3yGbreN8TRwblpDPMmwGQl3domCM/umtGHVXTjm4gb3/yQ6Rc0M3yCeM1Sy8eDJkebYuayTh2R+pDhSIavWxGk/3OG/oc+hqjFFoc40CCuJ045UJFU9xxxvZbtffvbW/11cdFaLMnRkYQ38mbYHmAWUNiRSCM9+ekVIn7Tp4Ajytie7N6NqszeBRHeRjmNXIc7v/wa2exKPen3T5aPuQX0f8A5PhqxhxMlkUAAAAASUVORK5CYII=,suggestion_type=33,suggest_truncate_start=false,is_answer=false,is_entity=true,is_personal=false,suggest_raw_text=kabaddi pro kabaddi league,group_id=web11843503,response_id=0b8ca622-266f-443b-9b39-71ebcb8fcc92,support_query_builder=false,} searchAction=Pro Kabaddi League searchActionExtras=Bundle{learn_more_url=https://support.google.com/websearch/answer/106230?hl=106230,suggestion_action_text=Report this,should_start_for_result=true,allow_pinning=true,skip_logging_in_target_handler=false,suggestion_action_rpc=2,}ParentID: null targetID: 9823bbe6-170e-4984-b900-c5878e226fcb
09-20 02:08:07.697  1415  1415 D SearchTargetUtil: layoutType=short_icon_row resultType=131072 packageName=com.google.android.googlequicksearchbox extras=Bundle{suggestion_type=33,suggest_truncate_start=false,is_answer=false,is_entity=false,is_personal=false,suggest_raw_text=the summer turned pretty season 3,group_id=web11843503,response_id=0b8ca622-266f-443b-9b39-71ebcb8fcc92,support_query_builder=false,} searchAction=the summer turned pretty season 3 searchActionExtras=Bundle{learn_more_url=https://support.google.com/websearch/answer/106230?hl=106230,suggestion_action_text=Report this,should_start_for_result=true,allow_pinning=true,skip_logging_in_target_handler=false,suggestion_action_rpc=2,}ParentID: null targetID: 5f252fbc-d677-4fad-8ab2-01071b8d6abe
09-20 02:08:07.698  1415  1415 D SearchTargetUtil: layoutType=short_icon_row resultType=131072 packageName=com.google.android.googlequicksearchbox extras=Bundle{suggestion_type=33,suggest_truncate_start=false,is_answer=false,is_entity=false,is_personal=false,suggest_raw_text=kerala state lottery results,group_id=web11843503,response_id=0b8ca622-266f-443b-9b39-71ebcb8fcc92,support_query_builder=false,} searchAction=kerala state lottery results searchActionExtras=Bundle{learn_more_url=https://support.google.com/websearch/answer/106230?hl=106230,suggestion_action_text=Report this,should_start_for_result=true,allow_pinning=true,skip_logging_in_target_handler=false,suggestion_action_rpc=2,}ParentID: null targetID: b5f62abe-1573-4a0d-bdfd-025958b6ce2c
09-20 02:08:07.699  1415  1415 D SearchTargetUtil: layoutType=short_icon_row resultType=131072 packageName=com.google.android.googlequicksearchbox extras=Bundle{suggestion_type=33,suggest_truncate_start=false,is_answer=false,is_entity=false,is_personal=false,suggest_raw_text=valorant patch notes 11.06,group_id=web11843503,response_id=0b8ca622-266f-443b-9b39-71ebcb8fcc92,support_query_builder=false,} searchAction=valorant patch notes 11.06 searchActionExtras=Bundle{learn_more_url=https://support.google.com/websearch/answer/106230?hl=106230,suggestion_action_text=Report this,should_start_for_result=true,allow_pinning=true,skip_logging_in_target_handler=false,suggestion_action_rpc=2,}ParentID: null targetID: 322e36c6-463d-410c-9382-69e462340055
09-20 02:08:07.699  1415  1415 D SearchTargetUtil: layoutType=short_icon_row resultType=131072 packageName=com.google.android.googlequicksearchbox extras=Bundle{suggestion_type=33,suggest_truncate_start=false,is_answer=false,is_entity=false,is_personal=false,suggest_raw_text=income tax itr filing due date,group_id=web11843503,response_id=0b8ca622-266f-443b-9b39-71ebcb8fcc92,support_query_builder=false,} searchAction=income tax itr filing due date searchActionExtras=Bundle{learn_more_url=https://support.google.com/websearch/answer/106230?hl=106230,suggestion_action_text=Report this,should_start_for_result=true,allow_pinning=true,skip_logging_in_target_handler=false,suggestion_action_rpc=2,}ParentID: null targetID: 203fd861-0f69-47ca-9b29-1fbb81cc9639
09-20 02:08:07.732  1075  1163 D EGL_emulation: app_time_stats: avg=159.74ms min=7.66ms max=3450.95ms count=27
09-20 02:08:07.797  1075  1119 V WindowManagerShell: Transition animation finished (aborted=false), notifying core (#938)android.os.BinderProxy@817ddbe@0
09-20 02:08:07.799   599   632 V WindowManager: Finish Transition #938: created at 09-20 02:08:07.315 collect-started=0.041ms request-sent=0.08ms started=15.06ms ready=15.041ms sent=212.488ms finished=483.901ms
09-20 02:08:07.802   599  2236 W WindowManager: Exception thrown during dispatchAppVisibility Window{79004ad u0 com.saucelabs.mydemoapp.android/com.saucelabs.mydemoapp.android.view.activities.MainActivity EXITING}
09-20 02:08:07.802   599  2236 W WindowManager: android.os.DeadObjectException
09-20 02:08:07.802   599  2236 W WindowManager: 	at android.os.BinderProxy.transactNative(Native Method)
09-20 02:08:07.802   599  2236 W WindowManager: 	at android.os.BinderProxy.transact(BinderProxy.java:584)
09-20 02:08:07.802   599  2236 W WindowManager: 	at android.view.IWindow$Stub$Proxy.dispatchAppVisibility(IWindow.java:546)
09-20 02:08:07.802   599  2236 W WindowManager: 	at com.android.server.wm.WindowState.sendAppVisibilityToClients(WindowState.java:3271)
09-20 02:08:07.802   599  2236 W WindowManager: 	at com.android.server.wm.WindowContainer.sendAppVisibilityToClients(WindowContainer.java:1221)
09-20 02:08:07.802   599  2236 W WindowManager: 	at com.android.server.wm.WindowToken.setClientVisible(WindowToken.java:409)
09-20 02:08:07.802   599  2236 W WindowManager: 	at com.android.server.wm.ActivityRecord.setClientVisible(ActivityRecord.java:6946)
09-20 02:08:07.802   599  2236 W WindowManager: 	at com.android.server.wm.ActivityRecord.postApplyAnimation(ActivityRecord.java:5637)
09-20 02:08:07.802   599  2236 W WindowManager: 	at com.android.server.wm.ActivityRecord.commitVisibility(ActivityRecord.java:5580)
09-20 02:08:07.802   599  2236 W WindowManager: 	at com.android.server.wm.Transition.finishTransition(Transition.java:1143)
09-20 02:08:07.802   599  2236 W WindowManager: 	at com.android.server.wm.TransitionController.finishTransition(TransitionController.java:859)
09-20 02:08:07.802   599  2236 W WindowManager: 	at com.android.server.wm.WindowOrganizerController.finishTransition(WindowOrganizerController.java:396)
09-20 02:08:07.802   599  2236 W WindowManager: 	at android.window.IWindowOrganizerController$Stub.onTransact(IWindowOrganizerController.java:286)
09-20 02:08:07.802   599  2236 W WindowManager: 	at com.android.server.wm.WindowOrganizerController.onTransact(WindowOrganizerController.java:181)
09-20 02:08:07.802   599  2236 W WindowManager: 	at android.os.Binder.execTransactInternal(Binder.java:1344)
09-20 02:08:07.802   599  2236 W WindowManager: 	at android.os.Binder.execTransact(Binder.java:1275)
09-20 02:08:07.803   599  2236 I Process : Sending signal. PID: 12874 SIG: 9
09-20 02:08:07.815   599   635 W ActivityManager: setHasOverlayUi called on unknown pid: 12874
09-20 02:08:07.833  1075  1119 V WindowManagerShell: Track 0 became idle
09-20 02:08:07.833  1075  1119 V WindowManagerShell: All active transition animations finished
09-20 02:08:07.834  1075  1119 W Looper  : Slow dispatch took 38ms wmshell.main h=android.os.Handler c=com.android.wm.shell.transition.DefaultTransitionHandler$$ExternalSyntheticLambda0@8382d0f m=0
09-20 02:08:07.843  1075  1163 D EGL_emulation: app_time_stats: avg=348.09ms min=6.11ms max=5234.69ms count=16
09-20 02:08:07.862   451   451 E BpTransactionCompletedListener: Failed to transact (-32)
09-20 02:08:08.150     0     0 I servicemanager: Since 'artd' could not be found, trying to start it as a lazy AIDL service. (if it's not configured to be a lazy service, it may be stuck starting or still starting).
09-20 02:08:08.156     0     0 I init    : starting service 'artd'...
09-20 02:08:08.181     0     0 I init    : ... started service 'artd' has pid 13223
09-20 02:08:08.182     0     0 I init    : Control message: Processed ctl.interface_start for 'aidl/artd' from pid: 175 (/system/bin/servicemanager)
09-20 02:08:08.222 13223 13223 I artd    : Starting artd
09-20 02:08:08.223 13223 13223 I AidlLazyServiceRegistrar: Registering service artd
09-20 02:08:08.199     0     0 I BpBinder: onLastStrongRef automatically unlinking death recipients:
09-20 02:08:08.242 13223 13224 W ziparchive: Unable to open '/data/app/~~YDYsn3ASKIl0bMRcERFgmg==/io.appium.settings--re3hIqO8JIh9JZ0taZE_g==/base.dm': No such file or directory
09-20 02:08:08.242 13223 13224 W ziparchive: Unable to open '/data/app/~~YDYsn3ASKIl0bMRcERFgmg==/io.appium.settings--re3hIqO8JIh9JZ0taZE_g==/base.dm': No such file or directory
09-20 02:08:08.384     0     0 I logd    : logdr: UID=2000 GID=2000 PID=13228 b tail=0 logMask=99 pid=0 start=0ns deadline=0ns
09-20 02:08:08.549 13223 13224 I AidlLazyServiceRegistrar: Process has 1 (of 1 available) client(s) in use after notification artd has clients: 1
09-20 02:08:08.552 13223 13224 W ziparchive: Unable to open '/data/app/~~8Y6HMd3mGNWJi9Vt2EpjiA==/io.appium.uiautomator2.server-AdQe_AxnYKeBep_Swo0OvQ==/base.dm': No such file or directory
09-20 02:08:08.522     0     0 I servicemanager: Notifying artd they do (previously: don't) have clients when service is guaranteed to be in use
09-20 02:08:08.553 13223 13224 W ziparchive: Unable to open '/data/app/~~8Y6HMd3mGNWJi9Vt2EpjiA==/io.appium.uiautomator2.server-AdQe_AxnYKeBep_Swo0OvQ==/base.dm': No such file or directory
09-20 02:08:08.650   599  1143 I ActivityManager: Force stopping com.saucelabs.mydemoapp.android appid=10183 user=0: from pid 13248
09-20 02:08:08.658   599  1143 I AppsFilter: interaction: PackageSetting{57fd37 io.appium.uiautomator2.server.test/10185} -> PackageSetting{29edbc com.saucelabs.mydemoapp.android/10183} BLOCKED
09-20 02:08:08.660   599  1143 I AppsFilter: interaction: PackageSetting{427c2a4 io.appium.settings/10184} -> PackageSetting{29edbc com.saucelabs.mydemoapp.android/10183} BLOCKED
09-20 02:08:08.680  1324  1324 D CarrierSvcBindHelper: onHandleForceStop: [com.saucelabs.mydemoapp.android]
09-20 02:08:08.680  1324  1324 D CarrierSvcBindHelper: No carrier app for: 0
09-20 02:08:08.740  1075  1163 D EGL_emulation: app_time_stats: avg=6.64ms min=1.79ms max=31.10ms count=56
09-20 02:08:08.745   599  1143 I ActivityManager: Force stopping com.saucelabs.mydemoapp.android appid=10183 user=0: clear data
09-20 02:08:08.759   599  4370 E TaskPersister: File error accessing recents directory (directory doesn't exist?).
09-20 02:08:08.764   599   644 I ActivityManager: Force stopping com.saucelabs.mydemoapp.android appid=10183 user=-1: clearApplicationUserData
09-20 02:08:08.767   599   644 E libprocessgroup: No such cgroup attribute: /sys/fs/cgroup/uid_-89817/cgroup.freeze
09-20 02:08:08.767   599   644 W libprocessgroup: Failed to apply Frozen process profile: No such file or directory
09-20 02:08:08.774   599   644 E libprocessgroup: No such cgroup attribute: /sys/fs/cgroup/uid_-89817/cgroup.freeze
09-20 02:08:08.774   599   644 W libprocessgroup: Failed to apply Unfrozen process profile: No such file or directory
09-20 02:08:08.789   599   667 I AppsFilter: interaction: PackageSetting{57fd37 io.appium.uiautomator2.server.test/10185} -> PackageSetting{29edbc com.saucelabs.mydemoapp.android/10183} BLOCKED
09-20 02:08:08.790   599   667 I AppsFilter: interaction: PackageSetting{427c2a4 io.appium.settings/10184} -> PackageSetting{29edbc com.saucelabs.mydemoapp.android/10183} BLOCKED
09-20 02:08:08.794   599   667 I AppsFilter: interaction: PackageSetting{57fd37 io.appium.uiautomator2.server.test/10185} -> PackageSetting{29edbc com.saucelabs.mydemoapp.android/10183} BLOCKED
09-20 02:08:08.795   599   667 I AppsFilter: interaction: PackageSetting{427c2a4 io.appium.settings/10184} -> PackageSetting{29edbc com.saucelabs.mydemoapp.android/10183} BLOCKED
09-20 02:08:08.816  1324  1324 D CarrierSvcBindHelper: onHandleForceStop: [com.saucelabs.mydemoapp.android]
09-20 02:08:08.817  1324  1324 D CarrierSvcBindHelper: No carrier app for: 0
09-20 02:08:08.832   387  7465 D android.hardware.audio@7.1-impl.ranchu: threadLoop: entering standby, frames: 78365760
09-20 02:08:08.844   466   466 E adbd    : failed to connect to socket 'tcp:6790': Connection refused
09-20 02:08:08.871   599   644 D ActivityManager: sync unfroze 7659 com.google.android.documentsui for 3
09-20 02:08:08.883   599   644 D ActivityManager: sync unfroze 30131 com.android.chrome for 3
09-20 02:08:08.892   599   644 D ActivityManager: sync unfroze 11642 com.google.android.permissioncontroller for 3
09-20 02:08:08.948   599   620 I ActivityManager: Force stopping io.appium.uiautomator2.server.test appid=10185 user=0: from pid 13287
09-20 02:08:08.948   599   620 E libprocessgroup: No such cgroup attribute: /sys/fs/cgroup/uid_10185/cgroup.freeze
09-20 02:08:08.948   599   620 W libprocessgroup: Failed to apply Frozen process profile: No such file or directory
09-20 02:08:08.957   599   620 E libprocessgroup: No such cgroup attribute: /sys/fs/cgroup/uid_10185/cgroup.freeze
09-20 02:08:08.958   599   620 W libprocessgroup: Failed to apply Unfrozen process profile: No such file or directory
09-20 02:08:08.960   599   620 I AppsFilter: interaction: PackageSetting{29edbc com.saucelabs.mydemoapp.android/10183} -> PackageSetting{57fd37 io.appium.uiautomator2.server.test/10185} BLOCKED
09-20 02:08:08.960   599   620 I AppsFilter: interaction: PackageSetting{427c2a4 io.appium.settings/10184} -> PackageSetting{57fd37 io.appium.uiautomator2.server.test/10185} BLOCKED
09-20 02:08:08.980   599  2063 I ActivityManager: Force stopping io.appium.uiautomator2.server appid=10186 user=0: from pid 13286
09-20 02:08:08.996   599  2063 I AppsFilter: interaction: PackageSetting{29edbc com.saucelabs.mydemoapp.android/10183} -> PackageSetting{ef8f6b7 io.appium.uiautomator2.server/10186} BLOCKED
09-20 02:08:08.997   599  2063 I AppsFilter: interaction: PackageSetting{427c2a4 io.appium.settings/10184} -> PackageSetting{ef8f6b7 io.appium.uiautomator2.server/10186} BLOCKED
09-20 02:08:09.027   599  2063 D SafetySourceDataValidator: No cert check requested for package com.google.android.permissioncontroller
09-20 02:08:09.071   466   466 E adbd    : failed to connect to socket 'tcp:6790': Connection refused
09-20 02:08:09.114 25736 28608 I Icing   : doRemovePackageData com.saucelabs.mydemoapp.android
09-20 02:08:09.130  5910 13295 I Fitness : FitCleanupIntentOperation received Intent android.intent.action.PACKAGE_DATA_CLEARED [CONTEXT service_id=17 ]
09-20 02:08:09.196  1324  1324 D CarrierSvcBindHelper: onHandleForceStop: [io.appium.uiautomator2.server.test]
09-20 02:08:09.198  1324  1324 D CarrierSvcBindHelper: No carrier app for: 0
09-20 02:08:09.199  1324  1324 D CarrierSvcBindHelper: onHandleForceStop: [io.appium.uiautomator2.server]
09-20 02:08:09.199  1324  1324 D CarrierSvcBindHelper: No carrier app for: 0
09-20 02:08:09.252  1951  2603 I MediaProvider: Begin Intent { act=android.intent.action.PACKAGE_DATA_CLEARED dat=package: flg=0x5000010 cmp=com.google.android.providers.media.module/com.android.providers.media.MediaService (has extras) }
09-20 02:08:09.256  1951  2603 D MediaProvider: Deleted 0 Android/media items belonging to com.saucelabs.mydemoapp.android on /data/user/0/com.google.android.providers.media.module/databases/external.db
09-20 02:08:09.262  1951  2603 D MediaGrants: Removed 0 media_grants for 0 user for com.saucelabs.mydemoapp.android. Reason: Package orphaned
09-20 02:08:09.264  1951  2603 I MediaProvider: End Intent { act=android.intent.action.PACKAGE_DATA_CLEARED dat=package: flg=0x5000010 cmp=com.google.android.providers.media.module/com.android.providers.media.MediaService (has extras) }
09-20 02:08:09.281 11642 11642 D PersistedStoragePackageUninstalledReceiver: Received android.intent.action.PACKAGE_DATA_CLEARED for com.saucelabs.mydemoapp.android for u0
09-20 02:08:09.294 13306 13306 D AndroidRuntime: >>>>>> START com.android.internal.os.RuntimeInit uid 2000 <<<<<<
09-20 02:08:09.303 13306 13306 I AndroidRuntime: Using default boot image
09-20 02:08:09.303 13306 13306 I AndroidRuntime: Leaving lock profiling enabled
09-20 02:08:09.308 13306 13306 I app_process: Core platform API reporting enabled, enforcing=false
09-20 02:08:09.309 13306 13306 I app_process: Using CollectorTypeCC GC.
09-20 02:08:09.477 13306 13306 D nativeloader: InitDefaultPublicLibraries for_preload=1: libandroid.so:libaaudio.so:libamidi.so:libbinder_ndk.so:libc.so:libcamera2ndk.so:libdl.so:libEGL.so:libGLESv1_CM.so:libGLESv2.so:libGLESv3.so:libicu.so:libicui18n.so:libicuuc.so:libjnigraphics.so:liblog.so:libmediandk.so:libm.so:libnativehelper.so:libnativewindow.so:libOpenMAXAL.so:libOpenSLES.so:libRS.so:libstdc++.so:libsync.so:libvulkan.so:libwebviewchromium_plat_support.so:libz.so
09-20 02:08:09.491 13306 13306 D app_process: Time zone APEX ICU file found: /apex/com.android.tzdata/etc/icu/icu_tzdata.dat
09-20 02:08:09.491 13306 13306 D app_process: I18n APEX ICU file found: /apex/com.android.i18n/etc/icu/icudt72l.dat
09-20 02:08:09.498 13306 13306 W app_process: Unexpected CPU variant for x86: x86_64.
09-20 02:08:09.498 13306 13306 W app_process: Known variants: atom, sandybridge, silvermont, goldmont, goldmont-plus, tremont, kabylake, default
09-20 02:08:09.522 13306 13306 W libc    : Access denied finding property "ro.product.name_for_attestation"
09-20 02:08:09.523 13306 13306 W libc    : Access denied finding property "ro.product.brand_for_attestation"
09-20 02:08:09.523 13306 13306 W libc    : Access denied finding property "ro.product.model_for_attestation"
09-20 02:08:09.520 13306 13306 W main    : type=1400 audit(0.0:1134): avc:  denied  { read } for  name="u:object_r:build_attestation_prop:s0" dev="tmpfs" ino=85 scontext=u:r:shell:s0 tcontext=u:object_r:build_attestation_prop:s0 tclass=file permissive=0
09-20 02:08:09.525 13306 13306 D AndroidRuntime: Calling main entry com.android.commands.am.Am
09-20 02:08:09.520 13306 13306 W main    : type=1400 audit(0.0:1135): avc:  denied  { read } for  name="u:object_r:build_attestation_prop:s0" dev="tmpfs" ino=85 scontext=u:r:shell:s0 tcontext=u:object_r:build_attestation_prop:s0 tclass=file permissive=0
09-20 02:08:09.532 13306 13306 D UiAutomationConnection: Created on user UserHandle{0}
09-20 02:08:09.520 13306 13306 W main    : type=1400 audit(0.0:1136): avc:  denied  { read } for  name="u:object_r:build_attestation_prop:s0" dev="tmpfs" ino=85 scontext=u:r:shell:s0 tcontext=u:object_r:build_attestation_prop:s0 tclass=file permissive=0
09-20 02:08:09.534   599  1143 I ActivityManager: Force stopping io.appium.uiautomator2.server appid=10186 user=0: start instr
09-20 02:08:09.546   599  1143 D CompatibilityChangeReporter: Compat change id reported: 135634846; UID 10186; state: DISABLED
09-20 02:08:09.546   599  1143 D CompatibilityChangeReporter: Compat change id reported: 177438394; UID 10186; state: DISABLED
09-20 02:08:09.547   599  1143 D CompatibilityChangeReporter: Compat change id reported: 135772972; UID 10186; state: DISABLED
09-20 02:08:09.547   599  1143 D CompatibilityChangeReporter: Compat change id reported: 135754954; UID 10186; state: ENABLED
09-20 02:08:09.550   599   645 D CompatibilityChangeReporter: Compat change id reported: 143937733; UID 10186; state: ENABLED
09-20 02:08:09.558   382   382 D Zygote  : Forked child process 13328
09-20 02:08:09.561   599   708 D CompatibilityChangeReporter: Compat change id reported: 265195908; UID 10186; state: ENABLED
09-20 02:08:09.562   599   645 I ActivityManager: Start proc 13328:io.appium.uiautomator2.server/u0a186 for added application io.appium.uiautomator2.server
09-20 02:08:09.592 13328 13328 I tomator2.server: Late-enabling -Xcheck:jni
09-20 02:08:09.609 13328 13328 I tomator2.server: Using CollectorTypeCC GC.
09-20 02:08:09.610 13328 13328 W tomator2.server: Unexpected CPU variant for x86: x86_64.
09-20 02:08:09.610 13328 13328 W tomator2.server: Known variants: atom, sandybridge, silvermont, goldmont, goldmont-plus, tremont, kabylake, default
09-20 02:08:09.638   466   480 I adbd    : jdwp connection from 13328
09-20 02:08:09.652   599  1143 D CompatibilityChangeReporter: Compat change id reported: 168419799; UID 10186; state: DISABLED
09-20 02:08:09.654   599  1143 D CompatibilityChangeReporter: Compat change id reported: 273564678; UID 10186; state: DISABLED
09-20 02:08:09.663 13328 13328 I ActivityThread: Relaunch all activities: onCoreSettingsChange
09-20 02:08:09.664 13328 13328 D CompatibilityChangeReporter: Compat change id reported: 171979766; UID 10186; state: ENABLED
09-20 02:08:09.666 13328 13328 D CompatibilityChangeReporter: Compat change id reported: 242716250; UID 10186; state: ENABLED
09-20 02:08:09.673   599  1143 D CompatibilityChangeReporter: Compat change id reported: 170503758; UID 10186; state: ENABLED
09-20 02:08:09.682 13328 13328 W tomator2.server: ClassLoaderContext shared library size mismatch. Expected=2, found=0 (PCL[]{PCL[/system/framework/android.test.base.jar*836642756]#PCL[/system/framework/android.test.mock.jar*3186112116]} | PCL[])
09-20 02:08:09.684 13328 13328 W tomator2.server: ClassLoaderContext classpath size mismatch. expected=0, found=1 (PCL[] | PCL[/system/framework/android.test.runner.jar*4168958247])
09-20 02:08:09.686 13328 13328 W tomator2.server: ClassLoaderContext classpath size mismatch. expected=0, found=2 (PCL[] | PCL[/system/framework/android.test.runner.jar*4168958247:/system/framework/android.test.mock.jar*3186112116])
09-20 02:08:09.687 13328 13328 W ziparchive: Unable to open '/data/app/~~z4DWV6dWwnQDQ003e2GxYQ==/io.appium.uiautomator2.server.test-JQquQkEvUhS3n4lJj5123A==/base.dm': No such file or directory
09-20 02:08:09.688 13328 13328 W ziparchive: Unable to open '/data/app/~~z4DWV6dWwnQDQ003e2GxYQ==/io.appium.uiautomator2.server.test-JQquQkEvUhS3n4lJj5123A==/base.dm': No such file or directory
09-20 02:08:09.693 13328 13328 W ziparchive: Unable to open '/data/app/~~8Y6HMd3mGNWJi9Vt2EpjiA==/io.appium.uiautomator2.server-AdQe_AxnYKeBep_Swo0OvQ==/base.dm': No such file or directory
09-20 02:08:09.693 13328 13328 W ziparchive: Unable to open '/data/app/~~8Y6HMd3mGNWJi9Vt2EpjiA==/io.appium.uiautomator2.server-AdQe_AxnYKeBep_Swo0OvQ==/base.dm': No such file or directory
09-20 02:08:09.799 13328 13328 D nativeloader: Configuring clns-6 for other apk /system/framework/android.test.runner.jar:/system/framework/android.test.mock.jar:/system/framework/android.test.base.jar:/data/app/~~z4DWV6dWwnQDQ003e2GxYQ==/io.appium.uiautomator2.server.test-JQquQkEvUhS3n4lJj5123A==/base.apk:/data/app/~~8Y6HMd3mGNWJi9Vt2EpjiA==/io.appium.uiautomator2.server-AdQe_AxnYKeBep_Swo0OvQ==/base.apk. target_sdk_version=34, uses_libraries=, library_path=/data/app/~~z4DWV6dWwnQDQ003e2GxYQ==/io.appium.uiautomator2.server.test-JQquQkEvUhS3n4lJj5123A==/lib/x86_64:/data/app/~~8Y6HMd3mGNWJi9Vt2EpjiA==/io.appium.uiautomator2.server-AdQe_AxnYKeBep_Swo0OvQ==/lib/x86_64, permitted_path=/data:/mnt/expand:/data/user/0/io.appium.uiautomator2.server
09-20 02:08:09.810 13328 13328 V GraphicsEnvironment: Currently set values for:
09-20 02:08:09.811 13328 13328 V GraphicsEnvironment:   angle_gl_driver_selection_pkgs=[]
09-20 02:08:09.811 13328 13328 V GraphicsEnvironment:   angle_gl_driver_selection_values=[]
09-20 02:08:09.812 13328 13328 V GraphicsEnvironment: ANGLE GameManagerService for io.appium.uiautomator2.server: false
09-20 02:08:09.812 13328 13328 V GraphicsEnvironment: io.appium.uiautomator2.server is not listed in per-application setting
09-20 02:08:09.812 13328 13328 V GraphicsEnvironment: Neither updatable production driver nor prerelease driver is supported.
09-20 02:08:09.821 13328 13328 D ApplicationLoaders: Returning zygote-cached class loader: /system/framework/android.test.base.jar
09-20 02:08:09.824 13328 13328 D nativeloader: Configuring clns-7 for other apk /system/framework/android.test.mock.jar. target_sdk_version=34, uses_libraries=ALL, library_path=/data/app/~~z4DWV6dWwnQDQ003e2GxYQ==/io.appium.uiautomator2.server.test-JQquQkEvUhS3n4lJj5123A==/lib/x86_64:/data/app/~~8Y6HMd3mGNWJi9Vt2EpjiA==/io.appium.uiautomator2.server-AdQe_AxnYKeBep_Swo0OvQ==/lib/x86_64, permitted_path=/data:/mnt/expand
09-20 02:08:09.825 13328 13328 D ApplicationLoaders: Returning zygote-cached class loader: /system/framework/android.test.base.jar
09-20 02:08:09.828 13328 13328 D nativeloader: Configuring clns-8 for other apk /system/framework/android.test.runner.jar. target_sdk_version=34, uses_libraries=ALL, library_path=/data/app/~~z4DWV6dWwnQDQ003e2GxYQ==/io.appium.uiautomator2.server.test-JQquQkEvUhS3n4lJj5123A==/lib/x86_64:/data/app/~~8Y6HMd3mGNWJi9Vt2EpjiA==/io.appium.uiautomator2.server-AdQe_AxnYKeBep_Swo0OvQ==/lib/x86_64, permitted_path=/data:/mnt/expand
09-20 02:08:09.831 13328 13328 W tomator2.server: ClassLoaderContext shared library size mismatch. Expected=2, found=3 (PCL[]{PCL[/system/framework/android.test.base.jar*836642756]#PCL[/system/framework/android.test.mock.jar*3186112116]} | PCL[]{PCL[/system/framework/android.test.base.jar*836642756]#PCL[/system/framework/android.test.mock.jar*3186112116]#PCL[/system/framework/android.test.runner.jar*4168958247]{PCL[/system/framework/android.test.base.jar*836642756]#PCL[/system/framework/android.test.mock.jar*3186112116]}};PCL[/system/framework/android.test.runner.jar*4168958247:/system/framework/android.test.mock.jar*3186112116:/system/framework/android.test.base.jar*836642756:/data/app/~~z4DWV6dWwnQDQ003e2GxYQ==/io.appium.uiautomator2.server.test-JQquQkEvUhS3n4lJj5123A==/base.apk*2370577946:/data/app/~~z4DWV6dWwnQDQ003e2GxYQ==/io.appium.uiautomator2.server.test-JQquQkEvUhS3n4lJj5123A==/base.apk!classes2.dex*3874714895:/data/app/~~z4DWV6dWwnQDQ003e2GxYQ==/io.appium.uiautomator2.server.test-JQquQkEvUhS3n4lJj5123A==/base.apk!classes3.dex*3894159788:/data/app/~~z4DWV6dWwnQDQ003e2GxYQ==/io.appium.uiautomator2.server.test-JQquQkEvUhS3n4lJj5123A==/base.apk!classes4.dex*2511881386:/data/app/~~8Y6HMd3mGNWJi9Vt2EpjiA==/io.appium.uiautomator2.server-AdQe_AxnYKeBep_Swo0OvQ==/base.apk*4034737733:/data/app/~~8Y6HMd3mGNWJi9Vt2EpjiA==/io.appium.uiautomator2.server-AdQe_AxnYKeBep_Swo0OvQ==/base.apk!classes2.dex*2790048942:/data/app/~~8Y6HMd3mGNWJi9Vt2EpjiA==/io.appium.uiautomator2.server-AdQe_AxnYKeBep_Swo0OvQ==/base.apk!classes3.dex*1634705335:/data/app/~~8Y6HMd3mGNWJi9Vt2EpjiA==/io.appium.uiautomator2.server-AdQe_AxnYKeBep_Swo0OvQ==/base.apk!classes4.dex*1137090919:/data/app/~~8Y6HMd3mGNWJi9Vt2EpjiA==/io.appium.uiautomator2.server-AdQe_AxnYKeBep_Swo0OvQ==/base.apk!classes5.dex*2419862292:/data/app/~~8Y6HMd3mGNWJi9Vt2EpjiA==/io.appium.uiautomator2.server-AdQe_AxnYKeBep_Swo0OvQ==/base.apk!classes6.dex*346765984:/data/app/~~8Y6HMd3mGNWJi9Vt2EpjiA==/io.appium.uiautomator2.server-AdQe_AxnYKeBep_Swo0OvQ==/base.apk!classes7.dex*3145060491:/data/app/~~8Y6HMd3mGNWJi9Vt2EpjiA==/io.appium.uiautomator2.server-AdQe_AxnYKeBep_Swo0OvQ==/base.apk!classes8.dex*2689640940:/data/app/~~8Y6HMd3mGNWJi9Vt2EpjiA==/io.appium.uiautomator2.server-AdQe_AxnYKeBep_Swo0OvQ==/base.apk!classes9.dex*2762241898:/data/app/~~8Y6HMd3mGNWJi9Vt2EpjiA==/io.appium.uiautomator2.server-AdQe_AxnYKeBep_Swo0OvQ==/base.apk!classes10.dex*2664342482:/data/app/~~8Y6HMd3mGNWJi9Vt2EpjiA==/io.appium.uiautomator2.server-AdQe_AxnYKeBep_Swo0OvQ==/base.apk!classes11.dex*658558407:/data/app/~~8Y6HMd3mGNWJi9Vt2EpjiA==/io.appium.uiautomator2.server-AdQe_AxnYKeBep_Swo0OvQ==/base.apk!classes12.dex*1711778771:/data/app/~~8Y6HMd3mGNWJi9Vt2EpjiA==/io.appium.uiautomator2.server-AdQe_AxnYKeBep_Swo0OvQ==/base.apk!classes13.dex*2108421983:/data/app/~~8Y6HMd3mGNWJi9Vt2EpjiA==/io.appium.uiautomator2.server-AdQe_AxnYKeBep_Swo0OvQ==/base.apk!classes14.dex*2618393034:/data/app/~~8Y6HMd3mGNWJi9Vt2EpjiA==/io.appium.uiautomator2.server-AdQe_AxnYKeBep_Swo0OvQ==/base.apk!classes15.dex*3152272110:/data/app/~~8Y6HMd3mGNWJi9Vt2EpjiA==/io.appium.uiautomator2.server-AdQe_AxnYKeBep_Swo0OvQ==/base.apk!classes16.dex*898502560])
